<html>
<body>
<pre>
<h1>µVision Build Log</h1>
<h2>Project:</h2>
E:\Github\SED_20-21_JO_EVA\SED.uvproj
Project File Date:  10/16/2020

<h2>Output:</h2>
Build target 'Target 1'
assembling startup_LPC17xx.s...
compiling main.c...
main.c(12): warning:  #1-D: last line of file ends without a newline
main.c(7): warning:  #550-D: variable "i" was set but never used
linking...
.\SED.axf: Error: L6218E: Undefined symbol SystemInit (referred from startup_lpc17xx.o).
".\SED.axf" - 1 Errors, 2 Warning(s).
Target not created
Build target 'Target 1'
compiling system_LPC17xx.c...
compiling main.c...
main.c(12): warning:  #1-D: last line of file ends without a newline
main.c(7): warning:  #550-D: variable "i" was set but never used
linking...
Program Size: Code=1372 RO-data=236 RW-data=4 ZI-data=612  
".\SED.axf" - 0 Errors, 2 Warning(s).
