<html>
<body>
<pre>
<h1>µVision Build Log</h1>
<h2>Project:</h2>
E:\Github\SED_20-21_JO_EVA\SED.uvproj
Project File Date:  10/16/2020

<h2>Output:</h2>
Build target 'Target 1'
compiling main.c...
main.c(17): warning:  #1-D: last line of file ends without a newline
main.c(7): warning:  #550-D: variable "i" was set but never used
linking...
Program Size: Code=1388 RO-data=236 RW-data=4 ZI-data=612  
".\SED.axf" - 0 Errors, 2 Warning(s).
Build target 'Target 1'
compiling main.c...
main.c(16): warning:  #1-D: last line of file ends without a newline
linking...
Program Size: Code=1388 RO-data=236 RW-data=4 ZI-data=612  
".\SED.axf" - 0 Errors, 1 Warning(s).
Build target 'Target 1'
compiling main.c...
linking...
Program Size: Code=1388 RO-data=236 RW-data=4 ZI-data=612  
".\SED.axf" - 0 Errors, 0 Warning(s).
