<html>
<body>
<pre>
<h1>µVision Build Log</h1>
<h2>Project:</h2>
E:\Github\SED_20-21_JO_EVA\Proyecto\SED.uvproj
Project File Date:  01/29/2021

<h2>Output:</h2>
Build target 'Target 1'
compiling main.c...
compiling uart.c...
linking...
Program Size: Code=27260 RO-data=2836 RW-data=40 ZI-data=728  
".\objs\SED.axf" - 0 Errors, 0 Warning(s).
Load "E:\\Github\\SED_20-21_JO_EVA\\Proyecto\\objs\\SED.axf" 
Erase Done.
Programming Done.
Verify OK.
Build target 'Target 1'
compiling main.c...
compiling uart.c...
compiling keys.c...
compiling timer05.c...
linking...
Program Size: Code=27284 RO-data=2836 RW-data=40 ZI-data=728  
".\objs\SED.axf" - 0 Errors, 0 Warning(s).
Load "E:\\Github\\SED_20-21_JO_EVA\\Proyecto\\objs\\SED.axf" 
Erase Done.
Programming Done.
Verify OK.
