ARM Linker, 5.03 [Build 76] [MDK-ARM Lite]

==============================================================================

Section Cross References

    startup_lpc17xx.o(STACK) refers (Special) to heapauxi.o(.text) for __use_two_region_memory
    startup_lpc17xx.o(HEAP) refers (Special) to heapauxi.o(.text) for __use_two_region_memory
    startup_lpc17xx.o(RESET) refers (Special) to heapauxi.o(.text) for __use_two_region_memory
    startup_lpc17xx.o(RESET) refers to startup_lpc17xx.o(STACK) for __initial_sp
    startup_lpc17xx.o(RESET) refers to startup_lpc17xx.o(.text) for Reset_Handler
    startup_lpc17xx.o(RESET) refers to timer05.o(.text) for TIMER0_IRQHandler
    startup_lpc17xx.o(RESET) refers to dac.o(.text) for TIMER1_IRQHandler
    startup_lpc17xx.o(RESET) refers to uts.o(.text) for TIMER3_IRQHandler
    startup_lpc17xx.o(RESET) refers to uart.o(.text) for UART0_IRQHandler
    startup_lpc17xx.o(RESET) refers to keys.o(.text) for EINT0_IRQHandler
    startup_lpc17xx.o(.ARM.__at_0x02FC) refers (Special) to heapauxi.o(.text) for __use_two_region_memory
    startup_lpc17xx.o(.text) refers (Special) to heapauxi.o(.text) for __use_two_region_memory
    startup_lpc17xx.o(.text) refers to system_lpc17xx.o(.text) for SystemInit
    startup_lpc17xx.o(.text) refers to __main.o(!!!main) for __main
    startup_lpc17xx.o(.text) refers to startup_lpc17xx.o(HEAP) for Heap_Mem
    startup_lpc17xx.o(.text) refers to startup_lpc17xx.o(STACK) for Stack_Mem
    system_lpc17xx.o(.text) refers to lludivv7m.o(.text) for __aeabi_uldivmod
    system_lpc17xx.o(.text) refers to system_lpc17xx.o(.data) for SystemCoreClock
    main.o(.text) refers to timer05.o(.text) for config_timer05
    main.o(.text) refers to keys.o(.text) for config_keys
    main.o(.text) refers to servo.o(.text) for config_servo
    main.o(.text) refers to uts.o(.text) for config_UTS
    main.o(.text) refers to dac.o(.text) for config_DAC
    main.o(.text) refers to glcd.o(.text) for LCD_Init
    main.o(.text) refers to screen.o(.text) for update_screen
    main.o(.text) refers to main.o(.bss) for sonar
    dac.o(.text) refers to dflt_clz.o(x$fpl$dflt) for __aeabi_i2d
    dac.o(.text) refers to dmul.o(x$fpl$dmul) for __aeabi_dmul
    dac.o(.text) refers to ddiv.o(x$fpl$ddiv) for __aeabi_ddiv
    dac.o(.text) refers to sin.o(i.sin) for sin
    dac.o(.text) refers to daddsub_clz.o(x$fpl$dadd) for __aeabi_dadd
    dac.o(.text) refers to dfixu.o(x$fpl$dfixu) for __aeabi_d2uiz
    dac.o(.text) refers to main.o(.bss) for muestras
    dac.o(.text) refers to dac.o(.data) for indice_muestra
    servo.o(.text) refers to frleqf.o(x$fpl$frleqf) for __aeabi_cfrcmple
    servo.o(.text) refers to fleqf.o(x$fpl$fleqf) for __aeabi_cfcmple
    servo.o(.text) refers to f2d.o(x$fpl$f2d) for __aeabi_f2d
    servo.o(.text) refers to dmul.o(x$fpl$dmul) for __aeabi_dmul
    servo.o(.text) refers to ddiv.o(x$fpl$ddiv) for __aeabi_ddiv
    servo.o(.text) refers to daddsub_clz.o(x$fpl$dadd) for __aeabi_dadd
    servo.o(.text) refers to dfixu.o(x$fpl$dfixu) for __aeabi_d2uiz
    uart.o(.text) refers to atoi.o(.text) for atoi
    uart.o(.text) refers to uart.o(.data) for ptr_tx
    uart.o(.text) refers to uart.o(.constdata) for .constdata
    uart.o(.text) refers to uart.o(.bss) for buffer
    uart.o(.text) refers to main.o(.bss) for sonar
    uart.o(.text) refers to system_lpc17xx.o(.data) for SystemCoreClock
    uts.o(.text) refers to fflt_clz.o(x$fpl$ffltu) for __aeabi_ui2f
    uts.o(.text) refers to faddsub_clz.o(x$fpl$fsub) for __aeabi_fsub
    uts.o(.text) refers to f2d.o(x$fpl$f2d) for __aeabi_f2d
    uts.o(.text) refers to dmul.o(x$fpl$dmul) for __aeabi_dmul
    uts.o(.text) refers to d2f.o(x$fpl$d2f) for __aeabi_d2f
    uts.o(.text) refers to fleqf.o(x$fpl$fleqf) for __aeabi_cfcmple
    uts.o(.text) refers to fmul.o(x$fpl$fmul) for __aeabi_fmul
    uts.o(.text) refers to faddsub_clz.o(x$fpl$frsb) for __aeabi_frsub
    uts.o(.text) refers to ddiv.o(x$fpl$ddiv) for __aeabi_ddiv
    uts.o(.text) refers to daddsub_clz.o(x$fpl$dsub) for __aeabi_dsub
    uts.o(.text) refers to dfixu.o(x$fpl$dfixu) for __aeabi_d2uiz
    uts.o(.text) refers to uts.o(.data) for start
    uts.o(.text) refers to main.o(.bss) for sonar
    glcd.o(.text) refers to glcd.o(.data) for LCD_Code
    glcd.o(.text) refers to asciilib.o(.text) for GetASCIICode
    asciilib.o(.text) refers to rt_memcpy_v6.o(.text) for __aeabi_memcpy
    asciilib.o(.text) refers to asciilib.o(.constdata) for AsciiLib
    keys.o(.text) refers to uart.o(.text) for uart0_init
    keys.o(.text) refers to fflt_clz.o(x$fpl$fflt) for __aeabi_i2f
    keys.o(.text) refers to servo.o(.text) for set_servo
    keys.o(.text) refers to main.o(.bss) for sonar
    timer05.o(.text) refers to uts.o(.text) for UTS_trigger
    timer05.o(.text) refers to fflt_clz.o(x$fpl$fflt) for __aeabi_i2f
    timer05.o(.text) refers to servo.o(.text) for set_servo
    timer05.o(.text) refers to main.o(.bss) for sonar
[...]
    rtexit.o(.ARM.exidx) refers (Special) to rtexit2.o(.ARM.Collect$$rtexit$$00000003) for __rt_exit_ls
    rtexit.o(.ARM.exidx) refers (Special) to rtexit2.o(.ARM.Collect$$rtexit$$00000002) for __rt_exit_prels_1
    rtexit.o(.ARM.exidx) refers to rtexit.o(.ARM.Collect$$rtexit$$00000000) for .ARM.Collect$$rtexit$$00000000
    rt_raise.o(.text) refers to __raise.o(.text) for __raise
    rt_raise.o(.text) refers to sys_exit.o(.text) for _sys_exit
    defsig_exit.o(.text) refers to sys_exit.o(.text) for _sys_exit
    defsig_fpe_inner.o(.text) refers to defsig_general.o(.text) for __default_signal_display
    argv_veneer.o(.emb_text) refers to no_argv.o(.text) for __ARM_get_argv
    trapv.o(x$fpl$trapveneer) refers (Special) to usenofp.o(x$fpl$usenofp) for __I$use$fp
    sys_exit.o(.text) refers (Special) to use_no_semi.o(.text) for __I$use$semihosting
    sys_exit.o(.text) refers (Special) to indicate_semi.o(.text) for __semihosting_library_function
    rtexit2.o(.ARM.Collect$$rtexit$$00000003) refers to libshutdown.o(.ARM.Collect$$libshutdown$$00000000) for __rt_lib_shutdown
    rtexit2.o(.ARM.Collect$$rtexit$$00000004) refers to sys_exit.o(.text) for _sys_exit
    rtexit2.o(.ARM.exidx) refers to rtexit2.o(.ARM.Collect$$rtexit$$00000001) for .ARM.Collect$$rtexit$$00000001
    rtexit2.o(.ARM.exidx) refers to rtexit2.o(.ARM.Collect$$rtexit$$00000003) for .ARM.Collect$$rtexit$$00000003
    rtexit2.o(.ARM.exidx) refers to rtexit2.o(.ARM.Collect$$rtexit$$00000004) for .ARM.Collect$$rtexit$$00000004
    __raise.o(.text) refers to defsig.o(CL$$defsig) for __default_signal_handler
    defsig_general.o(.text) refers to sys_wrch.o(.text) for _ttywrch
    _get_argv_nomalloc.o(.text) refers (Special) to hrguard.o(.text) for __heap_region$guard
    _get_argv_nomalloc.o(.text) refers to defsig_rtmem_outer.o(.text) for __rt_SIGRTMEM
    _get_argv_nomalloc.o(.text) refers to sys_command.o(.text) for _sys_command_string
    sys_wrch.o(.text) refers (Special) to use_no_semi.o(.text) for __I$use$semihosting
    sys_wrch.o(.text) refers (Special) to indicate_semi.o(.text) for __semihosting_library_function
    sys_command.o(.text) refers (Special) to use_no_semi.o(.text) for __I$use$semihosting
    sys_command.o(.text) refers (Special) to indicate_semi.o(.text) for __semihosting_library_function
    defsig_rtmem_outer.o(.text) refers to defsig_rtmem_inner.o(.text) for __rt_SIGRTMEM_inner
    defsig_rtmem_outer.o(.text) refers to defsig_exit.o(.text) for __sig_exit
    defsig_rtmem_formal.o(.text) refers to rt_raise.o(.text) for __rt_raise
    defsig.o(CL$$defsig) refers to defsig_fpe_inner.o(.text) for __rt_SIGFPE_inner
    defsig.o(CL$$defsig) refers to defsig_rtmem_inner.o(.text) for __rt_SIGRTMEM_inner
    libshutdown.o(.ARM.Collect$$libshutdown$$00000000) refers (Special) to libshutdown2.o(.ARM.Collect$$libshutdown$$00000006) for __rt_lib_shutdown_fp_trap_1
    libshutdown.o(.ARM.Collect$$libshutdown$$00000000) refers (Special) to libshutdown2.o(.ARM.Collect$$libshutdown$$0000000E) for __rt_lib_shutdown_heap_1
    libshutdown.o(.ARM.Collect$$libshutdown$$00000000) refers (Special) to libshutdown2.o(.ARM.Collect$$libshutdown$$0000000F) for __rt_lib_shutdown_return
    libshutdown.o(.ARM.Collect$$libshutdown$$00000000) refers (Special) to libshutdown2.o(.ARM.Collect$$libshutdown$$00000009) for __rt_lib_shutdown_signal_1
    libshutdown.o(.ARM.Collect$$libshutdown$$00000000) refers (Special) to libshutdown2.o(.ARM.Collect$$libshutdown$$00000003) for __rt_lib_shutdown_stdio_1
    libshutdown.o(.ARM.Collect$$libshutdown$$00000000) refers (Special) to libshutdown2.o(.ARM.Collect$$libshutdown$$0000000B) for __rt_lib_shutdown_user_alloc_1
    defsig_abrt_inner.o(.text) refers to defsig_general.o(.text) for __default_signal_display
    defsig_rtred_inner.o(.text) refers to defsig_general.o(.text) for __default_signal_display
    defsig_rtmem_inner.o(.text) refers to defsig_general.o(.text) for __default_signal_display
    defsig_stak_inner.o(.text) refers to defsig_general.o(.text) for __default_signal_display
    defsig_pvfn_inner.o(.text) refers to defsig_general.o(.text) for __default_signal_display
    defsig_cppl_inner.o(.text) refers to defsig_general.o(.text) for __default_signal_display
    defsig_segv_inner.o(.text) refers to defsig_general.o(.text) for __default_signal_display
    defsig_other.o(.text) refers to defsig_general.o(.text) for __default_signal_display


==============================================================================

Removing Unused input sections from the image.

    Removing system_lpc17xx.o(.rev16_text), (4 bytes).
    Removing system_lpc17xx.o(.revsh_text), (4 bytes).
    Removing main.o(.rev16_text), (4 bytes).
    Removing main.o(.revsh_text), (4 bytes).
    Removing dac.o(.rev16_text), (4 bytes).
    Removing dac.o(.revsh_text), (4 bytes).
    Removing servo.o(.rev16_text), (4 bytes).
    Removing servo.o(.revsh_text), (4 bytes).
    Removing uart.o(.rev16_text), (4 bytes).
    Removing uart.o(.revsh_text), (4 bytes).
    Removing uts.o(.rev16_text), (4 bytes).
    Removing uts.o(.revsh_text), (4 bytes).
    Removing glcd.o(.rev16_text), (4 bytes).
    Removing glcd.o(.revsh_text), (4 bytes).
    Removing keys.o(.rev16_text), (4 bytes).
    Removing keys.o(.revsh_text), (4 bytes).
    Removing timer05.o(.rev16_text), (4 bytes).
    Removing timer05.o(.revsh_text), (4 bytes).
    Removing screen.o(.rev16_text), (4 bytes).
    Removing screen.o(.revsh_text), (4 bytes).

20 unused section(s) (total 80 bytes) removed from the image.

==============================================================================

Image Symbol Table

    Local Symbols

    Symbol Name                              Value     Ov Type        Size  Object(Section)

    RESET                                    0x00000000   Section      204  startup_lpc17xx.o(RESET)
    ../clib/angel/boardlib.s                 0x00000000   Number         0  boardshut.o ABSOLUTE
    ../clib/angel/boardlib.s                 0x00000000   Number         0  boardinit3.o ABSOLUTE
    ../clib/angel/boardlib.s                 0x00000000   Number         0  boardinit2.o ABSOLUTE
    ../clib/angel/boardlib.s                 0x00000000   Number         0  boardinit1.o ABSOLUTE
    ../clib/angel/handlers.s                 0x00000000   Number         0  __scatter_copy.o ABSOLUTE
    ../clib/angel/handlers.s                 0x00000000   Number         0  __scatter_zi.o ABSOLUTE
    ../clib/angel/kernel.s                   0x00000000   Number         0  rtentry.o ABSOLUTE
    ../clib/angel/kernel.s                   0x00000000   Number         0  rtentry4.o ABSOLUTE
    ../clib/angel/kernel.s                   0x00000000   Number         0  rtexit.o ABSOLUTE
    ../clib/angel/kernel.s                   0x00000000   Number         0  rtentry2.o ABSOLUTE
    ../clib/angel/kernel.s                   0x00000000   Number         0  rtexit2.o ABSOLUTE
    ../clib/angel/rt.s                       0x00000000   Number         0  aeabi_ldiv0.o ABSOLUTE
    ../clib/angel/rt.s                       0x00000000   Number         0  aeabi_ldiv0_sigfpe.o ABSOLUTE
    ../clib/angel/rt.s                       0x00000000   Number         0  rt_errno_addr.o ABSOLUTE
    ../clib/angel/rt.s                       0x00000000   Number         0  rt_errno_addr_intlibspace.o ABSOLUTE
    ../clib/angel/rt.s                       0x00000000   Number         0  rt_ctype_table.o ABSOLUTE
    ../clib/angel/rt.s                       0x00000000   Number         0  rt_locale_intlibspace.o ABSOLUTE
    ../clib/angel/rt.s                       0x00000000   Number         0  rt_locale.o ABSOLUTE
    ../clib/angel/rt.s                       0x00000000   Number         0  rt_raise.o ABSOLUTE
    ../clib/angel/rt.s                       0x00000000   Number         0  rt_div0.o ABSOLUTE
    ../clib/angel/scatter.s                  0x00000000   Number         0  __scatter.o ABSOLUTE
    ../clib/angel/startup.s                  0x00000000   Number         0  __main.o ABSOLUTE
    ../clib/angel/sys.s                      0x00000000   Number         0  use_no_semi.o ABSOLUTE
    ../clib/angel/sys.s                      0x00000000   Number         0  libspace.o ABSOLUTE
    ../clib/angel/sys.s                      0x00000000   Number         0  indicate_semi.o ABSOLUTE
    ../clib/angel/sys.s                      0x00000000   Number         0  sys_stackheap_outer.o ABSOLUTE
    ../clib/angel/sysapp.c                   0x00000000   Number         0  sys_exit.o ABSOLUTE
    ../clib/angel/sysapp.c                   0x00000000   Number         0  sys_wrch.o ABSOLUTE
    ../clib/angel/sysapp.c                   0x00000000   Number         0  sys_command.o ABSOLUTE
    ../clib/armsys.c                         0x00000000   Number         0  argv_veneer.o ABSOLUTE
    ../clib/armsys.c                         0x00000000   Number         0  argv_veneer.o ABSOLUTE
    ../clib/armsys.c                         0x00000000   Number         0  no_argv.o ABSOLUTE
    ../clib/armsys.c                         0x00000000   Number         0  _get_argv_nomalloc.o ABSOLUTE
    ../clib/bigflt.c                         0x00000000   Number         0  bigflt0.o ABSOLUTE
    ../clib/btod.s                           0x00000000   Number         0  btod.o ABSOLUTE
    ../clib/fenv.c                           0x00000000   Number         0  _rserrno.o ABSOLUTE
    ../clib/heapalloc.c                      0x00000000   Number         0  hrguard.o ABSOLUTE
    ../clib/heapaux.c                        0x00000000   Number         0  heapauxi.o ABSOLUTE
    ../clib/libinit.s                        0x00000000   Number         0  libshutdown.o ABSOLUTE
    ../clib/libinit.s                        0x00000000   Number         0  libinit2.o ABSOLUTE
    ../clib/libinit.s                        0x00000000   Number         0  libinit.o ABSOLUTE
    ../clib/libinit.s                        0x00000000   Number         0  libshutdown2.o ABSOLUTE
    ../clib/locale.s                         0x00000000   Number         0  lc_numeric_c.o ABSOLUTE
    ../clib/locale.s                         0x00000000   Number         0  lc_ctype_c.o ABSOLUTE
    ../clib/longlong.s                       0x00000000   Number         0  lludivv7m.o ABSOLUTE
    ../clib/longlong.s                       0x00000000   Number         0  lludiv10.o ABSOLUTE
    ../clib/memcpset.s                       0x00000000   Number         0  rt_memcpy_v6.o ABSOLUTE
    ../clib/memcpset.s                       0x00000000   Number         0  rt_memcpy_w.o ABSOLUTE
    ../clib/memcpset.s                       0x00000000   Number         0  strcmpv7m.o ABSOLUTE
    ../clib/misc.s                           0x00000000   Number         0  printf_stubs.o ABSOLUTE
    ../clib/printf.c                         0x00000000   Number         0  __printf_wp.o ABSOLUTE
    ../clib/printf.c                         0x00000000   Number         0  __printf_flags_wp.o ABSOLUTE
    ../clib/printf.c                         0x00000000   Number         0  __printf_ss_wp.o ABSOLUTE
    ../clib/printf.c                         0x00000000   Number         0  __printf_flags_ss_wp.o ABSOLUTE
    ../clib/printf.c                         0x00000000   Number         0  _printf_char_common.o ABSOLUTE
    ../clib/printf.c                         0x00000000   Number         0  _sputc.o ABSOLUTE
    ../clib/printf.c                         0x00000000   Number         0  __printf_nopercent.o ABSOLUTE
    ../clib/printf.c                         0x00000000   Number         0  _printf_fp_infnan.o ABSOLUTE
    ../clib/printf.c                         0x00000000   Number         0  _printf_fp_dec.o ABSOLUTE
    ../clib/printf.c                         0x00000000   Number         0  __2sprintf.o ABSOLUTE
    ../clib/printf.c                         0x00000000   Number         0  noretval__2sprintf.o ABSOLUTE
    ../clib/printf.c                         0x00000000   Number         0  __printf.o ABSOLUTE
    ../clib/printf.c                         0x00000000   Number         0  _printf_pad.o ABSOLUTE
    ../clib/printf.c                         0x00000000   Number         0  __printf_flags.o ABSOLUTE
    ../clib/printf.c                         0x00000000   Number         0  __printf_ss.o ABSOLUTE
    ../clib/printf.c                         0x00000000   Number         0  __printf_flags_ss.o ABSOLUTE
    ../clib/printf_percent.s                 0x00000000   Number         0  _printf_f.o ABSOLUTE
    ../clib/printf_percent.s                 0x00000000   Number         0  _printf_percent.o ABSOLUTE
    ../clib/printf_percent.s                 0x00000000   Number         0  _printf_percent_end.o ABSOLUTE
    ../clib/scanf.c                          0x00000000   Number         0  strtol.o ABSOLUTE
    ../clib/scanf.c                          0x00000000   Number         0  _chval.o ABSOLUTE
    ../clib/scanf.c                          0x00000000   Number         0  _strtoul.o ABSOLUTE
    ../clib/scanf.c                          0x00000000   Number         0  atoi.o ABSOLUTE
    ../clib/signal.c                         0x00000000   Number         0  defsig_exit.o ABSOLUTE
    ../clib/signal.c                         0x00000000   Number         0  defsig_rtmem_outer.o ABSOLUTE
    ../clib/signal.c                         0x00000000   Number         0  __raise.o ABSOLUTE
    ../clib/signal.c                         0x00000000   Number         0  defsig_general.o ABSOLUTE
    ../clib/signal.c                         0x00000000   Number         0  defsig_segv_inner.o ABSOLUTE
    ../clib/signal.c                         0x00000000   Number         0  defsig_cppl_inner.o ABSOLUTE
    ../clib/signal.c                         0x00000000   Number         0  defsig_rtmem_formal.o ABSOLUTE
    ../clib/signal.c                         0x00000000   Number         0  defsig_pvfn_inner.o ABSOLUTE
    ../clib/signal.c                         0x00000000   Number         0  defsig_stak_inner.o ABSOLUTE
    ../clib/signal.c                         0x00000000   Number         0  defsig_abrt_inner.o ABSOLUTE
    ../clib/signal.c                         0x00000000   Number         0  defsig_rtmem_inner.o ABSOLUTE
    ../clib/signal.c                         0x00000000   Number         0  defsig_fpe_outer.o ABSOLUTE
    ../clib/signal.c                         0x00000000   Number         0  defsig_fpe_formal.o ABSOLUTE
    ../clib/signal.c                         0x00000000   Number         0  defsig_fpe_inner.o ABSOLUTE
    ../clib/signal.c                         0x00000000   Number         0  defsig_other.o ABSOLUTE
    ../clib/signal.c                         0x00000000   Number         0  defsig_rtred_inner.o ABSOLUTE
    ../clib/signal.s                         0x00000000   Number         0  defsig.o ABSOLUTE
    ../clib/stdlib.c                         0x00000000   Number         0  exit.o ABSOLUTE
    ../fplib/d2f.s                           0x00000000   Number         0  d2f.o ABSOLUTE
    ../fplib/daddsub.s                       0x00000000   Number         0  daddsub_clz.o ABSOLUTE
    ../fplib/dcheck1.s                       0x00000000   Number         0  dcheck1.o ABSOLUTE
    ../fplib/ddiv.s                          0x00000000   Number         0  ddiv.o ABSOLUTE
    ../fplib/dfix.s                          0x00000000   Number         0  dfix.o ABSOLUTE
    ../fplib/dfixu.s                         0x00000000   Number         0  dfixu.o ABSOLUTE
    ../fplib/dflt.s                          0x00000000   Number         0  dflt_clz.o ABSOLUTE
    ../fplib/dmul.s                          0x00000000   Number         0  dmul.o ABSOLUTE
    ../fplib/dnaninf.s                       0x00000000   Number         0  dnaninf.o ABSOLUTE
    ../fplib/dretinf.s                       0x00000000   Number         0  dretinf.o ABSOLUTE
    ../fplib/f2d.s                           0x00000000   Number         0  f2d.o ABSOLUTE
    ../fplib/faddsub.s                       0x00000000   Number         0  faddsub_clz.o ABSOLUTE
    ../fplib/fcmpi.s                         0x00000000   Number         0  fcmpi.o ABSOLUTE
    ../fplib/fflt.s                          0x00000000   Number         0  fflt_clz.o ABSOLUTE
    ../fplib/fleqf.s                         0x00000000   Number         0  fleqf.o ABSOLUTE
    ../fplib/fmul.s                          0x00000000   Number         0  fmul.o ABSOLUTE
    ../fplib/fnaninf.s                       0x00000000   Number         0  fnaninf.o ABSOLUTE
    ../fplib/fpinit.s                        0x00000000   Number         0  fpinit.o ABSOLUTE
    ../fplib/fretinf.s                       0x00000000   Number         0  fretinf.o ABSOLUTE
    ../fplib/frleqf.s                        0x00000000   Number         0  frleqf.o ABSOLUTE
    ../fplib/istatus.s                       0x00000000   Number         0  istatus.o ABSOLUTE
    ../fplib/printf1.s                       0x00000000   Number         0  printf1.o ABSOLUTE
    ../fplib/retnan.s                        0x00000000   Number         0  retnan.o ABSOLUTE
    ../fplib/scalbn.s                        0x00000000   Number         0  scalbn.o ABSOLUTE
    ../fplib/trapv.s                         0x00000000   Number         0  trapv.o ABSOLUTE
    ../fplib/usenofp.s                       0x00000000   Number         0  usenofp.o ABSOLUTE
    ../mathlib/cos_i.c                       0x00000000   Number         0  cos_i.o ABSOLUTE
    ../mathlib/dunder.c                      0x00000000   Number         0  dunder.o ABSOLUTE
    ../mathlib/fpclassify.c                  0x00000000   Number         0  fpclassify.o ABSOLUTE
    ../mathlib/poly.c                        0x00000000   Number         0  poly.o ABSOLUTE
    ../mathlib/rred.c                        0x00000000   Number         0  rred.o ABSOLUTE
    ../mathlib/sin.c                         0x00000000   Number         0  sin.o ABSOLUTE
    ../mathlib/sin.c                         0x00000000   Number         0  sin_x.o ABSOLUTE
    ../mathlib/sin_i.c                       0x00000000   Number         0  sin_i_x.o ABSOLUTE
    ../mathlib/sin_i.c                       0x00000000   Number         0  sin_i.o ABSOLUTE
    E:\Programas\Keil\ARM\Startup\NXP\LPC17xx\system_LPC17xx.c 0x00000000   Number         0  system_lpc17xx.o ABSOLUTE
    E:\\Programas\\Keil\\ARM\\Startup\\NXP\\LPC17xx\\system_LPC17xx.c 0x00000000   Number         0  system_lpc17xx.o ABSOLUTE
    dc.s                                     0x00000000   Number         0  dc.o ABSOLUTE
    main.c                                   0x00000000   Number         0  main.o ABSOLUTE
    main.c                                   0x00000000   Number         0  main.o ABSOLUTE
    modulos\GLCD\AsciiLib.c                  0x00000000   Number         0  asciilib.o ABSOLUTE
    modulos\GLCD\GLCD.c                      0x00000000   Number         0  glcd.o ABSOLUTE
    modulos\UTS.c                            0x00000000   Number         0  uts.o ABSOLUTE
    modulos\\GLCD\\GLCD.c                    0x00000000   Number         0  glcd.o ABSOLUTE
    modulos\\UTS.c                           0x00000000   Number         0  uts.o ABSOLUTE
    modulos\\dac.c                           0x00000000   Number         0  dac.o ABSOLUTE
    modulos\\keys.c                          0x00000000   Number         0  keys.o ABSOLUTE
    modulos\\screen.c                        0x00000000   Number         0  screen.o ABSOLUTE
    modulos\\servo.c                         0x00000000   Number         0  servo.o ABSOLUTE
    modulos\\timer05.c                       0x00000000   Number         0  timer05.o ABSOLUTE
    modulos\\uart.c                          0x00000000   Number         0  uart.o ABSOLUTE
    modulos\dac.c                            0x00000000   Number         0  dac.o ABSOLUTE
    modulos\keys.c                           0x00000000   Number         0  keys.o ABSOLUTE
    modulos\screen.c                         0x00000000   Number         0  screen.o ABSOLUTE
    modulos\servo.c                          0x00000000   Number         0  servo.o ABSOLUTE
    modulos\timer05.c                        0x00000000   Number         0  timer05.o ABSOLUTE
    modulos\uart.c                           0x00000000   Number         0  uart.o ABSOLUTE
    startup_LPC17xx.s                        0x00000000   Number         0  startup_lpc17xx.o ABSOLUTE
    !!!main                                  0x000000cc   Section        8  __main.o(!!!main)
    !!!scatter                               0x000000d4   Section       52  __scatter.o(!!!scatter)
    !!handler_copy                           0x00000108   Section       26  __scatter_copy.o(!!handler_copy)
    !!handler_zi                             0x00000124   Section       28  __scatter_zi.o(!!handler_zi)
    .ARM.Collect$$_printf_percent$$00000000  0x00000140   Section        0  _printf_percent.o(.ARM.Collect$$_printf_percent$$00000000)
    .ARM.Collect$$_printf_percent$$00000003  0x00000140   Section        6  _printf_f.o(.ARM.Collect$$_printf_percent$$00000003)
    .ARM.Collect$$_printf_percent$$00000017  0x00000146   Section        4  _printf_percent_end.o(.ARM.Collect$$_printf_percent$$00000017)
    .ARM.Collect$$libinit$$00000000          0x0000014a   Section        2  libinit.o(.ARM.Collect$$libinit$$00000000)
    .ARM.Collect$$libinit$$00000002          0x0000014c   Section        0  libinit2.o(.ARM.Collect$$libinit$$00000002)
    .ARM.Collect$$libinit$$00000008          0x0000014c   Section        0  libinit2.o(.ARM.Collect$$libinit$$00000008)
    .ARM.Collect$$libinit$$0000000A          0x0000014c   Section        0  libinit2.o(.ARM.Collect$$libinit$$0000000A)
    .ARM.Collect$$libinit$$0000000C          0x0000014c   Section        0  libinit2.o(.ARM.Collect$$libinit$$0000000C)
    .ARM.Collect$$libinit$$0000000D          0x0000014c   Section        6  libinit2.o(.ARM.Collect$$libinit$$0000000D)
    .ARM.Collect$$libinit$$0000000F          0x00000152   Section        0  libinit2.o(.ARM.Collect$$libinit$$0000000F)
    .ARM.Collect$$libinit$$00000010          0x00000152   Section       12  libinit2.o(.ARM.Collect$$libinit$$00000010)
    .ARM.Collect$$libinit$$00000011          0x0000015e   Section        0  libinit2.o(.ARM.Collect$$libinit$$00000011)
    .ARM.Collect$$libinit$$00000013          0x0000015e   Section        0  libinit2.o(.ARM.Collect$$libinit$$00000013)
    .ARM.Collect$$libinit$$00000014          0x0000015e   Section       10  libinit2.o(.ARM.Collect$$libinit$$00000014)
    .ARM.Collect$$libinit$$00000015          0x00000168   Section        0  libinit2.o(.ARM.Collect$$libinit$$00000015)
    .ARM.Collect$$libinit$$00000017          0x00000168   Section        0  libinit2.o(.ARM.Collect$$libinit$$00000017)
    .ARM.Collect$$libinit$$00000019          0x00000168   Section        0  libinit2.o(.ARM.Collect$$libinit$$00000019)
    .ARM.Collect$$libinit$$0000001B          0x00000168   Section        0  libinit2.o(.ARM.Collect$$libinit$$0000001B)
    .ARM.Collect$$libinit$$0000001D          0x00000168   Section        0  libinit2.o(.ARM.Collect$$libinit$$0000001D)
    .ARM.Collect$$libinit$$0000001F          0x00000168   Section        0  libinit2.o(.ARM.Collect$$libinit$$0000001F)
    .ARM.Collect$$libinit$$00000021          0x00000168   Section        0  libinit2.o(.ARM.Collect$$libinit$$00000021)
    .ARM.Collect$$libinit$$00000023          0x00000168   Section        0  libinit2.o(.ARM.Collect$$libinit$$00000023)
    .ARM.Collect$$libinit$$0000002A          0x00000168   Section        0  libinit2.o(.ARM.Collect$$libinit$$0000002A)
    .ARM.Collect$$libinit$$0000002C          0x00000168   Section        0  libinit2.o(.ARM.Collect$$libinit$$0000002C)
    .ARM.Collect$$libinit$$0000002E          0x00000168   Section        0  libinit2.o(.ARM.Collect$$libinit$$0000002E)
    .ARM.Collect$$libinit$$00000030          0x00000168   Section        0  libinit2.o(.ARM.Collect$$libinit$$00000030)
    .ARM.Collect$$libinit$$00000031          0x00000168   Section        2  libinit2.o(.ARM.Collect$$libinit$$00000031)
    .ARM.Collect$$libshutdown$$00000000      0x0000016a   Section        2  libshutdown.o(.ARM.Collect$$libshutdown$$00000000)
    .ARM.Collect$$libshutdown$$00000003      0x0000016c   Section        0  libshutdown2.o(.ARM.Collect$$libshutdown$$00000003)
    .ARM.Collect$$libshutdown$$00000006      0x0000016c   Section        0  libshutdown2.o(.ARM.Collect$$libshutdown$$00000006)
    .ARM.Collect$$libshutdown$$00000009      0x0000016c   Section        0  libshutdown2.o(.ARM.Collect$$libshutdown$$00000009)
    .ARM.Collect$$libshutdown$$0000000B      0x0000016c   Section        0  libshutdown2.o(.ARM.Collect$$libshutdown$$0000000B)
    .ARM.Collect$$libshutdown$$0000000E      0x0000016c   Section        0  libshutdown2.o(.ARM.Collect$$libshutdown$$0000000E)
    .ARM.Collect$$libshutdown$$0000000F      0x0000016c   Section        2  libshutdown2.o(.ARM.Collect$$libshutdown$$0000000F)
    .ARM.Collect$$rtentry$$00000000          0x0000016e   Section        0  rtentry.o(.ARM.Collect$$rtentry$$00000000)
    .ARM.Collect$$rtentry$$00000002          0x0000016e   Section        0  rtentry2.o(.ARM.Collect$$rtentry$$00000002)
    .ARM.Collect$$rtentry$$00000004          0x0000016e   Section        6  rtentry4.o(.ARM.Collect$$rtentry$$00000004)
    .ARM.Collect$$rtentry$$00000009          0x00000174   Section        0  rtentry2.o(.ARM.Collect$$rtentry$$00000009)
    .ARM.Collect$$rtentry$$0000000A          0x00000174   Section        4  rtentry2.o(.ARM.Collect$$rtentry$$0000000A)
    .ARM.Collect$$rtentry$$0000000C          0x00000178   Section        0  rtentry2.o(.ARM.Collect$$rtentry$$0000000C)
    .ARM.Collect$$rtentry$$0000000D          0x00000178   Section        8  rtentry2.o(.ARM.Collect$$rtentry$$0000000D)
    .ARM.Collect$$rtexit$$00000000           0x00000180   Section        2  rtexit.o(.ARM.Collect$$rtexit$$00000000)
    .ARM.Collect$$rtexit$$00000002           0x00000182   Section        0  rtexit2.o(.ARM.Collect$$rtexit$$00000002)
    .ARM.Collect$$rtexit$$00000003           0x00000182   Section        4  rtexit2.o(.ARM.Collect$$rtexit$$00000003)
    .ARM.Collect$$rtexit$$00000004           0x00000186   Section        6  rtexit2.o(.ARM.Collect$$rtexit$$00000004)
    .text                                    0x0000018c   Section       60  startup_lpc17xx.o(.text)
    .text                                    0x000001c8   Section        0  main.o(.text)
    NVIC_SetPriority                         0x000001c9   Thumb Code    32  main.o(.text)
    .text                                    0x000002a4   Section        0  asciilib.o(.text)
    .text                                    0x000002c4   Section        0  noretval__2sprintf.o(.text)
    .text                                    0x000002ec   Section        0  heapauxi.o(.text)
    .text                                    0x000002f4   Section        8  rt_errno_addr_intlibspace.o(.text)
    .ARM.__at_0x02FC                         0x000002fc   Section        4  startup_lpc17xx.o(.ARM.__at_0x02FC)
    .text                                    0x00000300   Section        0  system_lpc17xx.o(.text)
    .text                                    0x00000618   Section        0  dac.o(.text)
    .text                                    0x00000748   Section        0  servo.o(.text)
    .text                                    0x0000080c   Section        0  uart.o(.text)
    uart0_set_baudrate                       0x00000919   Thumb Code   250  uart.o(.text)
    .text                                    0x00000ac0   Section        0  uts.o(.text)
    .text                                    0x00000cd4   Section        0  glcd.o(.text)
    LCD_Configuration                        0x00000cd5   Thumb Code    44  glcd.o(.text)
    delay_ms                                 0x00000d01   Thumb Code    30  glcd.o(.text)
    LCD_BGR2RGB                              0x00003513   Thumb Code    30  glcd.o(.text)
    .text                                    0x00003c58   Section        0  keys.o(.text)
    NVIC_EnableIRQ                           0x00003d63   Thumb Code    24  keys.o(.text)
    .text                                    0x00003d8c   Section        0  timer05.o(.text)
    .text                                    0x00003ec8   Section        0  screen.o(.text)
    .text                                    0x00003f14   Section      238  lludivv7m.o(.text)
    .text                                    0x00004002   Section        0  _printf_pad.o(.text)
    .text                                    0x00004054   Section        0  __printf_wp.o(.text)
    .text                                    0x00004162   Section        0  atoi.o(.text)
    .text                                    0x0000417c   Section      138  rt_memcpy_v6.o(.text)
    .text                                    0x00004206   Section        0  _rserrno.o(.text)
    .text                                    0x0000421c   Section        0  _printf_fp_dec.o(.text)
    _fp_digits                               0x0000421f   Thumb Code   426  _printf_fp_dec.o(.text)
    .text                                    0x0000463c   Section        0  _printf_char_common.o(.text)
    _printf_input_char                       0x0000463d   Thumb Code    10  _printf_char_common.o(.text)
    .text                                    0x0000466c   Section        0  _sputc.o(.text)
    .text                                    0x00004676   Section        0  strtol.o(.text)
    .text                                    0x000046e6   Section      100  rt_memcpy_w.o(.text)
    .text                                    0x0000474c   Section        8  libspace.o(.text)
    .text                                    0x00004754   Section       16  rt_ctype_table.o(.text)
    .text                                    0x00004764   Section        8  rt_locale_intlibspace.o(.text)
    .text                                    0x0000476c   Section      138  lludiv10.o(.text)
    .text                                    0x000047f8   Section        0  _printf_fp_infnan.o(.text)
    .text                                    0x00004878   Section        0  _strtoul.o(.text)
    .text                                    0x00004918   Section        0  bigflt0.o(.text)
    .text                                    0x000049fc   Section       74  sys_stackheap_outer.o(.text)
    .text                                    0x00004a46   Section        0  _chval.o(.text)
    .text                                    0x00004a62   Section        0  exit.o(.text)
    .text                                    0x00004a70   Section      128  strcmpv7m.o(.text)
    .text                                    0x00004af0   Section        0  sys_exit.o(.text)
    .text                                    0x00004afc   Section        2  use_no_semi.o(.text)
    .text                                    0x00004afe   Section        0  indicate_semi.o(.text)
    CL$$btod_d2e                             0x00004afe   Section       62  btod.o(CL$$btod_d2e)
    CL$$btod_d2e_denorm_low                  0x00004b3c   Section       70  btod.o(CL$$btod_d2e_denorm_low)
    CL$$btod_d2e_norm_op1                    0x00004b82   Section       96  btod.o(CL$$btod_d2e_norm_op1)
    CL$$btod_div_common                      0x00004be2   Section      824  btod.o(CL$$btod_div_common)
    CL$$btod_e2e                             0x00004f1a   Section      198  btod.o(CL$$btod_e2e)
    CL$$btod_ediv                            0x00004fe0   Section       40  btod.o(CL$$btod_ediv)
    CL$$btod_emul                            0x00005008   Section       40  btod.o(CL$$btod_emul)
    CL$$btod_mult_common                     0x00005030   Section      580  btod.o(CL$$btod_mult_common)
    i.__ARM_fpclassify                       0x00005274   Section        0  fpclassify.o(i.__ARM_fpclassify)
    i.__ieee754_rem_pio2                     0x0000529c   Section        0  rred.o(i.__ieee754_rem_pio2)
    i.__kernel_cos                           0x00005624   Section        0  cos_i.o(i.__kernel_cos)
    i.__kernel_poly                          0x00005720   Section        0  poly.o(i.__kernel_poly)
    i.__kernel_sin                           0x000057cc   Section        0  sin_i.o(i.__kernel_sin)
    i.__mathlib_dbl_underflow                0x000058b8   Section        0  dunder.o(i.__mathlib_dbl_underflow)
    i._is_digit                              0x000058c8   Section        0  __printf_wp.o(i._is_digit)
    i.sin                                    0x000058d8   Section        0  sin.o(i.sin)
    locale$$code                             0x00005988   Section       44  lc_numeric_c.o(locale$$code)
    locale$$code                             0x000059b4   Section       44  lc_ctype_c.o(locale$$code)
    x$fpl$d2f                                0x000059e0   Section       98  d2f.o(x$fpl$d2f)
    x$fpl$dadd                               0x00005a44   Section      336  daddsub_clz.o(x$fpl$dadd)
    _dadd1                                   0x00005a55   Thumb Code     0  daddsub_clz.o(x$fpl$dadd)
    x$fpl$dcheck1                            0x00005b94   Section       16  dcheck1.o(x$fpl$dcheck1)
    x$fpl$ddiv                               0x00005ba4   Section      688  ddiv.o(x$fpl$ddiv)
    ddiv_entry                               0x00005bab   Thumb Code     0  ddiv.o(x$fpl$ddiv)
    x$fpl$dfix                               0x00005e54   Section       94  dfix.o(x$fpl$dfix)
    x$fpl$dfixu                              0x00005eb4   Section       90  dfixu.o(x$fpl$dfixu)
    x$fpl$dflt                               0x00005f0e   Section       46  dflt_clz.o(x$fpl$dflt)
    x$fpl$dfltu                              0x00005f3c   Section       38  dflt_clz.o(x$fpl$dfltu)
    x$fpl$dmul                               0x00005f64   Section      340  dmul.o(x$fpl$dmul)
    x$fpl$dnaninf                            0x000060b8   Section      156  dnaninf.o(x$fpl$dnaninf)
    x$fpl$dretinf                            0x00006154   Section       12  dretinf.o(x$fpl$dretinf)
    x$fpl$drsb                               0x00006160   Section       22  daddsub_clz.o(x$fpl$drsb)
    x$fpl$dsub                               0x00006178   Section      468  daddsub_clz.o(x$fpl$dsub)
    _dsub1                                   0x00006189   Thumb Code     0  daddsub_clz.o(x$fpl$dsub)
    x$fpl$f2d                                0x0000634c   Section       86  f2d.o(x$fpl$f2d)
    x$fpl$fadd                               0x000063a4   Section      196  faddsub_clz.o(x$fpl$fadd)
    _fadd1                                   0x000063b3   Thumb Code     0  faddsub_clz.o(x$fpl$fadd)
    x$fpl$fcmpinf                            0x00006468   Section       24  fcmpi.o(x$fpl$fcmpinf)
    x$fpl$fflt                               0x00006480   Section       48  fflt_clz.o(x$fpl$fflt)
    x$fpl$ffltu                              0x000064b0   Section       38  fflt_clz.o(x$fpl$ffltu)
    x$fpl$fleqf                              0x000064d8   Section      104  fleqf.o(x$fpl$fleqf)
    x$fpl$fmul                               0x00006540   Section      258  fmul.o(x$fpl$fmul)
    x$fpl$fnaninf                            0x00006642   Section      140  fnaninf.o(x$fpl$fnaninf)
    x$fpl$fretinf                            0x000066ce   Section       10  fretinf.o(x$fpl$fretinf)
    x$fpl$frleqf                             0x000066d8   Section       98  frleqf.o(x$fpl$frleqf)
    x$fpl$frsb                               0x0000673a   Section       20  faddsub_clz.o(x$fpl$frsb)
    x$fpl$fsub                               0x00006750   Section      234  faddsub_clz.o(x$fpl$fsub)
    _fsub1                                   0x0000675f   Thumb Code     0  faddsub_clz.o(x$fpl$fsub)
    x$fpl$printf1                            0x0000683a   Section        4  printf1.o(x$fpl$printf1)
    x$fpl$retnan                             0x0000683e   Section      100  retnan.o(x$fpl$retnan)
    x$fpl$scalbn                             0x000068a2   Section       92  scalbn.o(x$fpl$scalbn)
    x$fpl$trapveneer                         0x000068fe   Section       48  trapv.o(x$fpl$trapveneer)
    x$fpl$usenofp                            0x0000692e   Section        0  usenofp.o(x$fpl$usenofp)
    .constdata                               0x00006930   Section      316  uart.o(.constdata)
    .constdata                               0x00006a6c   Section     1520  asciilib.o(.constdata)
    AsciiLib                                 0x00006a6c   Data        1520  asciilib.o(.constdata)
    .constdata                               0x00007060   Section       48  cos_i.o(.constdata)
    C                                        0x00007060   Data          48  cos_i.o(.constdata)
    .constdata                               0x00007090   Section      200  rred.o(.constdata)
    pio2s                                    0x00007090   Data          48  rred.o(.constdata)
    twooverpi                                0x000070c0   Data         152  rred.o(.constdata)
    .constdata                               0x00007158   Section       40  sin_i.o(.constdata)
    S                                        0x00007158   Data          40  sin_i.o(.constdata)
    .constdata                               0x00007180   Section      148  bigflt0.o(.constdata)
    tenpwrs_x                                0x00007180   Data          60  bigflt0.o(.constdata)
    tenpwrs_i                                0x000071bc   Data          64  bigflt0.o(.constdata)
    locale$$data                             0x00007234   Section       28  lc_numeric_c.o(locale$$data)
    __lcnum_c_name                           0x00007238   Data           2  lc_numeric_c.o(locale$$data)
    __lcnum_c_start                          0x00007240   Data           0  lc_numeric_c.o(locale$$data)
    __lcnum_c_point                          0x0000724c   Data           0  lc_numeric_c.o(locale$$data)
    __lcnum_c_thousands                      0x0000724e   Data           0  lc_numeric_c.o(locale$$data)
    __lcnum_c_grouping                       0x0000724f   Data           0  lc_numeric_c.o(locale$$data)
    locale$$data                             0x00007250   Section      272  lc_ctype_c.o(locale$$data)
    __lcnum_c_end                            0x00007250   Data           0  lc_numeric_c.o(locale$$data)
    __lcctype_c_name                         0x00007254   Data           2  lc_ctype_c.o(locale$$data)
    __lcctype_c_start                        0x0000725c   Data           0  lc_ctype_c.o(locale$$data)
    __lcctype_c_end                          0x00007360   Data           0  lc_ctype_c.o(locale$$data)
    .data                                    0x10000000   Section        4  system_lpc17xx.o(.data)
    .data                                    0x10000004   Section        1  dac.o(.data)
    indice_muestra                           0x10000004   Data           1  dac.o(.data)
    .data                                    0x10000008   Section       13  uart.o(.data)
    first_time                               0x10000008   Data           1  uart.o(.data)
    index                                    0x1000000c   Data           4  uart.o(.data)
    .data                                    0x10000018   Section        4  uts.o(.data)
    start                                    0x10000018   Data           4  uts.o(.data)
    .data                                    0x1000001c   Section        1  glcd.o(.data)
    LCD_Code                                 0x1000001c   Data           1  glcd.o(.data)
    .data                                    0x10000020   Section        8  timer05.o(.data)
    sentido                                  0x10000020   Data           1  timer05.o(.data)
    ciclo                                    0x10000024   Data           4  timer05.o(.data)
    .bss                                     0x10000028   Section       88  main.o(.bss)
    .bss                                     0x10000080   Section       30  uart.o(.bss)
    .bss                                     0x100000a0   Section       96  libspace.o(.bss)
    HEAP                                     0x10000100   Section        0  startup_lpc17xx.o(HEAP)
    STACK                                    0x10000100   Section      512  startup_lpc17xx.o(STACK)
    Heap_Mem                                 0x10000100   Data           0  startup_lpc17xx.o(HEAP)
    Stack_Mem                                0x10000100   Data         512  startup_lpc17xx.o(STACK)
    __initial_sp                             0x10000300   Data           0  startup_lpc17xx.o(STACK)

    Global Symbols

    Symbol Name                              Value     Ov Type        Size  Object(Section)

    BuildAttributes$$THM_ISAv4$P$D$K$B$S$PE$A:L22UL41UL21$X:L11$S22US41US21$IEEE1$IW$USESV6$~STKCKD$USESV7$~SHL$OTIME$ROPI$IEEEX$EBA8$UX$STANDARDLIB$REQ8$PRES8$EABIv2 0x00000000   Number         0  anon$$obj.o ABSOLUTE
    __ARM_use_no_argv                        0x00000000   Number         0  main.o ABSOLUTE
    __Vectors                                0x00000000   Data           4  startup_lpc17xx.o(RESET)
    _printf_flags                            0x00000000   Number         0  printf_stubs.o ABSOLUTE
    _printf_return_value                     0x00000000   Number         0  printf_stubs.o ABSOLUTE
    _printf_sizespec                         0x00000000   Number         0  printf_stubs.o ABSOLUTE
    _printf_widthprec                        0x00000000   Number         0  printf_stubs.o ABSOLUTE
    __ARM_exceptions_init                     - Undefined Weak Reference
    __alloca_initialize                       - Undefined Weak Reference
    __cpp_initialize__aeabi_                  - Undefined Weak Reference
    __cxa_finalize                            - Undefined Weak Reference
    __sigvec_lookup                           - Undefined Weak Reference
    _atexit_init                              - Undefined Weak Reference
    _call_atexit_fns                          - Undefined Weak Reference
    _clock_init                               - Undefined Weak Reference
    _fp_trap_init                             - Undefined Weak Reference
    _fp_trap_shutdown                         - Undefined Weak Reference
    _get_lc_collate                           - Undefined Weak Reference
    _get_lc_monetary                          - Undefined Weak Reference
    _get_lc_time                              - Undefined Weak Reference
    _getenv_init                              - Undefined Weak Reference
    _handle_redirection                       - Undefined Weak Reference
    _init_alloc                               - Undefined Weak Reference
    _init_user_alloc                          - Undefined Weak Reference
    _initio                                   - Undefined Weak Reference
    _rand_init                                - Undefined Weak Reference
    _signal_finish                            - Undefined Weak Reference
    _signal_init                              - Undefined Weak Reference
    _terminate_alloc                          - Undefined Weak Reference
    _terminate_user_alloc                     - Undefined Weak Reference
    _terminateio                              - Undefined Weak Reference
    __main                                   0x000000cd   Thumb Code     8  __main.o(!!!main)
    __scatterload                            0x000000d5   Thumb Code     0  __scatter.o(!!!scatter)
    __scatterload_rt2                        0x000000d5   Thumb Code    44  __scatter.o(!!!scatter)
    __scatterload_rt2_thumb_only             0x000000d5   Thumb Code     0  __scatter.o(!!!scatter)
    __scatterload_null                       0x000000e3   Thumb Code     0  __scatter.o(!!!scatter)
    __scatterload_copy                       0x00000109   Thumb Code    26  __scatter_copy.o(!!handler_copy)
    __scatterload_zeroinit                   0x00000125   Thumb Code    28  __scatter_zi.o(!!handler_zi)
    _printf_f                                0x00000141   Thumb Code     0  _printf_f.o(.ARM.Collect$$_printf_percent$$00000003)
    _printf_percent                          0x00000141   Thumb Code     0  _printf_percent.o(.ARM.Collect$$_printf_percent$$00000000)
    _printf_percent_end                      0x00000147   Thumb Code     0  _printf_percent_end.o(.ARM.Collect$$_printf_percent$$00000017)
    __rt_lib_init                            0x0000014b   Thumb Code     0  libinit.o(.ARM.Collect$$libinit$$00000000)
    __rt_lib_init_fp_1                       0x0000014d   Thumb Code     0  libinit2.o(.ARM.Collect$$libinit$$00000002)
    __rt_lib_init_heap_1                     0x0000014d   Thumb Code     0  libinit2.o(.ARM.Collect$$libinit$$00000008)
    __rt_lib_init_lc_common                  0x0000014d   Thumb Code     0  libinit2.o(.ARM.Collect$$libinit$$0000000D)
    __rt_lib_init_rand_1                     0x0000014d   Thumb Code     0  libinit2.o(.ARM.Collect$$libinit$$0000000C)
    __rt_lib_init_user_alloc_1               0x0000014d   Thumb Code     0  libinit2.o(.ARM.Collect$$libinit$$0000000A)
    __rt_lib_init_lc_collate_1               0x00000153   Thumb Code     0  libinit2.o(.ARM.Collect$$libinit$$0000000F)
    __rt_lib_init_lc_ctype_2                 0x00000153   Thumb Code     0  libinit2.o(.ARM.Collect$$libinit$$00000010)
    __rt_lib_init_lc_ctype_1                 0x0000015f   Thumb Code     0  libinit2.o(.ARM.Collect$$libinit$$00000011)
    __rt_lib_init_lc_monetary_1              0x0000015f   Thumb Code     0  libinit2.o(.ARM.Collect$$libinit$$00000013)
    __rt_lib_init_lc_numeric_2               0x0000015f   Thumb Code     0  libinit2.o(.ARM.Collect$$libinit$$00000014)
    __rt_lib_init_alloca_1                   0x00000169   Thumb Code     0  libinit2.o(.ARM.Collect$$libinit$$0000002C)
    __rt_lib_init_argv_1                     0x00000169   Thumb Code     0  libinit2.o(.ARM.Collect$$libinit$$0000002A)
    __rt_lib_init_atexit_1                   0x00000169   Thumb Code     0  libinit2.o(.ARM.Collect$$libinit$$00000019)
    __rt_lib_init_clock_1                    0x00000169   Thumb Code     0  libinit2.o(.ARM.Collect$$libinit$$0000001F)
    __rt_lib_init_cpp_1                      0x00000169   Thumb Code     0  libinit2.o(.ARM.Collect$$libinit$$00000030)
    __rt_lib_init_exceptions_1               0x00000169   Thumb Code     0  libinit2.o(.ARM.Collect$$libinit$$0000002E)
    __rt_lib_init_fp_trap_1                  0x00000169   Thumb Code     0  libinit2.o(.ARM.Collect$$libinit$$0000001D)
    __rt_lib_init_getenv_1                   0x00000169   Thumb Code     0  libinit2.o(.ARM.Collect$$libinit$$00000021)
    __rt_lib_init_lc_numeric_1               0x00000169   Thumb Code     0  libinit2.o(.ARM.Collect$$libinit$$00000015)
    __rt_lib_init_lc_time_1                  0x00000169   Thumb Code     0  libinit2.o(.ARM.Collect$$libinit$$00000017)
    __rt_lib_init_return                     0x00000169   Thumb Code     0  libinit2.o(.ARM.Collect$$libinit$$00000031)
    __rt_lib_init_signal_1                   0x00000169   Thumb Code     0  libinit2.o(.ARM.Collect$$libinit$$0000001B)
    __rt_lib_init_stdio_1                    0x00000169   Thumb Code     0  libinit2.o(.ARM.Collect$$libinit$$00000023)
    __rt_lib_shutdown                        0x0000016b   Thumb Code     0  libshutdown.o(.ARM.Collect$$libshutdown$$00000000)
    __rt_lib_shutdown_fp_trap_1              0x0000016d   Thumb Code     0  libshutdown2.o(.ARM.Collect$$libshutdown$$00000006)
    __rt_lib_shutdown_heap_1                 0x0000016d   Thumb Code     0  libshutdown2.o(.ARM.Collect$$libshutdown$$0000000E)
    __rt_lib_shutdown_return                 0x0000016d   Thumb Code     0  libshutdown2.o(.ARM.Collect$$libshutdown$$0000000F)
    __rt_lib_shutdown_signal_1               0x0000016d   Thumb Code     0  libshutdown2.o(.ARM.Collect$$libshutdown$$00000009)
    __rt_lib_shutdown_stdio_1                0x0000016d   Thumb Code     0  libshutdown2.o(.ARM.Collect$$libshutdown$$00000003)
    __rt_lib_shutdown_user_alloc_1           0x0000016d   Thumb Code     0  libshutdown2.o(.ARM.Collect$$libshutdown$$0000000B)
    __rt_entry                               0x0000016f   Thumb Code     0  rtentry.o(.ARM.Collect$$rtentry$$00000000)
    __rt_entry_presh_1                       0x0000016f   Thumb Code     0  rtentry2.o(.ARM.Collect$$rtentry$$00000002)
    __rt_entry_sh                            0x0000016f   Thumb Code     0  rtentry4.o(.ARM.Collect$$rtentry$$00000004)
    __rt_entry_li                            0x00000175   Thumb Code     0  rtentry2.o(.ARM.Collect$$rtentry$$0000000A)
    __rt_entry_postsh_1                      0x00000175   Thumb Code     0  rtentry2.o(.ARM.Collect$$rtentry$$00000009)
    __rt_entry_main                          0x00000179   Thumb Code     0  rtentry2.o(.ARM.Collect$$rtentry$$0000000D)
    __rt_entry_postli_1                      0x00000179   Thumb Code     0  rtentry2.o(.ARM.Collect$$rtentry$$0000000C)
    __rt_exit                                0x00000181   Thumb Code     0  rtexit.o(.ARM.Collect$$rtexit$$00000000)
    __rt_exit_ls                             0x00000183   Thumb Code     0  rtexit2.o(.ARM.Collect$$rtexit$$00000003)
    __rt_exit_prels_1                        0x00000183   Thumb Code     0  rtexit2.o(.ARM.Collect$$rtexit$$00000002)
    __rt_exit_exit                           0x00000187   Thumb Code     0  rtexit2.o(.ARM.Collect$$rtexit$$00000004)
    Reset_Handler                            0x0000018d   Thumb Code     8  startup_lpc17xx.o(.text)
    NMI_Handler                              0x00000195   Thumb Code     2  startup_lpc17xx.o(.text)
    HardFault_Handler                        0x00000197   Thumb Code     2  startup_lpc17xx.o(.text)
    MemManage_Handler                        0x00000199   Thumb Code     2  startup_lpc17xx.o(.text)
    BusFault_Handler                         0x0000019b   Thumb Code     2  startup_lpc17xx.o(.text)
    UsageFault_Handler                       0x0000019d   Thumb Code     2  startup_lpc17xx.o(.text)
    SVC_Handler                              0x0000019f   Thumb Code     2  startup_lpc17xx.o(.text)
    DebugMon_Handler                         0x000001a1   Thumb Code     2  startup_lpc17xx.o(.text)
    PendSV_Handler                           0x000001a3   Thumb Code     2  startup_lpc17xx.o(.text)
    SysTick_Handler                          0x000001a5   Thumb Code     2  startup_lpc17xx.o(.text)
    ADC_IRQHandler                           0x000001a7   Thumb Code     0  startup_lpc17xx.o(.text)
    BOD_IRQHandler                           0x000001a7   Thumb Code     0  startup_lpc17xx.o(.text)
    CANActivity_IRQHandler                   0x000001a7   Thumb Code     0  startup_lpc17xx.o(.text)
    CAN_IRQHandler                           0x000001a7   Thumb Code     0  startup_lpc17xx.o(.text)
    DMA_IRQHandler                           0x000001a7   Thumb Code     0  startup_lpc17xx.o(.text)
    EINT3_IRQHandler                         0x000001a7   Thumb Code     0  startup_lpc17xx.o(.text)
    ENET_IRQHandler                          0x000001a7   Thumb Code     0  startup_lpc17xx.o(.text)
    I2C0_IRQHandler                          0x000001a7   Thumb Code     0  startup_lpc17xx.o(.text)
    I2C1_IRQHandler                          0x000001a7   Thumb Code     0  startup_lpc17xx.o(.text)
    I2C2_IRQHandler                          0x000001a7   Thumb Code     0  startup_lpc17xx.o(.text)
    I2S_IRQHandler                           0x000001a7   Thumb Code     0  startup_lpc17xx.o(.text)
    MCPWM_IRQHandler                         0x000001a7   Thumb Code     0  startup_lpc17xx.o(.text)
    PLL0_IRQHandler                          0x000001a7   Thumb Code     0  startup_lpc17xx.o(.text)
    PLL1_IRQHandler                          0x000001a7   Thumb Code     0  startup_lpc17xx.o(.text)
    PWM1_IRQHandler                          0x000001a7   Thumb Code     0  startup_lpc17xx.o(.text)
    QEI_IRQHandler                           0x000001a7   Thumb Code     0  startup_lpc17xx.o(.text)
    RIT_IRQHandler                           0x000001a7   Thumb Code     0  startup_lpc17xx.o(.text)
    RTC_IRQHandler                           0x000001a7   Thumb Code     0  startup_lpc17xx.o(.text)
    SPI_IRQHandler                           0x000001a7   Thumb Code     0  startup_lpc17xx.o(.text)
    SSP0_IRQHandler                          0x000001a7   Thumb Code     0  startup_lpc17xx.o(.text)
    SSP1_IRQHandler                          0x000001a7   Thumb Code     0  startup_lpc17xx.o(.text)
    TIMER2_IRQHandler                        0x000001a7   Thumb Code     0  startup_lpc17xx.o(.text)
    UART1_IRQHandler                         0x000001a7   Thumb Code     0  startup_lpc17xx.o(.text)
    UART2_IRQHandler                         0x000001a7   Thumb Code     0  startup_lpc17xx.o(.text)
    UART3_IRQHandler                         0x000001a7   Thumb Code     0  startup_lpc17xx.o(.text)
    USBActivity_IRQHandler                   0x000001a7   Thumb Code     0  startup_lpc17xx.o(.text)
    USB_IRQHandler                           0x000001a7   Thumb Code     0  startup_lpc17xx.o(.text)
    WDT_IRQHandler                           0x000001a7   Thumb Code     0  startup_lpc17xx.o(.text)
    __user_initial_stackheap                 0x000001a9   Thumb Code     0  startup_lpc17xx.o(.text)
    config_priorities                        0x000001e9   Thumb Code    52  main.o(.text)
    main                                     0x0000021d   Thumb Code   112  main.o(.text)
    GetASCIICode                             0x000002a5   Thumb Code    26  asciilib.o(.text)
    __2sprintf                               0x000002c5   Thumb Code    34  noretval__2sprintf.o(.text)
    __use_two_region_memory                  0x000002ed   Thumb Code     2  heapauxi.o(.text)
    __rt_heap_escrow$2region                 0x000002ef   Thumb Code     2  heapauxi.o(.text)
    __rt_heap_expand$2region                 0x000002f1   Thumb Code     2  heapauxi.o(.text)
    __aeabi_errno_addr                       0x000002f5   Thumb Code     8  rt_errno_addr_intlibspace.o(.text)
    __errno$intlibspace                      0x000002f5   Thumb Code     0  rt_errno_addr_intlibspace.o(.text)
    __rt_errno_addr$intlibspace              0x000002f5   Thumb Code     0  rt_errno_addr_intlibspace.o(.text)
    SystemCoreClockUpdate                    0x00000301   Thumb Code   424  system_lpc17xx.o(.text)
    SystemInit                               0x000004a9   Thumb Code   290  system_lpc17xx.o(.text)
    config_DAC                               0x00000619   Thumb Code    30  dac.o(.text)
    config_timer_dac                         0x00000637   Thumb Code    64  dac.o(.text)
    generate_samples                         0x00000677   Thumb Code   110  dac.o(.text)
    TIMER1_IRQHandler                        0x000006e5   Thumb Code    52  dac.o(.text)
    config_servo                             0x00000749   Thumb Code    74  servo.o(.text)
    set_servo                                0x00000793   Thumb Code    84  servo.o(.text)
    tx_cadena_UART0                          0x0000080d   Thumb Code    32  uart.o(.text)
    analyze_msg                              0x0000082d   Thumb Code   128  uart.o(.text)
    UART0_IRQHandler                         0x000008ad   Thumb Code   108  uart.o(.text)
    uart0_init                               0x00000a13   Thumb Code   102  uart.o(.text)
    config_UTS                               0x00000ac1   Thumb Code   108  uts.o(.text)
    UTS_trigger                              0x00000b2d   Thumb Code    34  uts.o(.text)
    TIMER3_IRQHandler                        0x00000b4f   Thumb Code   318  uts.o(.text)
    LCD_Init                                 0x00000d1f   Thumb Code  9748  glcd.o(.text)
    LCD_Clear                                0x00003333   Thumb Code   480  glcd.o(.text)
    LCD_GetPoint                             0x00003531   Thumb Code   864  glcd.o(.text)
    LCD_SetPoint                             0x00003891   Thumb Code   532  glcd.o(.text)
    LCD_DrawLine                             0x00003aa5   Thumb Code   250  glcd.o(.text)
    PutChar                                  0x00003b9f   Thumb Code   100  glcd.o(.text)
    GUI_Text                                 0x00003c03   Thumb Code    80  glcd.o(.text)
    config_keys                              0x00003c59   Thumb Code    34  keys.o(.text)
    EINT0_IRQHandler                         0x00003c7b   Thumb Code    70  keys.o(.text)
    EINT1_IRQHandler                         0x00003cc1   Thumb Code    94  keys.o(.text)
    EINT2_IRQHandler                         0x00003d1f   Thumb Code    68  keys.o(.text)
    config_timer05                           0x00003d8d   Thumb Code    74  timer05.o(.text)
    TIMER0_IRQHandler                        0x00003dd7   Thumb Code   218  timer05.o(.text)
    update_screen                            0x00003ec9   Thumb Code    48  screen.o(.text)
    __aeabi_uldivmod                         0x00003f15   Thumb Code     0  lludivv7m.o(.text)
    _ll_udiv                                 0x00003f15   Thumb Code   238  lludivv7m.o(.text)
    _printf_pre_padding                      0x00004003   Thumb Code    46  _printf_pad.o(.text)
    _printf_post_padding                     0x00004031   Thumb Code    36  _printf_pad.o(.text)
    __printf                                 0x00004055   Thumb Code   270  __printf_wp.o(.text)
    atoi                                     0x00004163   Thumb Code    26  atoi.o(.text)
    __aeabi_memcpy                           0x0000417d   Thumb Code     0  rt_memcpy_v6.o(.text)
    __rt_memcpy                              0x0000417d   Thumb Code   138  rt_memcpy_v6.o(.text)
    _memcpy_lastbytes                        0x000041e3   Thumb Code     0  rt_memcpy_v6.o(.text)
    __read_errno                             0x00004207   Thumb Code    10  _rserrno.o(.text)
    __set_errno                              0x00004211   Thumb Code    12  _rserrno.o(.text)
    __lib_sel_fp_printf                      0x0000421d   Thumb Code     2  _printf_fp_dec.o(.text)
    _printf_fp_dec_real                      0x000043c9   Thumb Code   628  _printf_fp_dec.o(.text)
    _printf_char_common                      0x00004647   Thumb Code    32  _printf_char_common.o(.text)
    _sputc                                   0x0000466d   Thumb Code    10  _sputc.o(.text)
    strtol                                   0x00004677   Thumb Code   112  strtol.o(.text)
    __aeabi_memcpy4                          0x000046e7   Thumb Code     0  rt_memcpy_w.o(.text)
    __aeabi_memcpy8                          0x000046e7   Thumb Code     0  rt_memcpy_w.o(.text)
    __rt_memcpy_w                            0x000046e7   Thumb Code   100  rt_memcpy_w.o(.text)
    _memcpy_lastbytes_aligned                0x0000472f   Thumb Code     0  rt_memcpy_w.o(.text)
    __user_libspace                          0x0000474d   Thumb Code     8  libspace.o(.text)
    __user_perproc_libspace                  0x0000474d   Thumb Code     0  libspace.o(.text)
    __user_perthread_libspace                0x0000474d   Thumb Code     0  libspace.o(.text)
    __rt_ctype_table                         0x00004755   Thumb Code    16  rt_ctype_table.o(.text)
    __rt_locale                              0x00004765   Thumb Code     8  rt_locale_intlibspace.o(.text)
    _ll_udiv10                               0x0000476d   Thumb Code   138  lludiv10.o(.text)
    _printf_fp_infnan                        0x000047f9   Thumb Code   112  _printf_fp_infnan.o(.text)
    _strtoul                                 0x00004879   Thumb Code   158  _strtoul.o(.text)
    _btod_etento                             0x00004919   Thumb Code   222  bigflt0.o(.text)
    __user_setup_stackheap                   0x000049fd   Thumb Code    74  sys_stackheap_outer.o(.text)
    _chval                                   0x00004a47   Thumb Code    28  _chval.o(.text)
    exit                                     0x00004a63   Thumb Code    12  exit.o(.text)
    strcmp                                   0x00004a71   Thumb Code   128  strcmpv7m.o(.text)
    _sys_exit                                0x00004af1   Thumb Code     8  sys_exit.o(.text)
    __I$use$semihosting                      0x00004afd   Thumb Code     0  use_no_semi.o(.text)
    __use_no_semihosting_swi                 0x00004afd   Thumb Code     2  use_no_semi.o(.text)
    __semihosting_library_function           0x00004aff   Thumb Code     0  indicate_semi.o(.text)
    _btod_d2e                                0x00004aff   Thumb Code    62  btod.o(CL$$btod_d2e)
    _d2e_denorm_low                          0x00004b3d   Thumb Code    70  btod.o(CL$$btod_d2e_denorm_low)
    _d2e_norm_op1                            0x00004b83   Thumb Code    96  btod.o(CL$$btod_d2e_norm_op1)
    __btod_div_common                        0x00004be3   Thumb Code   696  btod.o(CL$$btod_div_common)
    _e2e                                     0x00004f1b   Thumb Code   198  btod.o(CL$$btod_e2e)
    _btod_ediv                               0x00004fe1   Thumb Code    40  btod.o(CL$$btod_ediv)
    _btod_emul                               0x00005009   Thumb Code    40  btod.o(CL$$btod_emul)
    __btod_mult_common                       0x00005031   Thumb Code   580  btod.o(CL$$btod_mult_common)
    __ARM_fpclassify                         0x00005275   Thumb Code    40  fpclassify.o(i.__ARM_fpclassify)
    __ieee754_rem_pio2                       0x0000529d   Thumb Code   832  rred.o(i.__ieee754_rem_pio2)
    __kernel_cos                             0x00005625   Thumb Code   230  cos_i.o(i.__kernel_cos)
    __kernel_poly                            0x00005721   Thumb Code   170  poly.o(i.__kernel_poly)
    __kernel_sin                             0x000057cd   Thumb Code   224  sin_i.o(i.__kernel_sin)
    __mathlib_dbl_underflow                  0x000058b9   Thumb Code    10  dunder.o(i.__mathlib_dbl_underflow)
    _is_digit                                0x000058c9   Thumb Code    14  __printf_wp.o(i._is_digit)
    sin                                      0x000058d9   Thumb Code   166  sin.o(i.sin)
    _get_lc_numeric                          0x00005989   Thumb Code    44  lc_numeric_c.o(locale$$code)
    _get_lc_ctype                            0x000059b5   Thumb Code    44  lc_ctype_c.o(locale$$code)
    __aeabi_d2f                              0x000059e1   Thumb Code     0  d2f.o(x$fpl$d2f)
    _d2f                                     0x000059e1   Thumb Code    98  d2f.o(x$fpl$d2f)
    __aeabi_dadd                             0x00005a45   Thumb Code     0  daddsub_clz.o(x$fpl$dadd)
    _dadd                                    0x00005a45   Thumb Code   332  daddsub_clz.o(x$fpl$dadd)
    __fpl_dcheck_NaN1                        0x00005b95   Thumb Code    10  dcheck1.o(x$fpl$dcheck1)
    __aeabi_ddiv                             0x00005ba5   Thumb Code     0  ddiv.o(x$fpl$ddiv)
    _ddiv                                    0x00005ba5   Thumb Code   552  ddiv.o(x$fpl$ddiv)
    __aeabi_d2iz                             0x00005e55   Thumb Code     0  dfix.o(x$fpl$dfix)
    _dfix                                    0x00005e55   Thumb Code    94  dfix.o(x$fpl$dfix)
    __aeabi_d2uiz                            0x00005eb5   Thumb Code     0  dfixu.o(x$fpl$dfixu)
    _dfixu                                   0x00005eb5   Thumb Code    90  dfixu.o(x$fpl$dfixu)
    __aeabi_i2d                              0x00005f0f   Thumb Code     0  dflt_clz.o(x$fpl$dflt)
    _dflt                                    0x00005f0f   Thumb Code    46  dflt_clz.o(x$fpl$dflt)
    __aeabi_ui2d                             0x00005f3d   Thumb Code     0  dflt_clz.o(x$fpl$dfltu)
    _dfltu                                   0x00005f3d   Thumb Code    38  dflt_clz.o(x$fpl$dfltu)
    __aeabi_dmul                             0x00005f65   Thumb Code     0  dmul.o(x$fpl$dmul)
    _dmul                                    0x00005f65   Thumb Code   332  dmul.o(x$fpl$dmul)
    __fpl_dnaninf                            0x000060b9   Thumb Code   156  dnaninf.o(x$fpl$dnaninf)
    __fpl_dretinf                            0x00006155   Thumb Code    12  dretinf.o(x$fpl$dretinf)
    __aeabi_drsub                            0x00006161   Thumb Code     0  daddsub_clz.o(x$fpl$drsb)
    _drsb                                    0x00006161   Thumb Code    22  daddsub_clz.o(x$fpl$drsb)
    __aeabi_dsub                             0x00006179   Thumb Code     0  daddsub_clz.o(x$fpl$dsub)
    _dsub                                    0x00006179   Thumb Code   464  daddsub_clz.o(x$fpl$dsub)
    __aeabi_f2d                              0x0000634d   Thumb Code     0  f2d.o(x$fpl$f2d)
    _f2d                                     0x0000634d   Thumb Code    86  f2d.o(x$fpl$f2d)
    __aeabi_fadd                             0x000063a5   Thumb Code     0  faddsub_clz.o(x$fpl$fadd)
    _fadd                                    0x000063a5   Thumb Code   196  faddsub_clz.o(x$fpl$fadd)
    __fpl_fcmp_Inf                           0x00006469   Thumb Code    24  fcmpi.o(x$fpl$fcmpinf)
    __aeabi_i2f                              0x00006481   Thumb Code     0  fflt_clz.o(x$fpl$fflt)
    _fflt                                    0x00006481   Thumb Code    48  fflt_clz.o(x$fpl$fflt)
    __aeabi_ui2f                             0x000064b1   Thumb Code     0  fflt_clz.o(x$fpl$ffltu)
    _ffltu                                   0x000064b1   Thumb Code    38  fflt_clz.o(x$fpl$ffltu)
    __aeabi_cfcmple                          0x000064d9   Thumb Code     0  fleqf.o(x$fpl$fleqf)
    _fcmple                                  0x000064d9   Thumb Code   104  fleqf.o(x$fpl$fleqf)
    __fpl_fcmple_InfNaN                      0x0000652b   Thumb Code     0  fleqf.o(x$fpl$fleqf)
    __aeabi_fmul                             0x00006541   Thumb Code     0  fmul.o(x$fpl$fmul)
    _fmul                                    0x00006541   Thumb Code   258  fmul.o(x$fpl$fmul)
    __fpl_fnaninf                            0x00006643   Thumb Code   140  fnaninf.o(x$fpl$fnaninf)
    __fpl_fretinf                            0x000066cf   Thumb Code    10  fretinf.o(x$fpl$fretinf)
    __aeabi_cfrcmple                         0x000066d9   Thumb Code     0  frleqf.o(x$fpl$frleqf)
    _frcmple                                 0x000066d9   Thumb Code    98  frleqf.o(x$fpl$frleqf)
    __aeabi_frsub                            0x0000673b   Thumb Code     0  faddsub_clz.o(x$fpl$frsb)
    _frsb                                    0x0000673b   Thumb Code    20  faddsub_clz.o(x$fpl$frsb)
    __aeabi_fsub                             0x00006751   Thumb Code     0  faddsub_clz.o(x$fpl$fsub)
    _fsub                                    0x00006751   Thumb Code   234  faddsub_clz.o(x$fpl$fsub)
    _printf_fp_dec                           0x0000683b   Thumb Code     4  printf1.o(x$fpl$printf1)
    __fpl_return_NaN                         0x0000683f   Thumb Code   100  retnan.o(x$fpl$retnan)
    __ARM_scalbn                             0x000068a3   Thumb Code    92  scalbn.o(x$fpl$scalbn)
    __fpl_cmpreturn                          0x000068ff   Thumb Code    48  trapv.o(x$fpl$trapveneer)
    __I$use$fp                               0x0000692e   Number         0  usenofp.o(x$fpl$usenofp)
    Region$$Table$$Base                      0x00007214   Number         0  anon$$obj.o(Region$$Table)
    Region$$Table$$Limit                     0x00007234   Number         0  anon$$obj.o(Region$$Table)
    __ctype                                  0x0000725d   Data           0  lc_ctype_c.o(locale$$data)
    SystemCoreClock                          0x10000000   Data           4  system_lpc17xx.o(.data)
    ptr_tx                                   0x10000010   Data           4  uart.o(.data)
    tx_completa                              0x10000014   Data           1  uart.o(.data)
    sonar                                    0x10000028   Data          24  main.o(.bss)
    muestras                                 0x10000040   Data          64  main.o(.bss)
    buffer                                   0x10000080   Data          30  uart.o(.bss)
    __libspace_start                         0x100000a0   Data          96  libspace.o(.bss)
    __temporary_stack_top$libspace           0x10000100   Data           0  libspace.o(.bss)



==============================================================================

Memory Map of the image

  Image Entry point : 0x0000018d

  Load Region LR_1 (Base: 0x00000000, Size: 0x00007388, Max: 0xffffffff, ABSOLUTE)

    Execution Region ER_RO (Base: 0x00000000, Size: 0x00007360, Max: 0xffffffff, ABSOLUTE)

    Base Addr    Size         Type   Attr      Idx    E Section Name        Object

    0x00000000   0x000000cc   Data   RO            3    RESET               startup_lpc17xx.o
    0x000000cc   0x00000008   Code   RO          400  * !!!main             c_w.l(__main.o)
    0x000000d4   0x00000034   Code   RO          731    !!!scatter          c_w.l(__scatter.o)
    0x00000108   0x0000001a   Code   RO          733    !!handler_copy      c_w.l(__scatter_copy.o)
    0x00000122   0x00000002   PAD
    0x00000124   0x0000001c   Code   RO          735    !!handler_zi        c_w.l(__scatter_zi.o)
    0x00000140   0x00000000   Code   RO          393    .ARM.Collect$$_printf_percent$$00000000  c_w.l(_printf_percent.o)
    0x00000140   0x00000006   Code   RO          392    .ARM.Collect$$_printf_percent$$00000003  c_w.l(_printf_f.o)
    0x00000146   0x00000004   Code   RO          474    .ARM.Collect$$_printf_percent$$00000017  c_w.l(_printf_percent_end.o)
    0x0000014a   0x00000002   Code   RO          603    .ARM.Collect$$libinit$$00000000  c_w.l(libinit.o)
    0x0000014c   0x00000000   Code   RO          605    .ARM.Collect$$libinit$$00000002  c_w.l(libinit2.o)
    0x0000014c   0x00000000   Code   RO          608    .ARM.Collect$$libinit$$00000008  c_w.l(libinit2.o)
    0x0000014c   0x00000000   Code   RO          610    .ARM.Collect$$libinit$$0000000A  c_w.l(libinit2.o)
    0x0000014c   0x00000000   Code   RO          612    .ARM.Collect$$libinit$$0000000C  c_w.l(libinit2.o)
    0x0000014c   0x00000006   Code   RO          613    .ARM.Collect$$libinit$$0000000D  c_w.l(libinit2.o)
    0x00000152   0x00000000   Code   RO          615    .ARM.Collect$$libinit$$0000000F  c_w.l(libinit2.o)
    0x00000152   0x0000000c   Code   RO          616    .ARM.Collect$$libinit$$00000010  c_w.l(libinit2.o)
    0x0000015e   0x00000000   Code   RO          617    .ARM.Collect$$libinit$$00000011  c_w.l(libinit2.o)
    0x0000015e   0x00000000   Code   RO          619    .ARM.Collect$$libinit$$00000013  c_w.l(libinit2.o)
    0x0000015e   0x0000000a   Code   RO          620    .ARM.Collect$$libinit$$00000014  c_w.l(libinit2.o)
    0x00000168   0x00000000   Code   RO          621    .ARM.Collect$$libinit$$00000015  c_w.l(libinit2.o)
    0x00000168   0x00000000   Code   RO          623    .ARM.Collect$$libinit$$00000017  c_w.l(libinit2.o)
    0x00000168   0x00000000   Code   RO          625    .ARM.Collect$$libinit$$00000019  c_w.l(libinit2.o)
    0x00000168   0x00000000   Code   RO          627    .ARM.Collect$$libinit$$0000001B  c_w.l(libinit2.o)
    0x00000168   0x00000000   Code   RO          629    .ARM.Collect$$libinit$$0000001D  c_w.l(libinit2.o)
    0x00000168   0x00000000   Code   RO          631    .ARM.Collect$$libinit$$0000001F  c_w.l(libinit2.o)
    0x00000168   0x00000000   Code   RO          633    .ARM.Collect$$libinit$$00000021  c_w.l(libinit2.o)
    0x00000168   0x00000000   Code   RO          635    .ARM.Collect$$libinit$$00000023  c_w.l(libinit2.o)
    0x00000168   0x00000000   Code   RO          639    .ARM.Collect$$libinit$$0000002A  c_w.l(libinit2.o)
    0x00000168   0x00000000   Code   RO          641    .ARM.Collect$$libinit$$0000002C  c_w.l(libinit2.o)
    0x00000168   0x00000000   Code   RO          643    .ARM.Collect$$libinit$$0000002E  c_w.l(libinit2.o)
    0x00000168   0x00000000   Code   RO          645    .ARM.Collect$$libinit$$00000030  c_w.l(libinit2.o)
    0x00000168   0x00000002   Code   RO          646    .ARM.Collect$$libinit$$00000031  c_w.l(libinit2.o)
    0x0000016a   0x00000002   Code   RO          697    .ARM.Collect$$libshutdown$$00000000  c_w.l(libshutdown.o)
    0x0000016c   0x00000000   Code   RO          716    .ARM.Collect$$libshutdown$$00000003  c_w.l(libshutdown2.o)
    0x0000016c   0x00000000   Code   RO          719    .ARM.Collect$$libshutdown$$00000006  c_w.l(libshutdown2.o)
    0x0000016c   0x00000000   Code   RO          722    .ARM.Collect$$libshutdown$$00000009  c_w.l(libshutdown2.o)
    0x0000016c   0x00000000   Code   RO          724    .ARM.Collect$$libshutdown$$0000000B  c_w.l(libshutdown2.o)
    0x0000016c   0x00000000   Code   RO          727    .ARM.Collect$$libshutdown$$0000000E  c_w.l(libshutdown2.o)
    0x0000016c   0x00000002   Code   RO          728    .ARM.Collect$$libshutdown$$0000000F  c_w.l(libshutdown2.o)
    0x0000016e   0x00000000   Code   RO          456    .ARM.Collect$$rtentry$$00000000  c_w.l(rtentry.o)
    0x0000016e   0x00000000   Code   RO          510    .ARM.Collect$$rtentry$$00000002  c_w.l(rtentry2.o)
    0x0000016e   0x00000006   Code   RO          522    .ARM.Collect$$rtentry$$00000004  c_w.l(rtentry4.o)
    0x00000174   0x00000000   Code   RO          512    .ARM.Collect$$rtentry$$00000009  c_w.l(rtentry2.o)
    0x00000174   0x00000004   Code   RO          513    .ARM.Collect$$rtentry$$0000000A  c_w.l(rtentry2.o)
    0x00000178   0x00000000   Code   RO          515    .ARM.Collect$$rtentry$$0000000C  c_w.l(rtentry2.o)
    0x00000178   0x00000008   Code   RO          516    .ARM.Collect$$rtentry$$0000000D  c_w.l(rtentry2.o)
    0x00000180   0x00000002   Code   RO          649    .ARM.Collect$$rtexit$$00000000  c_w.l(rtexit.o)
    0x00000182   0x00000000   Code   RO          666    .ARM.Collect$$rtexit$$00000002  c_w.l(rtexit2.o)
    0x00000182   0x00000004   Code   RO          667    .ARM.Collect$$rtexit$$00000003  c_w.l(rtexit2.o)
    0x00000186   0x00000006   Code   RO          668    .ARM.Collect$$rtexit$$00000004  c_w.l(rtexit2.o)
    0x0000018c   0x0000003c   Code   RO            5  * .text               startup_lpc17xx.o
    0x000001c8   0x000000dc   Code   RO           58    .text               main.o
    0x000002a4   0x00000020   Code   RO          273    .text               asciilib.o
    0x000002c4   0x00000028   Code   RO          366    .text               c_w.l(noretval__2sprintf.o)
    0x000002ec   0x00000006   Code   RO          398    .text               c_w.l(heapauxi.o)
    0x000002f2   0x00000002   PAD
    0x000002f4   0x00000008   Code   RO          464    .text               c_w.l(rt_errno_addr_intlibspace.o)
    0x000002fc   0x00000004   Code   RO            4    .ARM.__at_0x02FC    startup_lpc17xx.o
    0x00000300   0x00000318   Code   RO           15    .text               system_lpc17xx.o
    0x00000618   0x00000130   Code   RO          125    .text               dac.o
    0x00000748   0x000000c4   Code   RO          154    .text               servo.o
    0x0000080c   0x000002b4   Code   RO          181    .text               uart.o
    0x00000ac0   0x00000214   Code   RO          217    .text               uts.o
    0x00000cd4   0x00002f84   Code   RO          244    .text               glcd.o
    0x00003c58   0x00000134   Code   RO          289    .text               keys.o
    0x00003d8c   0x0000013c   Code   RO          312    .text               timer05.o
    0x00003ec8   0x0000004c   Code   RO          339    .text               screen.o
    0x00003f14   0x000000ee   Code   RO          362    .text               c_w.l(lludivv7m.o)
    0x00004002   0x00000052   Code   RO          370    .text               c_w.l(_printf_pad.o)
    0x00004054   0x0000010e   Code   RO          380    .text               c_w.l(__printf_wp.o)
    0x00004162   0x0000001a   Code   RO          394    .text               c_w.l(atoi.o)
    0x0000417c   0x0000008a   Code   RO          396    .text               c_w.l(rt_memcpy_v6.o)
    0x00004206   0x00000016   Code   RO          466    .text               c_w.l(_rserrno.o)
    0x0000421c   0x00000420   Code   RO          468    .text               c_w.l(_printf_fp_dec.o)
    0x0000463c   0x00000030   Code   RO          470    .text               c_w.l(_printf_char_common.o)
    0x0000466c   0x0000000a   Code   RO          472    .text               c_w.l(_sputc.o)
    0x00004676   0x00000070   Code   RO          475    .text               c_w.l(strtol.o)
    0x000046e6   0x00000064   Code   RO          477    .text               c_w.l(rt_memcpy_w.o)
    0x0000474a   0x00000002   PAD
    0x0000474c   0x00000008   Code   RO          506    .text               c_w.l(libspace.o)
    0x00004754   0x00000010   Code   RO          524    .text               c_w.l(rt_ctype_table.o)
    0x00004764   0x00000008   Code   RO          531    .text               c_w.l(rt_locale_intlibspace.o)
    0x0000476c   0x0000008a   Code   RO          533    .text               c_w.l(lludiv10.o)
    0x000047f6   0x00000002   PAD
    0x000047f8   0x00000080   Code   RO          535    .text               c_w.l(_printf_fp_infnan.o)
    0x00004878   0x0000009e   Code   RO          539    .text               c_w.l(_strtoul.o)
    0x00004916   0x00000002   PAD
    0x00004918   0x000000e4   Code   RO          541    .text               c_w.l(bigflt0.o)
    0x000049fc   0x0000004a   Code   RO          583    .text               c_w.l(sys_stackheap_outer.o)
    0x00004a46   0x0000001c   Code   RO          585    .text               c_w.l(_chval.o)
    0x00004a62   0x0000000c   Code   RO          590    .text               c_w.l(exit.o)
    0x00004a6e   0x00000002   PAD
    0x00004a70   0x00000080   Code   RO          596    .text               c_w.l(strcmpv7m.o)
    0x00004af0   0x0000000c   Code   RO          663    .text               c_w.l(sys_exit.o)
    0x00004afc   0x00000002   Code   RO          684    .text               c_w.l(use_no_semi.o)
    0x00004afe   0x00000000   Code   RO          686    .text               c_w.l(indicate_semi.o)
    0x00004afe   0x0000003e   Code   RO          544    CL$$btod_d2e        c_w.l(btod.o)
    0x00004b3c   0x00000046   Code   RO          546    CL$$btod_d2e_denorm_low  c_w.l(btod.o)
    0x00004b82   0x00000060   Code   RO          545    CL$$btod_d2e_norm_op1  c_w.l(btod.o)
    0x00004be2   0x00000338   Code   RO          554    CL$$btod_div_common  c_w.l(btod.o)
    0x00004f1a   0x000000c6   Code   RO          551    CL$$btod_e2e        c_w.l(btod.o)
    0x00004fe0   0x00000028   Code   RO          548    CL$$btod_ediv       c_w.l(btod.o)
    0x00005008   0x00000028   Code   RO          547    CL$$btod_emul       c_w.l(btod.o)
    0x00005030   0x00000244   Code   RO          553    CL$$btod_mult_common  c_w.l(btod.o)
    0x00005274   0x00000028   Code   RO          579    i.__ARM_fpclassify  m_ws.l(fpclassify.o)
    0x0000529c   0x00000388   Code   RO          495    i.__ieee754_rem_pio2  m_ws.l(rred.o)
    0x00005624   0x000000fc   Code   RO          492    i.__kernel_cos      m_ws.l(cos_i.o)
    0x00005720   0x000000aa   Code   RO          581    i.__kernel_poly     m_ws.l(poly.o)
    0x000057ca   0x00000002   PAD
    0x000057cc   0x000000ec   Code   RO          500    i.__kernel_sin      m_ws.l(sin_i.o)
    0x000058b8   0x00000010   Code   RO          577    i.__mathlib_dbl_underflow  m_ws.l(dunder.o)
    0x000058c8   0x0000000e   Code   RO          382    i._is_digit         c_w.l(__printf_wp.o)
    0x000058d6   0x00000002   PAD
    0x000058d8   0x000000b0   Code   RO          449    i.sin               m_ws.l(sin.o)
    0x00005988   0x0000002c   Code   RO          567    locale$$code        c_w.l(lc_numeric_c.o)
    0x000059b4   0x0000002c   Code   RO          588    locale$$code        c_w.l(lc_ctype_c.o)
    0x000059e0   0x00000062   Code   RO          402    x$fpl$d2f           fz_ws.l(d2f.o)
    0x00005a42   0x00000002   PAD
    0x00005a44   0x00000150   Code   RO          404    x$fpl$dadd          fz_ws.l(daddsub_clz.o)
    0x00005b94   0x00000010   Code   RO          569    x$fpl$dcheck1       fz_ws.l(dcheck1.o)
    0x00005ba4   0x000002b0   Code   RO          411    x$fpl$ddiv          fz_ws.l(ddiv.o)
    0x00005e54   0x0000005e   Code   RO          571    x$fpl$dfix          fz_ws.l(dfix.o)
    0x00005eb2   0x00000002   PAD
    0x00005eb4   0x0000005a   Code   RO          414    x$fpl$dfixu         fz_ws.l(dfixu.o)
    0x00005f0e   0x0000002e   Code   RO          419    x$fpl$dflt          fz_ws.l(dflt_clz.o)
    0x00005f3c   0x00000026   Code   RO          418    x$fpl$dfltu         fz_ws.l(dflt_clz.o)
    0x00005f62   0x00000002   PAD
    0x00005f64   0x00000154   Code   RO          424    x$fpl$dmul          fz_ws.l(dmul.o)
    0x000060b8   0x0000009c   Code   RO          479    x$fpl$dnaninf       fz_ws.l(dnaninf.o)
    0x00006154   0x0000000c   Code   RO          481    x$fpl$dretinf       fz_ws.l(dretinf.o)
    0x00006160   0x00000016   Code   RO          405    x$fpl$drsb          fz_ws.l(daddsub_clz.o)
    0x00006176   0x00000002   PAD
    0x00006178   0x000001d4   Code   RO          406    x$fpl$dsub          fz_ws.l(daddsub_clz.o)
    0x0000634c   0x00000056   Code   RO          426    x$fpl$f2d           fz_ws.l(f2d.o)
    0x000063a2   0x00000002   PAD
    0x000063a4   0x000000c4   Code   RO          428    x$fpl$fadd          fz_ws.l(faddsub_clz.o)
    0x00006468   0x00000018   Code   RO          483    x$fpl$fcmpinf       fz_ws.l(fcmpi.o)
    0x00006480   0x00000030   Code   RO          435    x$fpl$fflt          fz_ws.l(fflt_clz.o)
    0x000064b0   0x00000026   Code   RO          434    x$fpl$ffltu         fz_ws.l(fflt_clz.o)
    0x000064d6   0x00000002   PAD
    0x000064d8   0x00000068   Code   RO          440    x$fpl$fleqf         fz_ws.l(fleqf.o)
    0x00006540   0x00000102   Code   RO          442    x$fpl$fmul          fz_ws.l(fmul.o)
    0x00006642   0x0000008c   Code   RO          485    x$fpl$fnaninf       fz_ws.l(fnaninf.o)
    0x000066ce   0x0000000a   Code   RO          487    x$fpl$fretinf       fz_ws.l(fretinf.o)
    0x000066d8   0x00000062   Code   RO          444    x$fpl$frleqf        fz_ws.l(frleqf.o)
    0x0000673a   0x00000014   Code   RO          429    x$fpl$frsb          fz_ws.l(faddsub_clz.o)
    0x0000674e   0x00000002   PAD
    0x00006750   0x000000ea   Code   RO          430    x$fpl$fsub          fz_ws.l(faddsub_clz.o)
    0x0000683a   0x00000004   Code   RO          446    x$fpl$printf1       fz_ws.l(printf1.o)
    0x0000683e   0x00000064   Code   RO          647    x$fpl$retnan        fz_ws.l(retnan.o)
    0x000068a2   0x0000005c   Code   RO          489    x$fpl$scalbn        fz_ws.l(scalbn.o)
    0x000068fe   0x00000030   Code   RO          661    x$fpl$trapveneer    fz_ws.l(trapv.o)
    0x0000692e   0x00000000   Code   RO          491    x$fpl$usenofp       fz_ws.l(usenofp.o)
    0x0000692e   0x00000002   PAD
    0x00006930   0x0000013c   Data   RO          183    .constdata          uart.o
    0x00006a6c   0x000005f0   Data   RO          274    .constdata          asciilib.o
    0x0000705c   0x00000004   PAD
    0x00007060   0x00000030   Data   RO          493    .constdata          m_ws.l(cos_i.o)
    0x00007090   0x000000c8   Data   RO          497    .constdata          m_ws.l(rred.o)
    0x00007158   0x00000028   Data   RO          501    .constdata          m_ws.l(sin_i.o)
    0x00007180   0x00000094   Data   RO          542    .constdata          c_w.l(bigflt0.o)
    0x00007214   0x00000020   Data   RO          729    Region$$Table       anon$$obj.o
    0x00007234   0x0000001c   Data   RO          566    locale$$data        c_w.l(lc_numeric_c.o)
    0x00007250   0x00000110   Data   RO          587    locale$$data        c_w.l(lc_ctype_c.o)


    Execution Region ER_RW (Base: 0x10000000, Size: 0x00000028, Max: 0xffffffff, ABSOLUTE)

    Base Addr    Size         Type   Attr      Idx    E Section Name        Object

    0x10000000   0x00000004   Data   RW           16    .data               system_lpc17xx.o
    0x10000004   0x00000001   Data   RW          126    .data               dac.o
    0x10000005   0x00000003   PAD
    0x10000008   0x0000000d   Data   RW          184    .data               uart.o
    0x10000015   0x00000003   PAD
    0x10000018   0x00000004   Data   RW          218    .data               uts.o
    0x1000001c   0x00000001   Data   RW          245    .data               glcd.o
    0x1000001d   0x00000003   PAD
    0x10000020   0x00000008   Data   RW          313    .data               timer05.o


    Execution Region ER_ZI (Base: 0x10000028, Size: 0x000002d8, Max: 0xffffffff, ABSOLUTE)

    Base Addr    Size         Type   Attr      Idx    E Section Name        Object

    0x10000028   0x00000058   Zero   RW           59    .bss                main.o
    0x10000080   0x0000001e   Zero   RW          182    .bss                uart.o
    0x1000009e   0x00000002   PAD
    0x100000a0   0x00000060   Zero   RW          507    .bss                c_w.l(libspace.o)
    0x10000100   0x00000000   Zero   RW            2    HEAP                startup_lpc17xx.o
    0x10000100   0x00000200   Zero   RW            1    STACK               startup_lpc17xx.o


==============================================================================

Image component sizes


      Code (inc. data)   RO Data    RW Data    ZI Data      Debug   Object Name

        32          6       1520          0          0        883   asciilib.o
       304         48          0          1          0      24720   dac.o
     12164         62          0          1          0      34109   glcd.o
       308         18          0          0          0       1037   keys.o
       220         24          0          0         88      18586   main.o
        76         28          0          0          0        696   screen.o
       196         38          0          0          0        613   servo.o
        64         26        204          0        512        880   startup_lpc17xx.o
       792         78          0          4          0      21877   system_lpc17xx.o
       316         24          0          8          0        767   timer05.o
       692         72        316         13         30      26641   uart.o
       532         72          0          4          0        903   uts.o

    ----------------------------------------------------------------------
     15696        496       2076         40        632     131712   Object Totals
         0          0         32          0          0          0   (incl. Generated)
         0          0          4          9          2          0   (incl. Padding)

    ----------------------------------------------------------------------

      Code (inc. data)   RO Data    RW Data    ZI Data      Debug   Library Member Name

         8          0          0          0          0         68   __main.o
       284          0          0          0          0        156   __printf_wp.o
        52          8          0          0          0          0   __scatter.o
        26          0          0          0          0          0   __scatter_copy.o
        28          0          0          0          0          0   __scatter_zi.o
        28          0          0          0          0         68   _chval.o
        48          6          0          0          0         96   _printf_char_common.o
         6          0          0          0          0          0   _printf_f.o
      1056          0          0          0          0        216   _printf_fp_dec.o
       128         16          0          0          0         84   _printf_fp_infnan.o
        82          0          0          0          0        108   _printf_pad.o
         0          0          0          0          0          0   _printf_percent.o
         4          0          0          0          0          0   _printf_percent_end.o
        22          0          0          0          0        100   _rserrno.o
        10          0          0          0          0         68   _sputc.o
       158          0          0          0          0         92   _strtoul.o
        26          0          0          0          0         80   atoi.o
       228          6        148          0          0         96   bigflt0.o
      1910        128          0          0          0        672   btod.o
        12          0          0          0          0         72   exit.o
         6          0          0          0          0        152   heapauxi.o
         0          0          0          0          0          0   indicate_semi.o
        44         10        272          0          0         76   lc_ctype_c.o
        44         10         28          0          0         76   lc_numeric_c.o
         2          0          0          0          0          0   libinit.o
        30          0          0          0          0          0   libinit2.o
         2          0          0          0          0          0   libshutdown.o
         2          0          0          0          0          0   libshutdown2.o
         8          4          0          0         96         68   libspace.o
       138          0          0          0          0         80   lludiv10.o
       238          0          0          0          0        100   lludivv7m.o
        40          6          0          0          0         84   noretval__2sprintf.o
        16          4          0          0          0         76   rt_ctype_table.o
         8          4          0          0          0         68   rt_errno_addr_intlibspace.o
         8          4          0          0          0         68   rt_locale_intlibspace.o
       138          0          0          0          0         68   rt_memcpy_v6.o
       100          0          0          0          0         80   rt_memcpy_w.o
         0          0          0          0          0          0   rtentry.o
        12          0          0          0          0          0   rtentry2.o
         6          0          0          0          0          0   rtentry4.o
         2          0          0          0          0          0   rtexit.o
        10          0          0          0          0          0   rtexit2.o
       128          0          0          0          0         68   strcmpv7m.o
       112          0          0          0          0         88   strtol.o
        12          4          0          0          0         68   sys_exit.o
        74          0          0          0          0         80   sys_stackheap_outer.o
         2          0          0          0          0         68   use_no_semi.o
        98          4          0          0          0         92   d2f.o
       826         16          0          0          0        348   daddsub_clz.o
        16          4          0          0          0         68   dcheck1.o
       688        140          0          0          0        208   ddiv.o
        94          4          0          0          0         92   dfix.o
        90          4          0          0          0         92   dfixu.o
        84          0          0          0          0        136   dflt_clz.o
       340         12          0          0          0        104   dmul.o
       156          4          0          0          0         92   dnaninf.o
        12          0          0          0          0         68   dretinf.o
        86          4          0          0          0         84   f2d.o
       450          8          0          0          0        236   faddsub_clz.o
        24          0          0          0          0         68   fcmpi.o
        86          0          0          0          0        136   fflt_clz.o
       104          4          0          0          0         84   fleqf.o
       258          4          0          0          0         84   fmul.o
       140          4          0          0          0         84   fnaninf.o
        10          0          0          0          0         68   fretinf.o
        98          0          0          0          0         68   frleqf.o
         4          0          0          0          0         68   printf1.o
       100          0          0          0          0         68   retnan.o
        92          0          0          0          0         68   scalbn.o
        48          0          0          0          0         68   trapv.o
         0          0          0          0          0          0   usenofp.o
       252         22         48          0          0        124   cos_i.o
        16          6          0          0          0         68   dunder.o
        40          0          0          0          0         68   fpclassify.o
       170          0          0          0          0         96   poly.o
       904         72        200          0          0        140   rred.o
       176         10          0          0          0        116   sin.o
       236         12         40          0          0        128   sin_i.o

    ----------------------------------------------------------------------
     11028        544        736          0         96       6568   Library Totals
        32          0          0          0          0          0   (incl. Padding)

    ----------------------------------------------------------------------

      Code (inc. data)   RO Data    RW Data    ZI Data      Debug   Library Name

      5298        210        448          0         96       3344   c_w.l
      3904        212          0          0          0       2484   fz_ws.l
      1794        122        288          0          0        740   m_ws.l

    ----------------------------------------------------------------------
     11028        544        736          0         96       6568   Library Totals

    ----------------------------------------------------------------------

==============================================================================


      Code (inc. data)   RO Data    RW Data    ZI Data      Debug   

     26724       1040       2812         40        728     133548   Grand Totals
     26724       1040       2812         40        728     133548   ELF Image Totals
     26724       1040       2812         40          0          0   ROM Totals

==============================================================================

    Total RO  Size (Code + RO Data)                29536 (  28.84kB)
    Total RW  Size (RW Data + ZI Data)               768 (   0.75kB)
    Total ROM Size (Code + RO Data + RW Data)      29576 (  28.88kB)

==============================================================================

