<html>
<body>
<pre>
<h1>µVision Build Log</h1>
<h2>Project:</h2>
E:\Github\SED_20-21_JO_EVA\Proyecto\SED.uvproj
Project File Date:  11/16/2020

<h2>Output:</h2>
Build target 'Target 1'
compiling main.c...
dac.h(3): error:  #20: identifier "N_muestras" is undefined
main.c(26): warning:  #77-D: this declaration has no storage class or type specifier
compiling UTS.c...
compiling dac.c...
dac.h(3): error:  #20: identifier "N_muestras" is undefined
dac.c(31): warning:  #223-D: function "sin" declared implicitly
".\SED.axf" - 2 Errors, 2 Warning(s).
Target not created
Build target 'Target 1'
compiling main.c...
main.c(26): warning:  #77-D: this declaration has no storage class or type specifier
compiling dac.c...
dac.c(31): warning:  #223-D: function "sin" declared implicitly
linking...
Program Size: Code=25090 RO-data=2222 RW-data=28 ZI-data=676  
".\SED.axf" - 0 Errors, 2 Warning(s).
Rebuild target 'Target 1'
assembling startup_LPC17xx.s...
compiling system_LPC17xx.c...
compiling main.c...
main.c(26): warning:  #77-D: this declaration has no storage class or type specifier
compiling servo.c...
compiling GLCD.c...
compiling AsciiLib.c...
compiling UTS.c...
compiling dac.c...
dac.c(31): warning:  #223-D: function "sin" declared implicitly
linking...
Program Size: Code=25090 RO-data=2222 RW-data=28 ZI-data=676  
".\SED.axf" - 0 Errors, 2 Warning(s).
