ARM Linker, 5.03 [Build 76] [MDK-ARM Lite]

==============================================================================

Section Cross References

    startup_lpc17xx.o(STACK) refers (Special) to heapauxi.o(.text) for __use_two_region_memory
    startup_lpc17xx.o(HEAP) refers (Special) to heapauxi.o(.text) for __use_two_region_memory
    startup_lpc17xx.o(RESET) refers (Special) to heapauxi.o(.text) for __use_two_region_memory
    startup_lpc17xx.o(RESET) refers to startup_lpc17xx.o(STACK) for __initial_sp
    startup_lpc17xx.o(RESET) refers to startup_lpc17xx.o(.text) for Reset_Handler
    startup_lpc17xx.o(RESET) refers to main.o(.text) for TIMER0_IRQHandler
    startup_lpc17xx.o(RESET) refers to ultrasonidos.o(.text) for TIMER3_IRQHandler
    startup_lpc17xx.o(.ARM.__at_0x02FC) refers (Special) to heapauxi.o(.text) for __use_two_region_memory
    startup_lpc17xx.o(.text) refers (Special) to heapauxi.o(.text) for __use_two_region_memory
    startup_lpc17xx.o(.text) refers to system_lpc17xx.o(.text) for SystemInit
    startup_lpc17xx.o(.text) refers to __main.o(!!!main) for __main
    startup_lpc17xx.o(.text) refers to startup_lpc17xx.o(HEAP) for Heap_Mem
    startup_lpc17xx.o(.text) refers to startup_lpc17xx.o(STACK) for Stack_Mem
    system_lpc17xx.o(.text) refers to lludivv7m.o(.text) for __aeabi_uldivmod
    system_lpc17xx.o(.text) refers to system_lpc17xx.o(.data) for SystemCoreClock
    main.o(.text) refers to _printf_pad.o(.text) for _printf_pre_padding
    main.o(.text) refers to _printf_percent.o(.ARM.Collect$$_printf_percent$$00000000) for _printf_percent
    main.o(.text) refers to _printf_f.o(.ARM.Collect$$_printf_percent$$00000003) for _printf_f
    main.o(.text) refers to printf1.o(x$fpl$printf1) for _printf_fp_dec
    main.o(.text) refers to fflt_clz.o(x$fpl$fflt) for __aeabi_i2f
    main.o(.text) refers to servo.o(.text) for set_servo
    main.o(.text) refers to ultrasonidos.o(.text) for UTS_trigger
    main.o(.text) refers to glcd.o(.text) for LCD_Init
    main.o(.text) refers to f2d.o(x$fpl$f2d) for __aeabi_f2d
    main.o(.text) refers to noretval__2sprintf.o(.text) for __2sprintf
    main.o(.text) refers to main.o(.data) for flag_bloqueante
    servo.o(.text) refers to f2d.o(x$fpl$f2d) for __aeabi_f2d
    servo.o(.text) refers to dmul.o(x$fpl$dmul) for __aeabi_dmul
    servo.o(.text) refers to ddiv.o(x$fpl$ddiv) for __aeabi_ddiv
    servo.o(.text) refers to daddsub_clz.o(x$fpl$dadd) for __aeabi_dadd
    servo.o(.text) refers to dfixu.o(x$fpl$dfixu) for __aeabi_d2uiz
    glcd.o(.text) refers to glcd.o(.data) for LCD_Code
    glcd.o(.text) refers to asciilib.o(.text) for GetASCIICode
    asciilib.o(.text) refers to rt_memcpy_v6.o(.text) for __aeabi_memcpy
    asciilib.o(.text) refers to asciilib.o(.constdata) for AsciiLib
    ultrasonidos.o(.text) refers to _printf_pad.o(.text) for _printf_pre_padding
    ultrasonidos.o(.text) refers to _printf_percent.o(.ARM.Collect$$_printf_percent$$00000000) for _printf_percent
    ultrasonidos.o(.text) refers to _printf_f.o(.ARM.Collect$$_printf_percent$$00000003) for _printf_f
    ultrasonidos.o(.text) refers to printf1.o(x$fpl$printf1) for _printf_fp_dec
    ultrasonidos.o(.text) refers to dflt_clz.o(x$fpl$dfltu) for __aeabi_ui2d
    ultrasonidos.o(.text) refers to dmul.o(x$fpl$dmul) for __aeabi_dmul
    ultrasonidos.o(.text) refers to d2f.o(x$fpl$d2f) for __aeabi_d2f
    ultrasonidos.o(.text) refers to f2d.o(x$fpl$f2d) for __aeabi_f2d
    ultrasonidos.o(.text) refers to noretval__2sprintf.o(.text) for __2sprintf
    ultrasonidos.o(.text) refers to glcd.o(.text) for GUI_Text
    ultrasonidos.o(.text) refers to ultrasonidos.o(.data) for t
    ultrasonidos.o(.text) refers to main.o(.data) for distancia
    __2sprintf.o(.text) refers to _printf_char_common.o(.text) for _printf_char_common
    __2sprintf.o(.text) refers to _sputc.o(.text) for _sputc
    noretval__2sprintf.o(.text) refers to _printf_char_common.o(.text) for _printf_char_common
    noretval__2sprintf.o(.text) refers to _sputc.o(.text) for _sputc
    __printf.o(.text) refers to _printf_percent.o(.ARM.Collect$$_printf_percent$$00000000) for _printf_percent
    __printf_flags.o(.text) refers to _printf_percent.o(.ARM.Collect$$_printf_percent$$00000000) for _printf_percent
    __printf_flags.o(.text) refers to __printf_flags.o(.constdata) for .constdata
    __printf_ss.o(.text) refers to _printf_percent.o(.ARM.Collect$$_printf_percent$$00000000) for _printf_percent
    __printf_flags_ss.o(.text) refers to _printf_percent.o(.ARM.Collect$$_printf_percent$$00000000) for _printf_percent
    __printf_flags_ss.o(.text) refers to __printf_flags_ss.o(.constdata) for .constdata
    __printf_wp.o(.text) refers to __printf_wp.o(i._is_digit) for _is_digit
    __printf_wp.o(.text) refers to _printf_percent.o(.ARM.Collect$$_printf_percent$$00000000) for _printf_percent
    __printf_flags_wp.o(.text) refers to __printf_wp.o(i._is_digit) for _is_digit
    __printf_flags_wp.o(.text) refers to _printf_percent.o(.ARM.Collect$$_printf_percent$$00000000) for _printf_percent
    __printf_flags_wp.o(.text) refers to __printf_flags_wp.o(.constdata) for .constdata
    __printf_ss_wp.o(.text) refers to __printf_wp.o(i._is_digit) for _is_digit
    __printf_ss_wp.o(.text) refers to _printf_percent.o(.ARM.Collect$$_printf_percent$$00000000) for _printf_percent
    __printf_flags_ss_wp.o(.text) refers to __printf_wp.o(i._is_digit) for _is_digit
    __printf_flags_ss_wp.o(.text) refers to _printf_percent.o(.ARM.Collect$$_printf_percent$$00000000) for _printf_percent
    __printf_flags_ss_wp.o(.text) refers to __printf_flags_ss_wp.o(.constdata) for .constdata
    _printf_f.o(.ARM.Collect$$_printf_percent$$00000003) refers (Weak) to printf1.o(x$fpl$printf1) for _printf_fp_dec
    _printf_percent.o(.ARM.Collect$$_printf_percent$$00000000) refers (Special) to _printf_percent_end.o(.ARM.Collect$$_printf_percent$$00000017) for _printf_percent_end
    rt_memcpy_v6.o(.text) refers to rt_memcpy_w.o(.text) for __aeabi_memcpy4
    __main.o(!!!main) refers to rtentry.o(.ARM.Collect$$rtentry$$00000000) for __rt_entry
    d2f.o(x$fpl$d2f) refers (Special) to usenofp.o(x$fpl$usenofp) for __I$use$fp
    d2f.o(x$fpl$d2f) refers to fretinf.o(x$fpl$fretinf) for __fpl_fretinf
    d2f.o(x$fpl$d2f) refers to dnaninf.o(x$fpl$dnaninf) for __fpl_dnaninf
    daddsub_clz.o(x$fpl$dadd) refers (Special) to usenofp.o(x$fpl$usenofp) for __I$use$fp
    daddsub_clz.o(x$fpl$dadd) refers to daddsub_clz.o(x$fpl$dsub) for _dsub1
    daddsub_clz.o(x$fpl$dadd) refers to dretinf.o(x$fpl$dretinf) for __fpl_dretinf
    daddsub_clz.o(x$fpl$dadd) refers to dnaninf.o(x$fpl$dnaninf) for __fpl_dnaninf
    daddsub_clz.o(x$fpl$drsb) refers (Special) to usenofp.o(x$fpl$usenofp) for __I$use$fp
    daddsub_clz.o(x$fpl$drsb) refers to daddsub_clz.o(x$fpl$dadd) for _dadd1
    daddsub_clz.o(x$fpl$drsb) refers to daddsub_clz.o(x$fpl$dsub) for _dsub1
    daddsub_clz.o(x$fpl$dsub) refers (Special) to usenofp.o(x$fpl$usenofp) for __I$use$fp
    daddsub_clz.o(x$fpl$dsub) refers to daddsub_clz.o(x$fpl$dadd) for _dadd1
    daddsub_clz.o(x$fpl$dsub) refers to dnaninf.o(x$fpl$dnaninf) for __fpl_dnaninf
    ddiv.o(x$fpl$drdiv) refers (Special) to usenofp.o(x$fpl$usenofp) for __I$use$fp
    ddiv.o(x$fpl$drdiv) refers to ddiv.o(x$fpl$ddiv) for ddiv_entry
    ddiv.o(x$fpl$ddiv) refers (Special) to usenofp.o(x$fpl$usenofp) for __I$use$fp
    ddiv.o(x$fpl$ddiv) refers to dretinf.o(x$fpl$dretinf) for __fpl_dretinf
    ddiv.o(x$fpl$ddiv) refers to dnaninf.o(x$fpl$dnaninf) for __fpl_dnaninf
    dfixu.o(x$fpl$dfixu) refers (Special) to usenofp.o(x$fpl$usenofp) for __I$use$fp
    dfixu.o(x$fpl$dfixu) refers to dnaninf.o(x$fpl$dnaninf) for __fpl_dnaninf
    dfixu.o(x$fpl$dfixur) refers (Special) to usenofp.o(x$fpl$usenofp) for __I$use$fp
    dfixu.o(x$fpl$dfixur) refers to dnaninf.o(x$fpl$dnaninf) for __fpl_dnaninf
    dflt_clz.o(x$fpl$dfltu) refers (Special) to usenofp.o(x$fpl$usenofp) for __I$use$fp
    dflt_clz.o(x$fpl$dflt) refers (Special) to usenofp.o(x$fpl$usenofp) for __I$use$fp
    dflt_clz.o(x$fpl$dfltn) refers (Special) to usenofp.o(x$fpl$usenofp) for __I$use$fp
    dmul.o(x$fpl$dmul) refers (Special) to usenofp.o(x$fpl$usenofp) for __I$use$fp
    dmul.o(x$fpl$dmul) refers to dretinf.o(x$fpl$dretinf) for __fpl_dretinf
    dmul.o(x$fpl$dmul) refers to dnaninf.o(x$fpl$dnaninf) for __fpl_dnaninf
    f2d.o(x$fpl$f2d) refers (Special) to usenofp.o(x$fpl$usenofp) for __I$use$fp
    f2d.o(x$fpl$f2d) refers to fnaninf.o(x$fpl$fnaninf) for __fpl_fnaninf
    f2d.o(x$fpl$f2d) refers to dretinf.o(x$fpl$dretinf) for __fpl_dretinf
    fflt_clz.o(x$fpl$ffltu) refers (Special) to usenofp.o(x$fpl$usenofp) for __I$use$fp
    fflt_clz.o(x$fpl$fflt) refers (Special) to usenofp.o(x$fpl$usenofp) for __I$use$fp
    fflt_clz.o(x$fpl$ffltn) refers (Special) to usenofp.o(x$fpl$usenofp) for __I$use$fp
    printf1.o(x$fpl$printf1) refers to _printf_fp_dec.o(.text) for _printf_fp_dec_real
    rtentry.o(.ARM.Collect$$rtentry$$00000000) refers (Special) to rtentry2.o(.ARM.Collect$$rtentry$$0000000A) for __rt_entry_li
    rtentry.o(.ARM.Collect$$rtentry$$00000000) refers (Special) to rtentry2.o(.ARM.Collect$$rtentry$$0000000D) for __rt_entry_main
    rtentry.o(.ARM.Collect$$rtentry$$00000000) refers (Special) to rtentry2.o(.ARM.Collect$$rtentry$$0000000C) for __rt_entry_postli_1
    rtentry.o(.ARM.Collect$$rtentry$$00000000) refers (Special) to rtentry2.o(.ARM.Collect$$rtentry$$00000009) for __rt_entry_postsh_1
    rtentry.o(.ARM.Collect$$rtentry$$00000000) refers (Special) to rtentry2.o(.ARM.Collect$$rtentry$$00000002) for __rt_entry_presh_1
    rtentry.o(.ARM.Collect$$rtentry$$00000000) refers (Special) to rtentry4.o(.ARM.Collect$$rtentry$$00000004) for __rt_entry_sh
    aeabi_ldiv0_sigfpe.o(.text) refers to rt_div0.o(.text) for __rt_div0
    _printf_fp_dec.o(.text) refers (Special) to usenofp.o(x$fpl$usenofp) for __I$use$fp
    _printf_fp_dec.o(.text) refers (Special) to lc_numeric_c.o(locale$$code) for _get_lc_numeric
    _printf_fp_dec.o(.text) refers to bigflt0.o(.text) for _btod_etento
    _printf_fp_dec.o(.text) refers to btod.o(CL$$btod_d2e) for _btod_d2e
    _printf_fp_dec.o(.text) refers to btod.o(CL$$btod_ediv) for _btod_ediv
    _printf_fp_dec.o(.text) refers to btod.o(CL$$btod_emul) for _btod_emul
    _printf_fp_dec.o(.text) refers to lludiv10.o(.text) for _ll_udiv10
    _printf_fp_dec.o(.text) refers to fpclassify.o(i.__ARM_fpclassify) for __ARM_fpclassify
    _printf_fp_dec.o(.text) refers to _printf_fp_infnan.o(.text) for _printf_fp_infnan
    _printf_fp_dec.o(.text) refers (Weak) to _printf_pad.o(.text) for _printf_pre_padding
    _printf_fp_dec.o(.text) refers (Weak) to _printf_pad.o(.text) for _printf_pre_padding
    _printf_fp_dec.o(.text) refers to rt_locale_intlibspace.o(.text) for __rt_locale
    _printf_fp_dec.o(.text) refers (Weak) to _printf_pad.o(.text) for _printf_post_padding
    _printf_char_common.o(.text) refers to __printf_wp.o(.text) for __printf
    dnaninf.o(x$fpl$dnaninf) refers (Special) to usenofp.o(x$fpl$usenofp) for __I$use$fp
    dretinf.o(x$fpl$dretinf) refers (Special) to usenofp.o(x$fpl$usenofp) for __I$use$fp
    fnaninf.o(x$fpl$fnaninf) refers (Special) to usenofp.o(x$fpl$usenofp) for __I$use$fp
    fretinf.o(x$fpl$fretinf) refers (Special) to usenofp.o(x$fpl$usenofp) for __I$use$fp
    rtentry2.o(.ARM.Collect$$rtentry$$00000008) refers to boardinit2.o(.text) for _platform_post_stackheap_init
    rtentry2.o(.ARM.Collect$$rtentry$$0000000A) refers to libinit.o(.ARM.Collect$$libinit$$00000000) for __rt_lib_init
    rtentry2.o(.ARM.Collect$$rtentry$$0000000B) refers to boardinit3.o(.text) for _platform_post_lib_init
    rtentry2.o(.ARM.Collect$$rtentry$$0000000D) refers to main.o(.text) for main
    rtentry2.o(.ARM.Collect$$rtentry$$0000000D) refers to exit.o(.text) for exit
    rtentry2.o(.ARM.exidx) refers to rtentry2.o(.ARM.Collect$$rtentry$$00000001) for .ARM.Collect$$rtentry$$00000001
    rtentry2.o(.ARM.exidx) refers to rtentry2.o(.ARM.Collect$$rtentry$$00000008) for .ARM.Collect$$rtentry$$00000008
    rtentry2.o(.ARM.exidx) refers to rtentry2.o(.ARM.Collect$$rtentry$$0000000A) for .ARM.Collect$$rtentry$$0000000A
    rtentry2.o(.ARM.exidx) refers to rtentry2.o(.ARM.Collect$$rtentry$$0000000B) for .ARM.Collect$$rtentry$$0000000B
    rtentry2.o(.ARM.exidx) refers to rtentry2.o(.ARM.Collect$$rtentry$$0000000D) for .ARM.Collect$$rtentry$$0000000D
    rtentry4.o(.ARM.Collect$$rtentry$$00000004) refers to sys_stackheap_outer.o(.text) for __user_setup_stackheap
    rtentry4.o(.ARM.exidx) refers to rtentry4.o(.ARM.Collect$$rtentry$$00000004) for .ARM.Collect$$rtentry$$00000004
    rt_div0.o(.text) refers to defsig_fpe_outer.o(.text) for __rt_SIGFPE
    rt_locale.o(.text) refers to rt_locale.o(.bss) for __rt_locale_data
    rt_locale_intlibspace.o(.text) refers to libspace.o(.bss) for __libspace_start
    _printf_fp_infnan.o(.text) refers (Weak) to _printf_pad.o(.text) for _printf_pre_padding
    _printf_fp_infnan.o(.text) refers (Weak) to _printf_pad.o(.text) for _printf_post_padding
    bigflt0.o(.text) refers (Special) to usenofp.o(x$fpl$usenofp) for __I$use$fp
    bigflt0.o(.text) refers to btod.o(CL$$btod_emul) for _btod_emul
    bigflt0.o(.text) refers to btod.o(CL$$btod_ediv) for _btod_ediv
    bigflt0.o(.text) refers to bigflt0.o(.constdata) for .constdata
    bigflt0.o(.constdata) refers (Special) to usenofp.o(x$fpl$usenofp) for __I$use$fp
    btod.o(CL$$btod_d2e) refers (Special) to usenofp.o(x$fpl$usenofp) for __I$use$fp
    btod.o(CL$$btod_d2e) refers to btod.o(CL$$btod_d2e_norm_op1) for _d2e_norm_op1
    btod.o(CL$$btod_d2e_norm_op1) refers (Special) to usenofp.o(x$fpl$usenofp) for __I$use$fp
    btod.o(CL$$btod_d2e_norm_op1) refers to btod.o(CL$$btod_d2e_denorm_low) for _d2e_denorm_low
    btod.o(CL$$btod_d2e_denorm_low) refers (Special) to usenofp.o(x$fpl$usenofp) for __I$use$fp
    btod.o(CL$$btod_emul) refers (Special) to usenofp.o(x$fpl$usenofp) for __I$use$fp
    btod.o(CL$$btod_emul) refers to btod.o(CL$$btod_mult_common) for __btod_mult_common
    btod.o(CL$$btod_emul) refers to btod.o(CL$$btod_e2e) for _e2e
    btod.o(CL$$btod_ediv) refers (Special) to usenofp.o(x$fpl$usenofp) for __I$use$fp
    btod.o(CL$$btod_ediv) refers to btod.o(CL$$btod_div_common) for __btod_div_common
    btod.o(CL$$btod_ediv) refers to btod.o(CL$$btod_e2e) for _e2e
    btod.o(CL$$btod_emuld) refers (Special) to usenofp.o(x$fpl$usenofp) for __I$use$fp
    btod.o(CL$$btod_emuld) refers to btod.o(CL$$btod_mult_common) for __btod_mult_common
    btod.o(CL$$btod_emuld) refers to btod.o(CL$$btod_e2d) for _e2d
    btod.o(CL$$btod_edivd) refers (Special) to usenofp.o(x$fpl$usenofp) for __I$use$fp
    btod.o(CL$$btod_edivd) refers to btod.o(CL$$btod_div_common) for __btod_div_common
    btod.o(CL$$btod_edivd) refers to btod.o(CL$$btod_e2d) for _e2d
    btod.o(CL$$btod_e2e) refers (Special) to usenofp.o(x$fpl$usenofp) for __I$use$fp
    btod.o(CL$$btod_e2d) refers (Special) to usenofp.o(x$fpl$usenofp) for __I$use$fp
    btod.o(CL$$btod_e2d) refers to btod.o(CL$$btod_e2e) for _e2e
    btod.o(CL$$btod_mult_common) refers (Special) to usenofp.o(x$fpl$usenofp) for __I$use$fp
    btod.o(CL$$btod_div_common) refers (Special) to usenofp.o(x$fpl$usenofp) for __I$use$fp
    lc_numeric_c.o(locale$$data) refers (Special) to libinit2.o(.ARM.Collect$$libinit$$00000014) for __rt_lib_init_lc_numeric_2
    lc_numeric_c.o(locale$$code) refers (Special) to libinit2.o(.ARM.Collect$$libinit$$00000014) for __rt_lib_init_lc_numeric_2
    lc_numeric_c.o(locale$$code) refers to strcmpv7m.o(.text) for strcmp
    lc_numeric_c.o(locale$$code) refers to lc_numeric_c.o(locale$$data) for __lcnum_c_name
    istatus.o(x$fpl$ieeestatus) refers (Special) to usenofp.o(x$fpl$usenofp) for __I$use$fp
    fpclassify.o(i.__ARM_fpclassify) refers (Special) to usenofp.o(x$fpl$usenofp) for __I$use$fp
    libspace.o(.text) refers to libspace.o(.bss) for __libspace_start
    sys_stackheap_outer.o(.text) refers to libspace.o(.text) for __user_perproc_libspace
    sys_stackheap_outer.o(.text) refers to startup_lpc17xx.o(.text) for __user_initial_stackheap
    exit.o(.text) refers to rtexit.o(.ARM.Collect$$rtexit$$00000000) for __rt_exit
    defsig_fpe_outer.o(.text) refers to defsig_fpe_inner.o(.text) for __rt_SIGFPE_inner
    defsig_fpe_outer.o(.text) refers to defsig_exit.o(.text) for __sig_exit
    defsig_fpe_formal.o(.text) refers to rt_raise.o(.text) for __rt_raise
    libinit.o(.ARM.Collect$$libinit$$00000000) refers (Special) to libinit2.o(.ARM.Collect$$libinit$$0000002C) for __rt_lib_init_alloca_1
    libinit.o(.ARM.Collect$$libinit$$00000000) refers (Special) to libinit2.o(.ARM.Collect$$libinit$$0000002A) for __rt_lib_init_argv_1
    libinit.o(.ARM.Collect$$libinit$$00000000) refers (Special) to libinit2.o(.ARM.Collect$$libinit$$00000019) for __rt_lib_init_atexit_1
    libinit.o(.ARM.Collect$$libinit$$00000000) refers (Special) to libinit2.o(.ARM.Collect$$libinit$$0000001F) for __rt_lib_init_clock_1
    libinit.o(.ARM.Collect$$libinit$$00000000) refers (Special) to libinit2.o(.ARM.Collect$$libinit$$00000030) for __rt_lib_init_cpp_1
    libinit.o(.ARM.Collect$$libinit$$00000000) refers (Special) to libinit2.o(.ARM.Collect$$libinit$$0000002E) for __rt_lib_init_exceptions_1
    libinit.o(.ARM.Collect$$libinit$$00000000) refers (Special) to libinit2.o(.ARM.Collect$$libinit$$00000002) for __rt_lib_init_fp_1
    libinit.o(.ARM.Collect$$libinit$$00000000) refers (Special) to libinit2.o(.ARM.Collect$$libinit$$0000001D) for __rt_lib_init_fp_trap_1
    libinit.o(.ARM.Collect$$libinit$$00000000) refers (Special) to libinit2.o(.ARM.Collect$$libinit$$00000021) for __rt_lib_init_getenv_1
    libinit.o(.ARM.Collect$$libinit$$00000000) refers (Special) to libinit2.o(.ARM.Collect$$libinit$$00000008) for __rt_lib_init_heap_1
    libinit.o(.ARM.Collect$$libinit$$00000000) refers (Special) to libinit2.o(.ARM.Collect$$libinit$$0000000F) for __rt_lib_init_lc_collate_1
    libinit.o(.ARM.Collect$$libinit$$00000000) refers (Special) to libinit2.o(.ARM.Collect$$libinit$$00000011) for __rt_lib_init_lc_ctype_1
    libinit.o(.ARM.Collect$$libinit$$00000000) refers (Special) to libinit2.o(.ARM.Collect$$libinit$$00000013) for __rt_lib_init_lc_monetary_1
    libinit.o(.ARM.Collect$$libinit$$00000000) refers (Special) to libinit2.o(.ARM.Collect$$libinit$$00000015) for __rt_lib_init_lc_numeric_1
    libinit.o(.ARM.Collect$$libinit$$00000000) refers (Special) to libinit2.o(.ARM.Collect$$libinit$$00000017) for __rt_lib_init_lc_time_1
    libinit.o(.ARM.Collect$$libinit$$00000000) refers (Special) to libinit2.o(.ARM.Collect$$libinit$$0000000C) for __rt_lib_init_rand_1
    libinit.o(.ARM.Collect$$libinit$$00000000) refers (Special) to libinit2.o(.ARM.Collect$$libinit$$00000031) for __rt_lib_init_return
    libinit.o(.ARM.Collect$$libinit$$00000000) refers (Special) to libinit2.o(.ARM.Collect$$libinit$$0000001B) for __rt_lib_init_signal_1
    libinit.o(.ARM.Collect$$libinit$$00000000) refers (Special) to libinit2.o(.ARM.Collect$$libinit$$00000023) for __rt_lib_init_stdio_1
    libinit.o(.ARM.Collect$$libinit$$00000000) refers (Special) to libinit2.o(.ARM.Collect$$libinit$$0000000A) for __rt_lib_init_user_alloc_1
    libinit2.o(.ARM.Collect$$libinit$$0000000D) refers (Weak) to rt_locale_intlibspace.o(.text) for __rt_locale
    libinit2.o(.ARM.Collect$$libinit$$0000000E) refers to libinit2.o(.ARM.Collect$$libinit$$0000000D) for .ARM.Collect$$libinit$$0000000D
    libinit2.o(.ARM.Collect$$libinit$$00000010) refers to libinit2.o(.ARM.Collect$$libinit$$0000000D) for .ARM.Collect$$libinit$$0000000D
    libinit2.o(.ARM.Collect$$libinit$$00000012) refers to libinit2.o(.ARM.Collect$$libinit$$0000000D) for .ARM.Collect$$libinit$$0000000D
    libinit2.o(.ARM.Collect$$libinit$$00000014) refers to libinit2.o(.ARM.Collect$$libinit$$0000000D) for .ARM.Collect$$libinit$$0000000D
    libinit2.o(.ARM.Collect$$libinit$$00000014) refers (Weak) to lc_numeric_c.o(locale$$code) for _get_lc_numeric
    libinit2.o(.ARM.Collect$$libinit$$00000016) refers to libinit2.o(.ARM.Collect$$libinit$$0000000D) for .ARM.Collect$$libinit$$0000000D
    libinit2.o(.ARM.Collect$$libinit$$00000024) refers to argv_veneer.o(.emb_text) for __ARM_argv_veneer
    libinit2.o(.ARM.Collect$$libinit$$00000025) refers to argv_veneer.o(.emb_text) for __ARM_argv_veneer
    rtexit.o(.ARM.Collect$$rtexit$$00000000) refers (Special) to rtexit2.o(.ARM.Collect$$rtexit$$00000004) for __rt_exit_exit
    rtexit.o(.ARM.Collect$$rtexit$$00000000) refers (Special) to rtexit2.o(.ARM.Collect$$rtexit$$00000003) for __rt_exit_ls
    rtexit.o(.ARM.Collect$$rtexit$$00000000) refers (Special) to rtexit2.o(.ARM.Collect$$rtexit$$00000002) for __rt_exit_prels_1
    rtexit.o(.ARM.exidx) refers (Special) to rtexit2.o(.ARM.Collect$$rtexit$$00000004) for __rt_exit_exit
    rtexit.o(.ARM.exidx) refers (Special) to rtexit2.o(.ARM.Collect$$rtexit$$00000003) for __rt_exit_ls
    rtexit.o(.ARM.exidx) refers (Special) to rtexit2.o(.ARM.Collect$$rtexit$$00000002) for __rt_exit_prels_1
    rtexit.o(.ARM.exidx) refers to rtexit.o(.ARM.Collect$$rtexit$$00000000) for .ARM.Collect$$rtexit$$00000000
    rt_raise.o(.text) refers to __raise.o(.text) for __raise
    rt_raise.o(.text) refers to sys_exit.o(.text) for _sys_exit
    defsig_exit.o(.text) refers to sys_exit.o(.text) for _sys_exit
    defsig_fpe_inner.o(.text) refers to defsig_general.o(.text) for __default_signal_display
    argv_veneer.o(.emb_text) refers to no_argv.o(.text) for __ARM_get_argv
    sys_exit.o(.text) refers (Special) to use_no_semi.o(.text) for __I$use$semihosting
    sys_exit.o(.text) refers (Special) to indicate_semi.o(.text) for __semihosting_library_function
    rtexit2.o(.ARM.Collect$$rtexit$$00000003) refers to libshutdown.o(.ARM.Collect$$libshutdown$$00000000) for __rt_lib_shutdown
    rtexit2.o(.ARM.Collect$$rtexit$$00000004) refers to sys_exit.o(.text) for _sys_exit
    rtexit2.o(.ARM.exidx) refers to rtexit2.o(.ARM.Collect$$rtexit$$00000001) for .ARM.Collect$$rtexit$$00000001
    rtexit2.o(.ARM.exidx) refers to rtexit2.o(.ARM.Collect$$rtexit$$00000003) for .ARM.Collect$$rtexit$$00000003
    rtexit2.o(.ARM.exidx) refers to rtexit2.o(.ARM.Collect$$rtexit$$00000004) for .ARM.Collect$$rtexit$$00000004
    __raise.o(.text) refers to defsig.o(CL$$defsig) for __default_signal_handler
    defsig_general.o(.text) refers to sys_wrch.o(.text) for _ttywrch
    _get_argv_nomalloc.o(.text) refers (Special) to hrguard.o(.text) for __heap_region$guard
    _get_argv_nomalloc.o(.text) refers to defsig_rtmem_outer.o(.text) for __rt_SIGRTMEM
    _get_argv_nomalloc.o(.text) refers to sys_command.o(.text) for _sys_command_string
    sys_wrch.o(.text) refers (Special) to use_no_semi.o(.text) for __I$use$semihosting
    sys_wrch.o(.text) refers (Special) to indicate_semi.o(.text) for __semihosting_library_function
    sys_command.o(.text) refers (Special) to use_no_semi.o(.text) for __I$use$semihosting
    sys_command.o(.text) refers (Special) to indicate_semi.o(.text) for __semihosting_library_function
    defsig_rtmem_outer.o(.text) refers to defsig_rtmem_inner.o(.text) for __rt_SIGRTMEM_inner
    defsig_rtmem_outer.o(.text) refers to defsig_exit.o(.text) for __sig_exit
    defsig_rtmem_formal.o(.text) refers to rt_raise.o(.text) for __rt_raise
    defsig.o(CL$$defsig) refers to defsig_fpe_inner.o(.text) for __rt_SIGFPE_inner
    defsig.o(CL$$defsig) refers to defsig_rtmem_inner.o(.text) for __rt_SIGRTMEM_inner
    libshutdown.o(.ARM.Collect$$libshutdown$$00000000) refers (Special) to libshutdown2.o(.ARM.Collect$$libshutdown$$00000006) for __rt_lib_shutdown_fp_trap_1
    libshutdown.o(.ARM.Collect$$libshutdown$$00000000) refers (Special) to libshutdown2.o(.ARM.Collect$$libshutdown$$0000000E) for __rt_lib_shutdown_heap_1
    libshutdown.o(.ARM.Collect$$libshutdown$$00000000) refers (Special) to libshutdown2.o(.ARM.Collect$$libshutdown$$0000000F) for __rt_lib_shutdown_return
    libshutdown.o(.ARM.Collect$$libshutdown$$00000000) refers (Special) to libshutdown2.o(.ARM.Collect$$libshutdown$$00000009) for __rt_lib_shutdown_signal_1
    libshutdown.o(.ARM.Collect$$libshutdown$$00000000) refers (Special) to libshutdown2.o(.ARM.Collect$$libshutdown$$00000003) for __rt_lib_shutdown_stdio_1
    libshutdown.o(.ARM.Collect$$libshutdown$$00000000) refers (Special) to libshutdown2.o(.ARM.Collect$$libshutdown$$0000000B) for __rt_lib_shutdown_user_alloc_1
    defsig_abrt_inner.o(.text) refers to defsig_general.o(.text) for __default_signal_display
    defsig_rtred_inner.o(.text) refers to defsig_general.o(.text) for __default_signal_display
    defsig_rtmem_inner.o(.text) refers to defsig_general.o(.text) for __default_signal_display
    defsig_stak_inner.o(.text) refers to defsig_general.o(.text) for __default_signal_display
    defsig_pvfn_inner.o(.text) refers to defsig_general.o(.text) for __default_signal_display
    defsig_cppl_inner.o(.text) refers to defsig_general.o(.text) for __default_signal_display
    defsig_segv_inner.o(.text) refers to defsig_general.o(.text) for __default_signal_display
    defsig_other.o(.text) refers to defsig_general.o(.text) for __default_signal_display


==============================================================================

Removing Unused input sections from the image.

    Removing system_lpc17xx.o(.rev16_text), (4 bytes).
    Removing system_lpc17xx.o(.revsh_text), (4 bytes).
    Removing main.o(.rev16_text), (4 bytes).
    Removing main.o(.revsh_text), (4 bytes).
    Removing servo.o(.rev16_text), (4 bytes).
    Removing servo.o(.revsh_text), (4 bytes).
    Removing glcd.o(.rev16_text), (4 bytes).
    Removing glcd.o(.revsh_text), (4 bytes).
    Removing ultrasonidos.o(.rev16_text), (4 bytes).
    Removing ultrasonidos.o(.revsh_text), (4 bytes).

10 unused section(s) (total 40 bytes) removed from the image.

==============================================================================

Image Symbol Table

    Local Symbols

    Symbol Name                              Value     Ov Type        Size  Object(Section)

    RESET                                    0x00000000   Section      204  startup_lpc17xx.o(RESET)
    ../clib/angel/boardlib.s                 0x00000000   Number         0  boardinit3.o ABSOLUTE
    ../clib/angel/boardlib.s                 0x00000000   Number         0  boardshut.o ABSOLUTE
    ../clib/angel/boardlib.s                 0x00000000   Number         0  boardinit2.o ABSOLUTE
    ../clib/angel/boardlib.s                 0x00000000   Number         0  boardinit1.o ABSOLUTE
    ../clib/angel/handlers.s                 0x00000000   Number         0  __scatter_zi.o ABSOLUTE
    ../clib/angel/handlers.s                 0x00000000   Number         0  __scatter_copy.o ABSOLUTE
    ../clib/angel/kernel.s                   0x00000000   Number         0  rtentry.o ABSOLUTE
    ../clib/angel/kernel.s                   0x00000000   Number         0  rtexit.o ABSOLUTE
    ../clib/angel/kernel.s                   0x00000000   Number         0  rtentry4.o ABSOLUTE
    ../clib/angel/kernel.s                   0x00000000   Number         0  rtentry2.o ABSOLUTE
    ../clib/angel/kernel.s                   0x00000000   Number         0  rtexit2.o ABSOLUTE
    ../clib/angel/rt.s                       0x00000000   Number         0  rt_locale_intlibspace.o ABSOLUTE
    ../clib/angel/rt.s                       0x00000000   Number         0  aeabi_ldiv0_sigfpe.o ABSOLUTE
    ../clib/angel/rt.s                       0x00000000   Number         0  aeabi_ldiv0.o ABSOLUTE
    ../clib/angel/rt.s                       0x00000000   Number         0  rt_div0.o ABSOLUTE
    ../clib/angel/rt.s                       0x00000000   Number         0  rt_locale.o ABSOLUTE
    ../clib/angel/rt.s                       0x00000000   Number         0  rt_raise.o ABSOLUTE
    ../clib/angel/scatter.s                  0x00000000   Number         0  __scatter.o ABSOLUTE
    ../clib/angel/startup.s                  0x00000000   Number         0  __main.o ABSOLUTE
    ../clib/angel/sys.s                      0x00000000   Number         0  sys_stackheap_outer.o ABSOLUTE
    ../clib/angel/sys.s                      0x00000000   Number         0  libspace.o ABSOLUTE
    ../clib/angel/sys.s                      0x00000000   Number         0  use_no_semi.o ABSOLUTE
    ../clib/angel/sys.s                      0x00000000   Number         0  indicate_semi.o ABSOLUTE
    ../clib/angel/sysapp.c                   0x00000000   Number         0  sys_exit.o ABSOLUTE
    ../clib/angel/sysapp.c                   0x00000000   Number         0  sys_wrch.o ABSOLUTE
    ../clib/angel/sysapp.c                   0x00000000   Number         0  sys_command.o ABSOLUTE
    ../clib/armsys.c                         0x00000000   Number         0  argv_veneer.o ABSOLUTE
    ../clib/armsys.c                         0x00000000   Number         0  argv_veneer.o ABSOLUTE
    ../clib/armsys.c                         0x00000000   Number         0  _get_argv_nomalloc.o ABSOLUTE
    ../clib/armsys.c                         0x00000000   Number         0  no_argv.o ABSOLUTE
    ../clib/bigflt.c                         0x00000000   Number         0  bigflt0.o ABSOLUTE
    ../clib/btod.s                           0x00000000   Number         0  btod.o ABSOLUTE
    ../clib/heapalloc.c                      0x00000000   Number         0  hrguard.o ABSOLUTE
    ../clib/heapaux.c                        0x00000000   Number         0  heapauxi.o ABSOLUTE
    ../clib/libinit.s                        0x00000000   Number         0  libinit2.o ABSOLUTE
    ../clib/libinit.s                        0x00000000   Number         0  libinit.o ABSOLUTE
    ../clib/libinit.s                        0x00000000   Number         0  libshutdown.o ABSOLUTE
    ../clib/libinit.s                        0x00000000   Number         0  libshutdown2.o ABSOLUTE
    ../clib/locale.s                         0x00000000   Number         0  lc_numeric_c.o ABSOLUTE
    ../clib/longlong.s                       0x00000000   Number         0  lludiv10.o ABSOLUTE
    ../clib/longlong.s                       0x00000000   Number         0  lludivv7m.o ABSOLUTE
    ../clib/memcpset.s                       0x00000000   Number         0  rt_memcpy_v6.o ABSOLUTE
    ../clib/memcpset.s                       0x00000000   Number         0  rt_memcpy_w.o ABSOLUTE
    ../clib/memcpset.s                       0x00000000   Number         0  strcmpv7m.o ABSOLUTE
    ../clib/misc.s                           0x00000000   Number         0  printf_stubs.o ABSOLUTE
    ../clib/printf.c                         0x00000000   Number         0  noretval__2sprintf.o ABSOLUTE
    ../clib/printf.c                         0x00000000   Number         0  __printf.o ABSOLUTE
    ../clib/printf.c                         0x00000000   Number         0  _printf_pad.o ABSOLUTE
    ../clib/printf.c                         0x00000000   Number         0  __printf_flags.o ABSOLUTE
    ../clib/printf.c                         0x00000000   Number         0  __printf_ss.o ABSOLUTE
    ../clib/printf.c                         0x00000000   Number         0  __printf_flags_ss.o ABSOLUTE
    ../clib/printf.c                         0x00000000   Number         0  __printf_wp.o ABSOLUTE
    ../clib/printf.c                         0x00000000   Number         0  __printf_flags_wp.o ABSOLUTE
    ../clib/printf.c                         0x00000000   Number         0  __printf_ss_wp.o ABSOLUTE
    ../clib/printf.c                         0x00000000   Number         0  __printf_flags_ss_wp.o ABSOLUTE
    ../clib/printf.c                         0x00000000   Number         0  _sputc.o ABSOLUTE
    ../clib/printf.c                         0x00000000   Number         0  _printf_fp_dec.o ABSOLUTE
    ../clib/printf.c                         0x00000000   Number         0  __printf_nopercent.o ABSOLUTE
    ../clib/printf.c                         0x00000000   Number         0  _printf_fp_infnan.o ABSOLUTE
    ../clib/printf.c                         0x00000000   Number         0  _printf_char_common.o ABSOLUTE
    ../clib/printf.c                         0x00000000   Number         0  __2sprintf.o ABSOLUTE
    ../clib/printf_percent.s                 0x00000000   Number         0  _printf_percent_end.o ABSOLUTE
    ../clib/printf_percent.s                 0x00000000   Number         0  _printf_percent.o ABSOLUTE
    ../clib/printf_percent.s                 0x00000000   Number         0  _printf_f.o ABSOLUTE
    ../clib/signal.c                         0x00000000   Number         0  defsig_rtmem_inner.o ABSOLUTE
    ../clib/signal.c                         0x00000000   Number         0  defsig_abrt_inner.o ABSOLUTE
    ../clib/signal.c                         0x00000000   Number         0  defsig_stak_inner.o ABSOLUTE
    ../clib/signal.c                         0x00000000   Number         0  defsig_pvfn_inner.o ABSOLUTE
    ../clib/signal.c                         0x00000000   Number         0  defsig_cppl_inner.o ABSOLUTE
    ../clib/signal.c                         0x00000000   Number         0  defsig_general.o ABSOLUTE
    ../clib/signal.c                         0x00000000   Number         0  defsig_segv_inner.o ABSOLUTE
    ../clib/signal.c                         0x00000000   Number         0  defsig_rtmem_formal.o ABSOLUTE
    ../clib/signal.c                         0x00000000   Number         0  __raise.o ABSOLUTE
    ../clib/signal.c                         0x00000000   Number         0  defsig_fpe_outer.o ABSOLUTE
    ../clib/signal.c                         0x00000000   Number         0  defsig_other.o ABSOLUTE
    ../clib/signal.c                         0x00000000   Number         0  defsig_rtmem_outer.o ABSOLUTE
    ../clib/signal.c                         0x00000000   Number         0  defsig_rtred_inner.o ABSOLUTE
    ../clib/signal.c                         0x00000000   Number         0  defsig_fpe_inner.o ABSOLUTE
    ../clib/signal.c                         0x00000000   Number         0  defsig_fpe_formal.o ABSOLUTE
    ../clib/signal.c                         0x00000000   Number         0  defsig_exit.o ABSOLUTE
    ../clib/signal.s                         0x00000000   Number         0  defsig.o ABSOLUTE
    ../clib/stdlib.c                         0x00000000   Number         0  exit.o ABSOLUTE
    ../fplib/d2f.s                           0x00000000   Number         0  d2f.o ABSOLUTE
    ../fplib/daddsub.s                       0x00000000   Number         0  daddsub_clz.o ABSOLUTE
    ../fplib/ddiv.s                          0x00000000   Number         0  ddiv.o ABSOLUTE
    ../fplib/dfixu.s                         0x00000000   Number         0  dfixu.o ABSOLUTE
    ../fplib/dflt.s                          0x00000000   Number         0  dflt_clz.o ABSOLUTE
    ../fplib/dmul.s                          0x00000000   Number         0  dmul.o ABSOLUTE
    ../fplib/dnaninf.s                       0x00000000   Number         0  dnaninf.o ABSOLUTE
    ../fplib/dretinf.s                       0x00000000   Number         0  dretinf.o ABSOLUTE
    ../fplib/f2d.s                           0x00000000   Number         0  f2d.o ABSOLUTE
    ../fplib/fflt.s                          0x00000000   Number         0  fflt_clz.o ABSOLUTE
    ../fplib/fnaninf.s                       0x00000000   Number         0  fnaninf.o ABSOLUTE
    ../fplib/fpinit.s                        0x00000000   Number         0  fpinit.o ABSOLUTE
    ../fplib/fretinf.s                       0x00000000   Number         0  fretinf.o ABSOLUTE
    ../fplib/istatus.s                       0x00000000   Number         0  istatus.o ABSOLUTE
    ../fplib/printf1.s                       0x00000000   Number         0  printf1.o ABSOLUTE
    ../fplib/usenofp.s                       0x00000000   Number         0  usenofp.o ABSOLUTE
    ../mathlib/fpclassify.c                  0x00000000   Number         0  fpclassify.o ABSOLUTE
    E:\Programas\Keil\ARM\Startup\NXP\LPC17xx\system_LPC17xx.c 0x00000000   Number         0  system_lpc17xx.o ABSOLUTE
    E:\\Programas\\Keil\\ARM\\Startup\\NXP\\LPC17xx\\system_LPC17xx.c 0x00000000   Number         0  system_lpc17xx.o ABSOLUTE
    GLCD\AsciiLib.c                          0x00000000   Number         0  asciilib.o ABSOLUTE
    GLCD\GLCD.c                              0x00000000   Number         0  glcd.o ABSOLUTE
    GLCD\\GLCD.c                             0x00000000   Number         0  glcd.o ABSOLUTE
    dc.s                                     0x00000000   Number         0  dc.o ABSOLUTE
    main.c                                   0x00000000   Number         0  main.o ABSOLUTE
    main.c                                   0x00000000   Number         0  main.o ABSOLUTE
    servo.c                                  0x00000000   Number         0  servo.o ABSOLUTE
    servo.c                                  0x00000000   Number         0  servo.o ABSOLUTE
    startup_LPC17xx.s                        0x00000000   Number         0  startup_lpc17xx.o ABSOLUTE
    ultrasonidos.c                           0x00000000   Number         0  ultrasonidos.o ABSOLUTE
    ultrasonidos.c                           0x00000000   Number         0  ultrasonidos.o ABSOLUTE
    !!!main                                  0x000000cc   Section        8  __main.o(!!!main)
    !!!scatter                               0x000000d4   Section       52  __scatter.o(!!!scatter)
    !!handler_copy                           0x00000108   Section       26  __scatter_copy.o(!!handler_copy)
    !!handler_zi                             0x00000124   Section       28  __scatter_zi.o(!!handler_zi)
    .ARM.Collect$$_printf_percent$$00000000  0x00000140   Section        0  _printf_percent.o(.ARM.Collect$$_printf_percent$$00000000)
    .ARM.Collect$$_printf_percent$$00000003  0x00000140   Section        6  _printf_f.o(.ARM.Collect$$_printf_percent$$00000003)
    .ARM.Collect$$_printf_percent$$00000017  0x00000146   Section        4  _printf_percent_end.o(.ARM.Collect$$_printf_percent$$00000017)
    .ARM.Collect$$libinit$$00000000          0x0000014a   Section        2  libinit.o(.ARM.Collect$$libinit$$00000000)
    .ARM.Collect$$libinit$$00000002          0x0000014c   Section        0  libinit2.o(.ARM.Collect$$libinit$$00000002)
    .ARM.Collect$$libinit$$00000008          0x0000014c   Section        0  libinit2.o(.ARM.Collect$$libinit$$00000008)
    .ARM.Collect$$libinit$$0000000A          0x0000014c   Section        0  libinit2.o(.ARM.Collect$$libinit$$0000000A)
    .ARM.Collect$$libinit$$0000000C          0x0000014c   Section        0  libinit2.o(.ARM.Collect$$libinit$$0000000C)
    .ARM.Collect$$libinit$$0000000D          0x0000014c   Section        6  libinit2.o(.ARM.Collect$$libinit$$0000000D)
    .ARM.Collect$$libinit$$0000000F          0x00000152   Section        0  libinit2.o(.ARM.Collect$$libinit$$0000000F)
    .ARM.Collect$$libinit$$00000011          0x00000152   Section        0  libinit2.o(.ARM.Collect$$libinit$$00000011)
    .ARM.Collect$$libinit$$00000013          0x00000152   Section        0  libinit2.o(.ARM.Collect$$libinit$$00000013)
    .ARM.Collect$$libinit$$00000014          0x00000152   Section       10  libinit2.o(.ARM.Collect$$libinit$$00000014)
    .ARM.Collect$$libinit$$00000015          0x0000015c   Section        0  libinit2.o(.ARM.Collect$$libinit$$00000015)
    .ARM.Collect$$libinit$$00000017          0x0000015c   Section        0  libinit2.o(.ARM.Collect$$libinit$$00000017)
    .ARM.Collect$$libinit$$00000019          0x0000015c   Section        0  libinit2.o(.ARM.Collect$$libinit$$00000019)
    .ARM.Collect$$libinit$$0000001B          0x0000015c   Section        0  libinit2.o(.ARM.Collect$$libinit$$0000001B)
    .ARM.Collect$$libinit$$0000001D          0x0000015c   Section        0  libinit2.o(.ARM.Collect$$libinit$$0000001D)
    .ARM.Collect$$libinit$$0000001F          0x0000015c   Section        0  libinit2.o(.ARM.Collect$$libinit$$0000001F)
    .ARM.Collect$$libinit$$00000021          0x0000015c   Section        0  libinit2.o(.ARM.Collect$$libinit$$00000021)
    .ARM.Collect$$libinit$$00000023          0x0000015c   Section        0  libinit2.o(.ARM.Collect$$libinit$$00000023)
    .ARM.Collect$$libinit$$0000002A          0x0000015c   Section        0  libinit2.o(.ARM.Collect$$libinit$$0000002A)
    .ARM.Collect$$libinit$$0000002C          0x0000015c   Section        0  libinit2.o(.ARM.Collect$$libinit$$0000002C)
    .ARM.Collect$$libinit$$0000002E          0x0000015c   Section        0  libinit2.o(.ARM.Collect$$libinit$$0000002E)
    .ARM.Collect$$libinit$$00000030          0x0000015c   Section        0  libinit2.o(.ARM.Collect$$libinit$$00000030)
    .ARM.Collect$$libinit$$00000031          0x0000015c   Section        2  libinit2.o(.ARM.Collect$$libinit$$00000031)
    .ARM.Collect$$libshutdown$$00000000      0x0000015e   Section        2  libshutdown.o(.ARM.Collect$$libshutdown$$00000000)
    .ARM.Collect$$libshutdown$$00000003      0x00000160   Section        0  libshutdown2.o(.ARM.Collect$$libshutdown$$00000003)
    .ARM.Collect$$libshutdown$$00000006      0x00000160   Section        0  libshutdown2.o(.ARM.Collect$$libshutdown$$00000006)
    .ARM.Collect$$libshutdown$$00000009      0x00000160   Section        0  libshutdown2.o(.ARM.Collect$$libshutdown$$00000009)
    .ARM.Collect$$libshutdown$$0000000B      0x00000160   Section        0  libshutdown2.o(.ARM.Collect$$libshutdown$$0000000B)
    .ARM.Collect$$libshutdown$$0000000E      0x00000160   Section        0  libshutdown2.o(.ARM.Collect$$libshutdown$$0000000E)
    .ARM.Collect$$libshutdown$$0000000F      0x00000160   Section        2  libshutdown2.o(.ARM.Collect$$libshutdown$$0000000F)
    .ARM.Collect$$rtentry$$00000000          0x00000162   Section        0  rtentry.o(.ARM.Collect$$rtentry$$00000000)
    .ARM.Collect$$rtentry$$00000002          0x00000162   Section        0  rtentry2.o(.ARM.Collect$$rtentry$$00000002)
    .ARM.Collect$$rtentry$$00000004          0x00000162   Section        6  rtentry4.o(.ARM.Collect$$rtentry$$00000004)
    .ARM.Collect$$rtentry$$00000009          0x00000168   Section        0  rtentry2.o(.ARM.Collect$$rtentry$$00000009)
    .ARM.Collect$$rtentry$$0000000A          0x00000168   Section        4  rtentry2.o(.ARM.Collect$$rtentry$$0000000A)
    .ARM.Collect$$rtentry$$0000000C          0x0000016c   Section        0  rtentry2.o(.ARM.Collect$$rtentry$$0000000C)
    .ARM.Collect$$rtentry$$0000000D          0x0000016c   Section        8  rtentry2.o(.ARM.Collect$$rtentry$$0000000D)
    .ARM.Collect$$rtexit$$00000000           0x00000174   Section        2  rtexit.o(.ARM.Collect$$rtexit$$00000000)
    .ARM.Collect$$rtexit$$00000002           0x00000176   Section        0  rtexit2.o(.ARM.Collect$$rtexit$$00000002)
    .ARM.Collect$$rtexit$$00000003           0x00000176   Section        4  rtexit2.o(.ARM.Collect$$rtexit$$00000003)
    .ARM.Collect$$rtexit$$00000004           0x0000017a   Section        6  rtexit2.o(.ARM.Collect$$rtexit$$00000004)
    .text                                    0x00000180   Section       60  startup_lpc17xx.o(.text)
    .text                                    0x000001bc   Section        0  servo.o(.text)
    .text                                    0x00000268   Section        0  asciilib.o(.text)
    .text                                    0x00000288   Section        0  noretval__2sprintf.o(.text)
    .text                                    0x000002b0   Section        0  heapauxi.o(.text)
    .text                                    0x000002b8   Section        0  _printf_char_common.o(.text)
    _printf_input_char                       0x000002b9   Thumb Code    10  _printf_char_common.o(.text)
    .text                                    0x000002e8   Section        0  _sputc.o(.text)
    .text                                    0x000002f4   Section        8  rt_locale_intlibspace.o(.text)
    .ARM.__at_0x02FC                         0x000002fc   Section        4  startup_lpc17xx.o(.ARM.__at_0x02FC)
    .text                                    0x00000300   Section        0  system_lpc17xx.o(.text)
    .text                                    0x00000618   Section        0  main.o(.text)
    NVIC_SetPriority                         0x00000619   Thumb Code    32  main.o(.text)
    NVIC_EnableIRQ                           0x000008b3   Thumb Code    24  main.o(.text)
    .text                                    0x00000928   Section        0  glcd.o(.text)
    LCD_Configuration                        0x00000929   Thumb Code    44  glcd.o(.text)
    delay_ms                                 0x00000955   Thumb Code    30  glcd.o(.text)
    LCD_BGR2RGB                              0x00003167   Thumb Code    30  glcd.o(.text)
    .text                                    0x000038ac   Section        0  ultrasonidos.o(.text)
    .text                                    0x00003a64   Section      238  lludivv7m.o(.text)
    .text                                    0x00003b52   Section        0  _printf_pad.o(.text)
    .text                                    0x00003ba4   Section        0  __printf_wp.o(.text)
    .text                                    0x00003cb2   Section      138  rt_memcpy_v6.o(.text)
    .text                                    0x00003d3c   Section        0  _printf_fp_dec.o(.text)
    _fp_digits                               0x00003d3f   Thumb Code   426  _printf_fp_dec.o(.text)
    .text                                    0x0000415c   Section      100  rt_memcpy_w.o(.text)
    .text                                    0x000041c0   Section      138  lludiv10.o(.text)
    .text                                    0x0000424c   Section        0  _printf_fp_infnan.o(.text)
    .text                                    0x000042cc   Section        0  bigflt0.o(.text)
    .text                                    0x000043b0   Section        8  libspace.o(.text)
    .text                                    0x000043b8   Section       74  sys_stackheap_outer.o(.text)
    .text                                    0x00004402   Section        0  exit.o(.text)
    .text                                    0x00004410   Section      128  strcmpv7m.o(.text)
    .text                                    0x00004490   Section        0  sys_exit.o(.text)
    .text                                    0x0000449c   Section        2  use_no_semi.o(.text)
    .text                                    0x0000449e   Section        0  indicate_semi.o(.text)
    CL$$btod_d2e                             0x0000449e   Section       62  btod.o(CL$$btod_d2e)
    CL$$btod_d2e_denorm_low                  0x000044dc   Section       70  btod.o(CL$$btod_d2e_denorm_low)
    CL$$btod_d2e_norm_op1                    0x00004522   Section       96  btod.o(CL$$btod_d2e_norm_op1)
    CL$$btod_div_common                      0x00004582   Section      824  btod.o(CL$$btod_div_common)
    CL$$btod_e2e                             0x000048ba   Section      198  btod.o(CL$$btod_e2e)
    CL$$btod_ediv                            0x00004980   Section       40  btod.o(CL$$btod_ediv)
    CL$$btod_emul                            0x000049a8   Section       40  btod.o(CL$$btod_emul)
    CL$$btod_mult_common                     0x000049d0   Section      580  btod.o(CL$$btod_mult_common)
    i.__ARM_fpclassify                       0x00004c14   Section        0  fpclassify.o(i.__ARM_fpclassify)
    i._is_digit                              0x00004c3c   Section        0  __printf_wp.o(i._is_digit)
    locale$$code                             0x00004c4c   Section       44  lc_numeric_c.o(locale$$code)
    x$fpl$d2f                                0x00004c78   Section       98  d2f.o(x$fpl$d2f)
    x$fpl$dadd                               0x00004cdc   Section      336  daddsub_clz.o(x$fpl$dadd)
    _dadd1                                   0x00004ced   Thumb Code     0  daddsub_clz.o(x$fpl$dadd)
    x$fpl$ddiv                               0x00004e2c   Section      688  ddiv.o(x$fpl$ddiv)
    ddiv_entry                               0x00004e33   Thumb Code     0  ddiv.o(x$fpl$ddiv)
    x$fpl$dfixu                              0x000050dc   Section       90  dfixu.o(x$fpl$dfixu)
    x$fpl$dfltu                              0x00005136   Section       38  dflt_clz.o(x$fpl$dfltu)
    x$fpl$dmul                               0x0000515c   Section      340  dmul.o(x$fpl$dmul)
    x$fpl$dnaninf                            0x000052b0   Section      156  dnaninf.o(x$fpl$dnaninf)
    x$fpl$dretinf                            0x0000534c   Section       12  dretinf.o(x$fpl$dretinf)
    x$fpl$dsub                               0x00005358   Section      468  daddsub_clz.o(x$fpl$dsub)
    _dsub1                                   0x00005369   Thumb Code     0  daddsub_clz.o(x$fpl$dsub)
    x$fpl$f2d                                0x0000552c   Section       86  f2d.o(x$fpl$f2d)
    x$fpl$fflt                               0x00005584   Section       48  fflt_clz.o(x$fpl$fflt)
    x$fpl$fnaninf                            0x000055b4   Section      140  fnaninf.o(x$fpl$fnaninf)
    x$fpl$fretinf                            0x00005640   Section       10  fretinf.o(x$fpl$fretinf)
    x$fpl$printf1                            0x0000564a   Section        4  printf1.o(x$fpl$printf1)
    .constdata                               0x0000564e   Section     1520  asciilib.o(.constdata)
    x$fpl$usenofp                            0x0000564e   Section        0  usenofp.o(x$fpl$usenofp)
    AsciiLib                                 0x0000564e   Data        1520  asciilib.o(.constdata)
    .constdata                               0x00005c40   Section      148  bigflt0.o(.constdata)
    tenpwrs_x                                0x00005c40   Data          60  bigflt0.o(.constdata)
    tenpwrs_i                                0x00005c7c   Data          64  bigflt0.o(.constdata)
    locale$$data                             0x00005cf4   Section       28  lc_numeric_c.o(locale$$data)
    __lcnum_c_name                           0x00005cf8   Data           2  lc_numeric_c.o(locale$$data)
    __lcnum_c_start                          0x00005d00   Data           0  lc_numeric_c.o(locale$$data)
    __lcnum_c_point                          0x00005d0c   Data           0  lc_numeric_c.o(locale$$data)
    __lcnum_c_thousands                      0x00005d0e   Data           0  lc_numeric_c.o(locale$$data)
    __lcnum_c_grouping                       0x00005d0f   Data           0  lc_numeric_c.o(locale$$data)
    __lcnum_c_end                            0x00005d10   Data           0  lc_numeric_c.o(locale$$data)
    .data                                    0x10000000   Section        4  system_lpc17xx.o(.data)
    .data                                    0x10000004   Section       13  main.o(.data)
    sentido                                  0x10000010   Data           1  main.o(.data)
    .data                                    0x10000011   Section        1  glcd.o(.data)
    LCD_Code                                 0x10000011   Data           1  glcd.o(.data)
    .data                                    0x10000014   Section        4  ultrasonidos.o(.data)
    t                                        0x10000014   Data           4  ultrasonidos.o(.data)
    .bss                                     0x10000018   Section       96  libspace.o(.bss)
    HEAP                                     0x10000078   Section        0  startup_lpc17xx.o(HEAP)
    STACK                                    0x10000078   Section      512  startup_lpc17xx.o(STACK)
    Heap_Mem                                 0x10000078   Data           0  startup_lpc17xx.o(HEAP)
    Stack_Mem                                0x10000078   Data         512  startup_lpc17xx.o(STACK)
    __initial_sp                             0x10000278   Data           0  startup_lpc17xx.o(STACK)

    Global Symbols

    Symbol Name                              Value     Ov Type        Size  Object(Section)

    BuildAttributes$$THM_ISAv4$P$D$K$B$S$PE$A:L22UL41UL21$X:L11$S22US41US21$IEEE1$IW$USESV6$~STKCKD$USESV7$~SHL$OTIME$ROPI$IEEEJ$EBA8$UX$STANDARDLIB$REQ8$PRES8$EABIv2 0x00000000   Number         0  anon$$obj.o ABSOLUTE
    __ARM_use_no_argv                        0x00000000   Number         0  main.o ABSOLUTE
    __Vectors                                0x00000000   Data           4  startup_lpc17xx.o(RESET)
    _printf_flags                            0x00000000   Number         0  printf_stubs.o ABSOLUTE
    _printf_return_value                     0x00000000   Number         0  printf_stubs.o ABSOLUTE
    _printf_sizespec                         0x00000000   Number         0  printf_stubs.o ABSOLUTE
    _printf_widthprec                        0x00000000   Number         0  printf_stubs.o ABSOLUTE
    __ARM_exceptions_init                     - Undefined Weak Reference
    __alloca_initialize                       - Undefined Weak Reference
    __cpp_initialize__aeabi_                  - Undefined Weak Reference
    __cxa_finalize                            - Undefined Weak Reference
    __sigvec_lookup                           - Undefined Weak Reference
    _atexit_init                              - Undefined Weak Reference
    _call_atexit_fns                          - Undefined Weak Reference
    _clock_init                               - Undefined Weak Reference
    _fp_trap_init                             - Undefined Weak Reference
    _fp_trap_shutdown                         - Undefined Weak Reference
    _get_lc_collate                           - Undefined Weak Reference
    _get_lc_ctype                             - Undefined Weak Reference
    _get_lc_monetary                          - Undefined Weak Reference
    _get_lc_time                              - Undefined Weak Reference
    _getenv_init                              - Undefined Weak Reference
    _handle_redirection                       - Undefined Weak Reference
    _init_alloc                               - Undefined Weak Reference
    _init_user_alloc                          - Undefined Weak Reference
    _initio                                   - Undefined Weak Reference
    _rand_init                                - Undefined Weak Reference
    _signal_finish                            - Undefined Weak Reference
    _signal_init                              - Undefined Weak Reference
    _terminate_alloc                          - Undefined Weak Reference
    _terminate_user_alloc                     - Undefined Weak Reference
    _terminateio                              - Undefined Weak Reference
    __main                                   0x000000cd   Thumb Code     8  __main.o(!!!main)
    __scatterload                            0x000000d5   Thumb Code     0  __scatter.o(!!!scatter)
    __scatterload_rt2                        0x000000d5   Thumb Code    44  __scatter.o(!!!scatter)
    __scatterload_rt2_thumb_only             0x000000d5   Thumb Code     0  __scatter.o(!!!scatter)
    __scatterload_null                       0x000000e3   Thumb Code     0  __scatter.o(!!!scatter)
    __scatterload_copy                       0x00000109   Thumb Code    26  __scatter_copy.o(!!handler_copy)
    __scatterload_zeroinit                   0x00000125   Thumb Code    28  __scatter_zi.o(!!handler_zi)
    _printf_f                                0x00000141   Thumb Code     0  _printf_f.o(.ARM.Collect$$_printf_percent$$00000003)
    _printf_percent                          0x00000141   Thumb Code     0  _printf_percent.o(.ARM.Collect$$_printf_percent$$00000000)
    _printf_percent_end                      0x00000147   Thumb Code     0  _printf_percent_end.o(.ARM.Collect$$_printf_percent$$00000017)
    __rt_lib_init                            0x0000014b   Thumb Code     0  libinit.o(.ARM.Collect$$libinit$$00000000)
    __rt_lib_init_fp_1                       0x0000014d   Thumb Code     0  libinit2.o(.ARM.Collect$$libinit$$00000002)
    __rt_lib_init_heap_1                     0x0000014d   Thumb Code     0  libinit2.o(.ARM.Collect$$libinit$$00000008)
    __rt_lib_init_lc_common                  0x0000014d   Thumb Code     0  libinit2.o(.ARM.Collect$$libinit$$0000000D)
    __rt_lib_init_rand_1                     0x0000014d   Thumb Code     0  libinit2.o(.ARM.Collect$$libinit$$0000000C)
    __rt_lib_init_user_alloc_1               0x0000014d   Thumb Code     0  libinit2.o(.ARM.Collect$$libinit$$0000000A)
    __rt_lib_init_lc_collate_1               0x00000153   Thumb Code     0  libinit2.o(.ARM.Collect$$libinit$$0000000F)
    __rt_lib_init_lc_ctype_1                 0x00000153   Thumb Code     0  libinit2.o(.ARM.Collect$$libinit$$00000011)
    __rt_lib_init_lc_monetary_1              0x00000153   Thumb Code     0  libinit2.o(.ARM.Collect$$libinit$$00000013)
    __rt_lib_init_lc_numeric_2               0x00000153   Thumb Code     0  libinit2.o(.ARM.Collect$$libinit$$00000014)
    __rt_lib_init_alloca_1                   0x0000015d   Thumb Code     0  libinit2.o(.ARM.Collect$$libinit$$0000002C)
    __rt_lib_init_argv_1                     0x0000015d   Thumb Code     0  libinit2.o(.ARM.Collect$$libinit$$0000002A)
    __rt_lib_init_atexit_1                   0x0000015d   Thumb Code     0  libinit2.o(.ARM.Collect$$libinit$$00000019)
    __rt_lib_init_clock_1                    0x0000015d   Thumb Code     0  libinit2.o(.ARM.Collect$$libinit$$0000001F)
    __rt_lib_init_cpp_1                      0x0000015d   Thumb Code     0  libinit2.o(.ARM.Collect$$libinit$$00000030)
    __rt_lib_init_exceptions_1               0x0000015d   Thumb Code     0  libinit2.o(.ARM.Collect$$libinit$$0000002E)
    __rt_lib_init_fp_trap_1                  0x0000015d   Thumb Code     0  libinit2.o(.ARM.Collect$$libinit$$0000001D)
    __rt_lib_init_getenv_1                   0x0000015d   Thumb Code     0  libinit2.o(.ARM.Collect$$libinit$$00000021)
    __rt_lib_init_lc_numeric_1               0x0000015d   Thumb Code     0  libinit2.o(.ARM.Collect$$libinit$$00000015)
    __rt_lib_init_lc_time_1                  0x0000015d   Thumb Code     0  libinit2.o(.ARM.Collect$$libinit$$00000017)
    __rt_lib_init_return                     0x0000015d   Thumb Code     0  libinit2.o(.ARM.Collect$$libinit$$00000031)
    __rt_lib_init_signal_1                   0x0000015d   Thumb Code     0  libinit2.o(.ARM.Collect$$libinit$$0000001B)
    __rt_lib_init_stdio_1                    0x0000015d   Thumb Code     0  libinit2.o(.ARM.Collect$$libinit$$00000023)
    __rt_lib_shutdown                        0x0000015f   Thumb Code     0  libshutdown.o(.ARM.Collect$$libshutdown$$00000000)
    __rt_lib_shutdown_fp_trap_1              0x00000161   Thumb Code     0  libshutdown2.o(.ARM.Collect$$libshutdown$$00000006)
    __rt_lib_shutdown_heap_1                 0x00000161   Thumb Code     0  libshutdown2.o(.ARM.Collect$$libshutdown$$0000000E)
    __rt_lib_shutdown_return                 0x00000161   Thumb Code     0  libshutdown2.o(.ARM.Collect$$libshutdown$$0000000F)
    __rt_lib_shutdown_signal_1               0x00000161   Thumb Code     0  libshutdown2.o(.ARM.Collect$$libshutdown$$00000009)
    __rt_lib_shutdown_stdio_1                0x00000161   Thumb Code     0  libshutdown2.o(.ARM.Collect$$libshutdown$$00000003)
    __rt_lib_shutdown_user_alloc_1           0x00000161   Thumb Code     0  libshutdown2.o(.ARM.Collect$$libshutdown$$0000000B)
    __rt_entry                               0x00000163   Thumb Code     0  rtentry.o(.ARM.Collect$$rtentry$$00000000)
    __rt_entry_presh_1                       0x00000163   Thumb Code     0  rtentry2.o(.ARM.Collect$$rtentry$$00000002)
    __rt_entry_sh                            0x00000163   Thumb Code     0  rtentry4.o(.ARM.Collect$$rtentry$$00000004)
    __rt_entry_li                            0x00000169   Thumb Code     0  rtentry2.o(.ARM.Collect$$rtentry$$0000000A)
    __rt_entry_postsh_1                      0x00000169   Thumb Code     0  rtentry2.o(.ARM.Collect$$rtentry$$00000009)
    __rt_entry_main                          0x0000016d   Thumb Code     0  rtentry2.o(.ARM.Collect$$rtentry$$0000000D)
    __rt_entry_postli_1                      0x0000016d   Thumb Code     0  rtentry2.o(.ARM.Collect$$rtentry$$0000000C)
    __rt_exit                                0x00000175   Thumb Code     0  rtexit.o(.ARM.Collect$$rtexit$$00000000)
    __rt_exit_ls                             0x00000177   Thumb Code     0  rtexit2.o(.ARM.Collect$$rtexit$$00000003)
    __rt_exit_prels_1                        0x00000177   Thumb Code     0  rtexit2.o(.ARM.Collect$$rtexit$$00000002)
    __rt_exit_exit                           0x0000017b   Thumb Code     0  rtexit2.o(.ARM.Collect$$rtexit$$00000004)
    Reset_Handler                            0x00000181   Thumb Code     8  startup_lpc17xx.o(.text)
    NMI_Handler                              0x00000189   Thumb Code     2  startup_lpc17xx.o(.text)
    HardFault_Handler                        0x0000018b   Thumb Code     2  startup_lpc17xx.o(.text)
    MemManage_Handler                        0x0000018d   Thumb Code     2  startup_lpc17xx.o(.text)
    BusFault_Handler                         0x0000018f   Thumb Code     2  startup_lpc17xx.o(.text)
    UsageFault_Handler                       0x00000191   Thumb Code     2  startup_lpc17xx.o(.text)
    SVC_Handler                              0x00000193   Thumb Code     2  startup_lpc17xx.o(.text)
    DebugMon_Handler                         0x00000195   Thumb Code     2  startup_lpc17xx.o(.text)
    PendSV_Handler                           0x00000197   Thumb Code     2  startup_lpc17xx.o(.text)
    SysTick_Handler                          0x00000199   Thumb Code     2  startup_lpc17xx.o(.text)
    ADC_IRQHandler                           0x0000019b   Thumb Code     0  startup_lpc17xx.o(.text)
    BOD_IRQHandler                           0x0000019b   Thumb Code     0  startup_lpc17xx.o(.text)
    CANActivity_IRQHandler                   0x0000019b   Thumb Code     0  startup_lpc17xx.o(.text)
    CAN_IRQHandler                           0x0000019b   Thumb Code     0  startup_lpc17xx.o(.text)
    DMA_IRQHandler                           0x0000019b   Thumb Code     0  startup_lpc17xx.o(.text)
    EINT3_IRQHandler                         0x0000019b   Thumb Code     0  startup_lpc17xx.o(.text)
    ENET_IRQHandler                          0x0000019b   Thumb Code     0  startup_lpc17xx.o(.text)
    I2C0_IRQHandler                          0x0000019b   Thumb Code     0  startup_lpc17xx.o(.text)
    I2C1_IRQHandler                          0x0000019b   Thumb Code     0  startup_lpc17xx.o(.text)
    I2C2_IRQHandler                          0x0000019b   Thumb Code     0  startup_lpc17xx.o(.text)
    I2S_IRQHandler                           0x0000019b   Thumb Code     0  startup_lpc17xx.o(.text)
    MCPWM_IRQHandler                         0x0000019b   Thumb Code     0  startup_lpc17xx.o(.text)
    PLL0_IRQHandler                          0x0000019b   Thumb Code     0  startup_lpc17xx.o(.text)
    PLL1_IRQHandler                          0x0000019b   Thumb Code     0  startup_lpc17xx.o(.text)
    PWM1_IRQHandler                          0x0000019b   Thumb Code     0  startup_lpc17xx.o(.text)
    QEI_IRQHandler                           0x0000019b   Thumb Code     0  startup_lpc17xx.o(.text)
    RIT_IRQHandler                           0x0000019b   Thumb Code     0  startup_lpc17xx.o(.text)
    RTC_IRQHandler                           0x0000019b   Thumb Code     0  startup_lpc17xx.o(.text)
    SPI_IRQHandler                           0x0000019b   Thumb Code     0  startup_lpc17xx.o(.text)
    SSP0_IRQHandler                          0x0000019b   Thumb Code     0  startup_lpc17xx.o(.text)
    SSP1_IRQHandler                          0x0000019b   Thumb Code     0  startup_lpc17xx.o(.text)
    TIMER1_IRQHandler                        0x0000019b   Thumb Code     0  startup_lpc17xx.o(.text)
    TIMER2_IRQHandler                        0x0000019b   Thumb Code     0  startup_lpc17xx.o(.text)
    UART0_IRQHandler                         0x0000019b   Thumb Code     0  startup_lpc17xx.o(.text)
    UART1_IRQHandler                         0x0000019b   Thumb Code     0  startup_lpc17xx.o(.text)
    UART2_IRQHandler                         0x0000019b   Thumb Code     0  startup_lpc17xx.o(.text)
    UART3_IRQHandler                         0x0000019b   Thumb Code     0  startup_lpc17xx.o(.text)
    USBActivity_IRQHandler                   0x0000019b   Thumb Code     0  startup_lpc17xx.o(.text)
    USB_IRQHandler                           0x0000019b   Thumb Code     0  startup_lpc17xx.o(.text)
    WDT_IRQHandler                           0x0000019b   Thumb Code     0  startup_lpc17xx.o(.text)
    __user_initial_stackheap                 0x0000019d   Thumb Code     0  startup_lpc17xx.o(.text)
    config_servo                             0x000001bd   Thumb Code    74  servo.o(.text)
    set_servo                                0x00000207   Thumb Code    64  servo.o(.text)
    GetASCIICode                             0x00000269   Thumb Code    26  asciilib.o(.text)
    __2sprintf                               0x00000289   Thumb Code    34  noretval__2sprintf.o(.text)
    __use_two_region_memory                  0x000002b1   Thumb Code     2  heapauxi.o(.text)
    __rt_heap_escrow$2region                 0x000002b3   Thumb Code     2  heapauxi.o(.text)
    __rt_heap_expand$2region                 0x000002b5   Thumb Code     2  heapauxi.o(.text)
    _printf_char_common                      0x000002c3   Thumb Code    32  _printf_char_common.o(.text)
    _sputc                                   0x000002e9   Thumb Code    10  _sputc.o(.text)
    __rt_locale                              0x000002f5   Thumb Code     8  rt_locale_intlibspace.o(.text)
    SystemCoreClockUpdate                    0x00000301   Thumb Code   424  system_lpc17xx.o(.text)
    SystemInit                               0x000004a9   Thumb Code   290  system_lpc17xx.o(.text)
    config_botones                           0x00000639   Thumb Code    34  main.o(.text)
    config_prioridades                       0x0000065b   Thumb Code    44  main.o(.text)
    EINT0_IRQHandler                         0x00000687   Thumb Code    70  main.o(.text)
    EINT1_IRQHandler                         0x000006cd   Thumb Code    86  main.o(.text)
    EINT2_IRQHandler                         0x00000723   Thumb Code    68  main.o(.text)
    config_timer05                           0x00000767   Thumb Code    56  main.o(.text)
    TIMER0_IRQHandler                        0x0000079f   Thumb Code   170  main.o(.text)
    main                                     0x00000849   Thumb Code   106  main.o(.text)
    LCD_Init                                 0x00000973   Thumb Code  9748  glcd.o(.text)
    LCD_Clear                                0x00002f87   Thumb Code   480  glcd.o(.text)
    LCD_GetPoint                             0x00003185   Thumb Code   864  glcd.o(.text)
    LCD_SetPoint                             0x000034e5   Thumb Code   532  glcd.o(.text)
    LCD_DrawLine                             0x000036f9   Thumb Code   250  glcd.o(.text)
    PutChar                                  0x000037f3   Thumb Code   100  glcd.o(.text)
    GUI_Text                                 0x00003857   Thumb Code    80  glcd.o(.text)
    config_UTS                               0x000038ad   Thumb Code   104  ultrasonidos.o(.text)
    UTS_trigger                              0x00003915   Thumb Code    32  ultrasonidos.o(.text)
    TIMER3_IRQHandler                        0x00003935   Thumb Code   228  ultrasonidos.o(.text)
    __aeabi_uldivmod                         0x00003a65   Thumb Code     0  lludivv7m.o(.text)
    _ll_udiv                                 0x00003a65   Thumb Code   238  lludivv7m.o(.text)
    _printf_pre_padding                      0x00003b53   Thumb Code    46  _printf_pad.o(.text)
    _printf_post_padding                     0x00003b81   Thumb Code    36  _printf_pad.o(.text)
    __printf                                 0x00003ba5   Thumb Code   270  __printf_wp.o(.text)
    __aeabi_memcpy                           0x00003cb3   Thumb Code     0  rt_memcpy_v6.o(.text)
    __rt_memcpy                              0x00003cb3   Thumb Code   138  rt_memcpy_v6.o(.text)
    _memcpy_lastbytes                        0x00003d19   Thumb Code     0  rt_memcpy_v6.o(.text)
    __lib_sel_fp_printf                      0x00003d3d   Thumb Code     2  _printf_fp_dec.o(.text)
    _printf_fp_dec_real                      0x00003ee9   Thumb Code   628  _printf_fp_dec.o(.text)
    __aeabi_memcpy4                          0x0000415d   Thumb Code     0  rt_memcpy_w.o(.text)
    __aeabi_memcpy8                          0x0000415d   Thumb Code     0  rt_memcpy_w.o(.text)
    __rt_memcpy_w                            0x0000415d   Thumb Code   100  rt_memcpy_w.o(.text)
    _memcpy_lastbytes_aligned                0x000041a5   Thumb Code     0  rt_memcpy_w.o(.text)
    _ll_udiv10                               0x000041c1   Thumb Code   138  lludiv10.o(.text)
    _printf_fp_infnan                        0x0000424d   Thumb Code   112  _printf_fp_infnan.o(.text)
    _btod_etento                             0x000042cd   Thumb Code   222  bigflt0.o(.text)
    __user_libspace                          0x000043b1   Thumb Code     8  libspace.o(.text)
    __user_perproc_libspace                  0x000043b1   Thumb Code     0  libspace.o(.text)
    __user_perthread_libspace                0x000043b1   Thumb Code     0  libspace.o(.text)
    __user_setup_stackheap                   0x000043b9   Thumb Code    74  sys_stackheap_outer.o(.text)
    exit                                     0x00004403   Thumb Code    12  exit.o(.text)
    strcmp                                   0x00004411   Thumb Code   128  strcmpv7m.o(.text)
    _sys_exit                                0x00004491   Thumb Code     8  sys_exit.o(.text)
    __I$use$semihosting                      0x0000449d   Thumb Code     0  use_no_semi.o(.text)
    __use_no_semihosting_swi                 0x0000449d   Thumb Code     2  use_no_semi.o(.text)
    __semihosting_library_function           0x0000449f   Thumb Code     0  indicate_semi.o(.text)
    _btod_d2e                                0x0000449f   Thumb Code    62  btod.o(CL$$btod_d2e)
    _d2e_denorm_low                          0x000044dd   Thumb Code    70  btod.o(CL$$btod_d2e_denorm_low)
    _d2e_norm_op1                            0x00004523   Thumb Code    96  btod.o(CL$$btod_d2e_norm_op1)
    __btod_div_common                        0x00004583   Thumb Code   696  btod.o(CL$$btod_div_common)
    _e2e                                     0x000048bb   Thumb Code   198  btod.o(CL$$btod_e2e)
    _btod_ediv                               0x00004981   Thumb Code    40  btod.o(CL$$btod_ediv)
    _btod_emul                               0x000049a9   Thumb Code    40  btod.o(CL$$btod_emul)
    __btod_mult_common                       0x000049d1   Thumb Code   580  btod.o(CL$$btod_mult_common)
    __ARM_fpclassify                         0x00004c15   Thumb Code    40  fpclassify.o(i.__ARM_fpclassify)
    _is_digit                                0x00004c3d   Thumb Code    14  __printf_wp.o(i._is_digit)
    _get_lc_numeric                          0x00004c4d   Thumb Code    44  lc_numeric_c.o(locale$$code)
    __aeabi_d2f                              0x00004c79   Thumb Code     0  d2f.o(x$fpl$d2f)
    _d2f                                     0x00004c79   Thumb Code    98  d2f.o(x$fpl$d2f)
    __aeabi_dadd                             0x00004cdd   Thumb Code     0  daddsub_clz.o(x$fpl$dadd)
    _dadd                                    0x00004cdd   Thumb Code   332  daddsub_clz.o(x$fpl$dadd)
    __aeabi_ddiv                             0x00004e2d   Thumb Code     0  ddiv.o(x$fpl$ddiv)
    _ddiv                                    0x00004e2d   Thumb Code   552  ddiv.o(x$fpl$ddiv)
    __aeabi_d2uiz                            0x000050dd   Thumb Code     0  dfixu.o(x$fpl$dfixu)
    _dfixu                                   0x000050dd   Thumb Code    90  dfixu.o(x$fpl$dfixu)
    __aeabi_ui2d                             0x00005137   Thumb Code     0  dflt_clz.o(x$fpl$dfltu)
    _dfltu                                   0x00005137   Thumb Code    38  dflt_clz.o(x$fpl$dfltu)
    __aeabi_dmul                             0x0000515d   Thumb Code     0  dmul.o(x$fpl$dmul)
    _dmul                                    0x0000515d   Thumb Code   332  dmul.o(x$fpl$dmul)
    __fpl_dnaninf                            0x000052b1   Thumb Code   156  dnaninf.o(x$fpl$dnaninf)
    __fpl_dretinf                            0x0000534d   Thumb Code    12  dretinf.o(x$fpl$dretinf)
    __aeabi_dsub                             0x00005359   Thumb Code     0  daddsub_clz.o(x$fpl$dsub)
    _dsub                                    0x00005359   Thumb Code   464  daddsub_clz.o(x$fpl$dsub)
    __aeabi_f2d                              0x0000552d   Thumb Code     0  f2d.o(x$fpl$f2d)
    _f2d                                     0x0000552d   Thumb Code    86  f2d.o(x$fpl$f2d)
    __aeabi_i2f                              0x00005585   Thumb Code     0  fflt_clz.o(x$fpl$fflt)
    _fflt                                    0x00005585   Thumb Code    48  fflt_clz.o(x$fpl$fflt)
    __fpl_fnaninf                            0x000055b5   Thumb Code   140  fnaninf.o(x$fpl$fnaninf)
    __fpl_fretinf                            0x00005641   Thumb Code    10  fretinf.o(x$fpl$fretinf)
    _printf_fp_dec                           0x0000564b   Thumb Code     4  printf1.o(x$fpl$printf1)
    __I$use$fp                               0x0000564e   Number         0  usenofp.o(x$fpl$usenofp)
    Region$$Table$$Base                      0x00005cd4   Number         0  anon$$obj.o(Region$$Table)
    Region$$Table$$Limit                     0x00005cf4   Number         0  anon$$obj.o(Region$$Table)
    SystemCoreClock                          0x10000000   Data           4  system_lpc17xx.o(.data)
    posicion                                 0x10000004   Data           4  main.o(.data)
    flag_bloqueante                          0x10000008   Data           1  main.o(.data)
    estado                                   0x10000009   Data           1  main.o(.data)
    movimiento                               0x1000000a   Data           1  main.o(.data)
    mediciones                               0x1000000b   Data           1  main.o(.data)
    distancia                                0x1000000c   Data           4  main.o(.data)
    __libspace_start                         0x10000018   Data          96  libspace.o(.bss)
    __temporary_stack_top$libspace           0x10000078   Data           0  libspace.o(.bss)



==============================================================================

Memory Map of the image

  Image Entry point : 0x00000181

  Load Region LR_1 (Base: 0x00000000, Size: 0x00005d28, Max: 0xffffffff, ABSOLUTE)

    Execution Region ER_RO (Base: 0x00000000, Size: 0x00005d10, Max: 0xffffffff, ABSOLUTE)

    Base Addr    Size         Type   Attr      Idx    E Section Name        Object

    0x00000000   0x000000cc   Data   RO            3    RESET               startup_lpc17xx.o
    0x000000cc   0x00000008   Code   RO          239  * !!!main             c_w.l(__main.o)
    0x000000d4   0x00000034   Code   RO          500    !!!scatter          c_w.l(__scatter.o)
    0x00000108   0x0000001a   Code   RO          502    !!handler_copy      c_w.l(__scatter_copy.o)
    0x00000122   0x00000002   PAD
    0x00000124   0x0000001c   Code   RO          504    !!handler_zi        c_w.l(__scatter_zi.o)
    0x00000140   0x00000000   Code   RO          234    .ARM.Collect$$_printf_percent$$00000000  c_w.l(_printf_percent.o)
    0x00000140   0x00000006   Code   RO          233    .ARM.Collect$$_printf_percent$$00000003  c_w.l(_printf_f.o)
    0x00000146   0x00000004   Code   RO          286    .ARM.Collect$$_printf_percent$$00000017  c_w.l(_printf_percent_end.o)
    0x0000014a   0x00000002   Code   RO          376    .ARM.Collect$$libinit$$00000000  c_w.l(libinit.o)
    0x0000014c   0x00000000   Code   RO          378    .ARM.Collect$$libinit$$00000002  c_w.l(libinit2.o)
    0x0000014c   0x00000000   Code   RO          381    .ARM.Collect$$libinit$$00000008  c_w.l(libinit2.o)
    0x0000014c   0x00000000   Code   RO          383    .ARM.Collect$$libinit$$0000000A  c_w.l(libinit2.o)
    0x0000014c   0x00000000   Code   RO          385    .ARM.Collect$$libinit$$0000000C  c_w.l(libinit2.o)
    0x0000014c   0x00000006   Code   RO          386    .ARM.Collect$$libinit$$0000000D  c_w.l(libinit2.o)
    0x00000152   0x00000000   Code   RO          388    .ARM.Collect$$libinit$$0000000F  c_w.l(libinit2.o)
    0x00000152   0x00000000   Code   RO          390    .ARM.Collect$$libinit$$00000011  c_w.l(libinit2.o)
    0x00000152   0x00000000   Code   RO          392    .ARM.Collect$$libinit$$00000013  c_w.l(libinit2.o)
    0x00000152   0x0000000a   Code   RO          393    .ARM.Collect$$libinit$$00000014  c_w.l(libinit2.o)
    0x0000015c   0x00000000   Code   RO          394    .ARM.Collect$$libinit$$00000015  c_w.l(libinit2.o)
    0x0000015c   0x00000000   Code   RO          396    .ARM.Collect$$libinit$$00000017  c_w.l(libinit2.o)
    0x0000015c   0x00000000   Code   RO          398    .ARM.Collect$$libinit$$00000019  c_w.l(libinit2.o)
    0x0000015c   0x00000000   Code   RO          400    .ARM.Collect$$libinit$$0000001B  c_w.l(libinit2.o)
    0x0000015c   0x00000000   Code   RO          402    .ARM.Collect$$libinit$$0000001D  c_w.l(libinit2.o)
    0x0000015c   0x00000000   Code   RO          404    .ARM.Collect$$libinit$$0000001F  c_w.l(libinit2.o)
    0x0000015c   0x00000000   Code   RO          406    .ARM.Collect$$libinit$$00000021  c_w.l(libinit2.o)
    0x0000015c   0x00000000   Code   RO          408    .ARM.Collect$$libinit$$00000023  c_w.l(libinit2.o)
    0x0000015c   0x00000000   Code   RO          412    .ARM.Collect$$libinit$$0000002A  c_w.l(libinit2.o)
    0x0000015c   0x00000000   Code   RO          414    .ARM.Collect$$libinit$$0000002C  c_w.l(libinit2.o)
    0x0000015c   0x00000000   Code   RO          416    .ARM.Collect$$libinit$$0000002E  c_w.l(libinit2.o)
    0x0000015c   0x00000000   Code   RO          418    .ARM.Collect$$libinit$$00000030  c_w.l(libinit2.o)
    0x0000015c   0x00000002   Code   RO          419    .ARM.Collect$$libinit$$00000031  c_w.l(libinit2.o)
    0x0000015e   0x00000002   Code   RO          466    .ARM.Collect$$libshutdown$$00000000  c_w.l(libshutdown.o)
    0x00000160   0x00000000   Code   RO          485    .ARM.Collect$$libshutdown$$00000003  c_w.l(libshutdown2.o)
    0x00000160   0x00000000   Code   RO          488    .ARM.Collect$$libshutdown$$00000006  c_w.l(libshutdown2.o)
    0x00000160   0x00000000   Code   RO          491    .ARM.Collect$$libshutdown$$00000009  c_w.l(libshutdown2.o)
    0x00000160   0x00000000   Code   RO          493    .ARM.Collect$$libshutdown$$0000000B  c_w.l(libshutdown2.o)
    0x00000160   0x00000000   Code   RO          496    .ARM.Collect$$libshutdown$$0000000E  c_w.l(libshutdown2.o)
    0x00000160   0x00000002   Code   RO          497    .ARM.Collect$$libshutdown$$0000000F  c_w.l(libshutdown2.o)
    0x00000162   0x00000000   Code   RO          275    .ARM.Collect$$rtentry$$00000000  c_w.l(rtentry.o)
    0x00000162   0x00000000   Code   RO          299    .ARM.Collect$$rtentry$$00000002  c_w.l(rtentry2.o)
    0x00000162   0x00000006   Code   RO          311    .ARM.Collect$$rtentry$$00000004  c_w.l(rtentry4.o)
    0x00000168   0x00000000   Code   RO          301    .ARM.Collect$$rtentry$$00000009  c_w.l(rtentry2.o)
    0x00000168   0x00000004   Code   RO          302    .ARM.Collect$$rtentry$$0000000A  c_w.l(rtentry2.o)
    0x0000016c   0x00000000   Code   RO          304    .ARM.Collect$$rtentry$$0000000C  c_w.l(rtentry2.o)
    0x0000016c   0x00000008   Code   RO          305    .ARM.Collect$$rtentry$$0000000D  c_w.l(rtentry2.o)
    0x00000174   0x00000002   Code   RO          420    .ARM.Collect$$rtexit$$00000000  c_w.l(rtexit.o)
    0x00000176   0x00000000   Code   RO          435    .ARM.Collect$$rtexit$$00000002  c_w.l(rtexit2.o)
    0x00000176   0x00000004   Code   RO          436    .ARM.Collect$$rtexit$$00000003  c_w.l(rtexit2.o)
    0x0000017a   0x00000006   Code   RO          437    .ARM.Collect$$rtexit$$00000004  c_w.l(rtexit2.o)
    0x00000180   0x0000003c   Code   RO            5  * .text               startup_lpc17xx.o
    0x000001bc   0x000000ac   Code   RO          105    .text               servo.o
    0x00000268   0x00000020   Code   RO          158    .text               asciilib.o
    0x00000288   0x00000028   Code   RO          207    .text               c_w.l(noretval__2sprintf.o)
    0x000002b0   0x00000006   Code   RO          237    .text               c_w.l(heapauxi.o)
    0x000002b6   0x00000002   PAD
    0x000002b8   0x00000030   Code   RO          282    .text               c_w.l(_printf_char_common.o)
    0x000002e8   0x0000000a   Code   RO          284    .text               c_w.l(_sputc.o)
    0x000002f2   0x00000002   PAD
    0x000002f4   0x00000008   Code   RO          318    .text               c_w.l(rt_locale_intlibspace.o)
    0x000002fc   0x00000004   Code   RO            4    .ARM.__at_0x02FC    startup_lpc17xx.o
    0x00000300   0x00000318   Code   RO           15    .text               system_lpc17xx.o
    0x00000618   0x00000310   Code   RO           58    .text               main.o
    0x00000928   0x00002f84   Code   RO          129    .text               glcd.o
    0x000038ac   0x000001b8   Code   RO          174    .text               ultrasonidos.o
    0x00003a64   0x000000ee   Code   RO          203    .text               c_w.l(lludivv7m.o)
    0x00003b52   0x00000052   Code   RO          211    .text               c_w.l(_printf_pad.o)
    0x00003ba4   0x0000010e   Code   RO          221    .text               c_w.l(__printf_wp.o)
    0x00003cb2   0x0000008a   Code   RO          235    .text               c_w.l(rt_memcpy_v6.o)
    0x00003d3c   0x00000420   Code   RO          280    .text               c_w.l(_printf_fp_dec.o)
    0x0000415c   0x00000064   Code   RO          287    .text               c_w.l(rt_memcpy_w.o)
    0x000041c0   0x0000008a   Code   RO          320    .text               c_w.l(lludiv10.o)
    0x0000424a   0x00000002   PAD
    0x0000424c   0x00000080   Code   RO          322    .text               c_w.l(_printf_fp_infnan.o)
    0x000042cc   0x000000e4   Code   RO          326    .text               c_w.l(bigflt0.o)
    0x000043b0   0x00000008   Code   RO          358    .text               c_w.l(libspace.o)
    0x000043b8   0x0000004a   Code   RO          361    .text               c_w.l(sys_stackheap_outer.o)
    0x00004402   0x0000000c   Code   RO          363    .text               c_w.l(exit.o)
    0x0000440e   0x00000002   PAD
    0x00004410   0x00000080   Code   RO          369    .text               c_w.l(strcmpv7m.o)
    0x00004490   0x0000000c   Code   RO          432    .text               c_w.l(sys_exit.o)
    0x0000449c   0x00000002   Code   RO          453    .text               c_w.l(use_no_semi.o)
    0x0000449e   0x00000000   Code   RO          455    .text               c_w.l(indicate_semi.o)
    0x0000449e   0x0000003e   Code   RO          329    CL$$btod_d2e        c_w.l(btod.o)
    0x000044dc   0x00000046   Code   RO          331    CL$$btod_d2e_denorm_low  c_w.l(btod.o)
    0x00004522   0x00000060   Code   RO          330    CL$$btod_d2e_norm_op1  c_w.l(btod.o)
    0x00004582   0x00000338   Code   RO          339    CL$$btod_div_common  c_w.l(btod.o)
    0x000048ba   0x000000c6   Code   RO          336    CL$$btod_e2e        c_w.l(btod.o)
    0x00004980   0x00000028   Code   RO          333    CL$$btod_ediv       c_w.l(btod.o)
    0x000049a8   0x00000028   Code   RO          332    CL$$btod_emul       c_w.l(btod.o)
    0x000049d0   0x00000244   Code   RO          338    CL$$btod_mult_common  c_w.l(btod.o)
    0x00004c14   0x00000028   Code   RO          356    i.__ARM_fpclassify  m_ws.l(fpclassify.o)
    0x00004c3c   0x0000000e   Code   RO          223    i._is_digit         c_w.l(__printf_wp.o)
    0x00004c4a   0x00000002   PAD
    0x00004c4c   0x0000002c   Code   RO          352    locale$$code        c_w.l(lc_numeric_c.o)
    0x00004c78   0x00000062   Code   RO          241    x$fpl$d2f           fz_ws.l(d2f.o)
    0x00004cda   0x00000002   PAD
    0x00004cdc   0x00000150   Code   RO          243    x$fpl$dadd          fz_ws.l(daddsub_clz.o)
    0x00004e2c   0x000002b0   Code   RO          250    x$fpl$ddiv          fz_ws.l(ddiv.o)
    0x000050dc   0x0000005a   Code   RO          253    x$fpl$dfixu         fz_ws.l(dfixu.o)
    0x00005136   0x00000026   Code   RO          257    x$fpl$dfltu         fz_ws.l(dflt_clz.o)
    0x0000515c   0x00000154   Code   RO          263    x$fpl$dmul          fz_ws.l(dmul.o)
    0x000052b0   0x0000009c   Code   RO          289    x$fpl$dnaninf       fz_ws.l(dnaninf.o)
    0x0000534c   0x0000000c   Code   RO          291    x$fpl$dretinf       fz_ws.l(dretinf.o)
    0x00005358   0x000001d4   Code   RO          245    x$fpl$dsub          fz_ws.l(daddsub_clz.o)
    0x0000552c   0x00000056   Code   RO          265    x$fpl$f2d           fz_ws.l(f2d.o)
    0x00005582   0x00000002   PAD
    0x00005584   0x00000030   Code   RO          268    x$fpl$fflt          fz_ws.l(fflt_clz.o)
    0x000055b4   0x0000008c   Code   RO          293    x$fpl$fnaninf       fz_ws.l(fnaninf.o)
    0x00005640   0x0000000a   Code   RO          295    x$fpl$fretinf       fz_ws.l(fretinf.o)
    0x0000564a   0x00000004   Code   RO          273    x$fpl$printf1       fz_ws.l(printf1.o)
    0x0000564e   0x00000000   Code   RO          297    x$fpl$usenofp       fz_ws.l(usenofp.o)
    0x0000564e   0x000005f0   Data   RO          159    .constdata          asciilib.o
    0x00005c3e   0x00000002   PAD
    0x00005c40   0x00000094   Data   RO          327    .constdata          c_w.l(bigflt0.o)
    0x00005cd4   0x00000020   Data   RO          498    Region$$Table       anon$$obj.o
    0x00005cf4   0x0000001c   Data   RO          351    locale$$data        c_w.l(lc_numeric_c.o)


    Execution Region ER_RW (Base: 0x10000000, Size: 0x00000018, Max: 0xffffffff, ABSOLUTE)

    Base Addr    Size         Type   Attr      Idx    E Section Name        Object

    0x10000000   0x00000004   Data   RW           16    .data               system_lpc17xx.o
    0x10000004   0x0000000d   Data   RW           59    .data               main.o
    0x10000011   0x00000001   Data   RW          130    .data               glcd.o
    0x10000012   0x00000002   PAD
    0x10000014   0x00000004   Data   RW          175    .data               ultrasonidos.o


    Execution Region ER_ZI (Base: 0x10000018, Size: 0x00000260, Max: 0xffffffff, ABSOLUTE)

    Base Addr    Size         Type   Attr      Idx    E Section Name        Object

    0x10000018   0x00000060   Zero   RW          359    .bss                c_w.l(libspace.o)
    0x10000078   0x00000000   Zero   RW            2    HEAP                startup_lpc17xx.o
    0x10000078   0x00000200   Zero   RW            1    STACK               startup_lpc17xx.o


==============================================================================

Image component sizes


      Code (inc. data)   RO Data    RW Data    ZI Data      Debug   Object Name

        32          6       1520          0          0        831   asciilib.o
     12164         62          0          1          0      34061   glcd.o
       784         94          0         13          0      42550   main.o
       172         34          0          0          0        581   servo.o
        64         26        204          0        512        864   startup_lpc17xx.o
       792         78          0          4          0       5233   system_lpc17xx.o
       440         76          0          4          0      24610   ultrasonidos.o

    ----------------------------------------------------------------------
     14448        376       1758         24        512     108730   Object Totals
         0          0         32          0          0          0   (incl. Generated)
         0          0          2          2          0          0   (incl. Padding)

    ----------------------------------------------------------------------

      Code (inc. data)   RO Data    RW Data    ZI Data      Debug   Library Member Name

         8          0          0          0          0         68   __main.o
       284          0          0          0          0        156   __printf_wp.o
        52          8          0          0          0          0   __scatter.o
        26          0          0          0          0          0   __scatter_copy.o
        28          0          0          0          0          0   __scatter_zi.o
        48          6          0          0          0         96   _printf_char_common.o
         6          0          0          0          0          0   _printf_f.o
      1056          0          0          0          0        216   _printf_fp_dec.o
       128         16          0          0          0         84   _printf_fp_infnan.o
        82          0          0          0          0        108   _printf_pad.o
         0          0          0          0          0          0   _printf_percent.o
         4          0          0          0          0          0   _printf_percent_end.o
        10          0          0          0          0         68   _sputc.o
       228          6        148          0          0         96   bigflt0.o
      1910        128          0          0          0        672   btod.o
        12          0          0          0          0         72   exit.o
         6          0          0          0          0        152   heapauxi.o
         0          0          0          0          0          0   indicate_semi.o
        44         10         28          0          0         76   lc_numeric_c.o
         2          0          0          0          0          0   libinit.o
        18          0          0          0          0          0   libinit2.o
         2          0          0          0          0          0   libshutdown.o
         2          0          0          0          0          0   libshutdown2.o
         8          4          0          0         96         68   libspace.o
       138          0          0          0          0         80   lludiv10.o
       238          0          0          0          0        100   lludivv7m.o
        40          6          0          0          0         84   noretval__2sprintf.o
         8          4          0          0          0         68   rt_locale_intlibspace.o
       138          0          0          0          0         68   rt_memcpy_v6.o
       100          0          0          0          0         80   rt_memcpy_w.o
         0          0          0          0          0          0   rtentry.o
        12          0          0          0          0          0   rtentry2.o
         6          0          0          0          0          0   rtentry4.o
         2          0          0          0          0          0   rtexit.o
        10          0          0          0          0          0   rtexit2.o
       128          0          0          0          0         68   strcmpv7m.o
        12          4          0          0          0         68   sys_exit.o
        74          0          0          0          0         80   sys_stackheap_outer.o
         2          0          0          0          0         68   use_no_semi.o
        98          4          0          0          0         92   d2f.o
       804         16          0          0          0        272   daddsub_clz.o
       688        140          0          0          0        208   ddiv.o
        90          4          0          0          0         92   dfixu.o
        38          0          0          0          0         68   dflt_clz.o
       340         12          0          0          0        104   dmul.o
       156          4          0          0          0         92   dnaninf.o
        12          0          0          0          0         68   dretinf.o
        86          4          0          0          0         84   f2d.o
        48          0          0          0          0         68   fflt_clz.o
       140          4          0          0          0         84   fnaninf.o
        10          0          0          0          0         68   fretinf.o
         4          0          0          0          0         68   printf1.o
         0          0          0          0          0          0   usenofp.o
        40          0          0          0          0         68   fpclassify.o

    ----------------------------------------------------------------------
      7442        380        176          0         96       4132   Library Totals
        16          0          0          0          0          0   (incl. Padding)

    ----------------------------------------------------------------------

      Code (inc. data)   RO Data    RW Data    ZI Data      Debug   Library Name

      4872        192        176          0         96       2696   c_w.l
      2514        188          0          0          0       1368   fz_ws.l
        40          0          0          0          0         68   m_ws.l

    ----------------------------------------------------------------------
      7442        380        176          0         96       4132   Library Totals

    ----------------------------------------------------------------------

==============================================================================


      Code (inc. data)   RO Data    RW Data    ZI Data      Debug   

     21890        756       1934         24        608     110002   Grand Totals
     21890        756       1934         24        608     110002   ELF Image Totals
     21890        756       1934         24          0          0   ROM Totals

==============================================================================

    Total RO  Size (Code + RO Data)                23824 (  23.27kB)
    Total RW  Size (RW Data + ZI Data)               632 (   0.62kB)
    Total ROM Size (Code + RO Data + RW Data)      23848 (  23.29kB)

==============================================================================

